ARM Linker, RVCT2.2 [Build 616]

================================================================================

Image Symbol Table

    Local Symbols

    Symbol Name                              Value     Ov Type        Size  Object(Section)

    ../../unhosted.s                         0x00000000   Number         0  switch8.o ABSOLUTE
    \EPOC32\BUILD\src\cedar\generic\base\e32\euser\EDLL\ARMV5\urel\uc_dll_.cpp 0x00000000   Number         0  uc_dll_.o ABSOLUTE
    \\EPOC32\\BUILD\\src\\cedar\\generic\\base\\e32\\euser\\EDLL\\ARMV5\\urel\\uc_dll_.cpp 0x00000000   Number         0  uc_dll_.o ABSOLUTE
    \\src\\cedar\\generic\\base\\e32\\compsupp\\RVCT2_2\\ucppinit_aeabi.cpp 0x00000000   Number         0  ucppinit_aeabi.o ABSOLUTE
    \src\cedar\generic\base\e32\compsupp\RVCT2_2\dllexp.cpp 0x00000000   Number         0  dllexp.o ABSOLUTE
    \src\cedar\generic\base\e32\compsupp\RVCT2_2\ucppinit_aeabi.cpp 0x00000000   Number         0  ucppinit_aeabi.o ABSOLUTE
    \src\cedar\generic\base\e32\euser\epoc\arm\uc_dll.cpp 0x00000000   Number         0  uc_dll.o ABSOLUTE
    \src\common\generic\app-framework\apparc\apfile\apfmimecontentpolicy.cpp 0x00000000   Number         0  apfmimecontentpolicy.o ABSOLUTE
    \src\common\generic\app-framework\apparc\apfile\apfrec.cpp 0x00000000   Number         0  APFREC.o ABSOLUTE
    \src\common\generic\app-framework\apparc\apfile\apfstd.cpp 0x00000000   Number         0  APFSTD.o ABSOLUTE
    \src\common\generic\app-framework\apparc\apfile\aplaunchchecker.cpp 0x00000000   Number         0  ApLaunchChecker.o ABSOLUTE
    \src\common\generic\app-framework\apparc\apfile\aprfndr.cpp 0x00000000   Number         0  aprfndr.o ABSOLUTE
    \src\common\generic\app-framework\apparc\apfile\aprulebased.cpp 0x00000000   Number         0  APRuleBased.o ABSOLUTE
    \src\common\generic\app-framework\apparc\apfile\apsidchecker.cpp 0x00000000   Number         0  ApSidChecker.o ABSOLUTE
    \src\common\generic\app-framework\apparc\apfile\apuninstallmonitor.cpp 0x00000000   Number         0  apuninstallmonitor.o ABSOLUTE
    .emb_text                                0x00008000   Section       40  uc_dll_.o(.emb_text)
    .emb_text                                0x00008028   Section       72  ucppinit_aeabi.o(.emb_text)
    skip                                     0x0000803c   ARM Code       0  ucppinit_aeabi.o(.emb_text)
    loop                                     0x0000804c   ARM Code       0  ucppinit_aeabi.o(.emb_text)
    fpinit                                   0x00008064   Data           0  ucppinit_aeabi.o(.emb_text)
    base                                     0x00008068   Data           0  ucppinit_aeabi.o(.emb_text)
    limit                                    0x0000806c   Data           0  ucppinit_aeabi.o(.emb_text)
    .text                                    0x00008450   Section     1396  APFREC.o(.text)
    .text                                    0x000089c4   Section       16  APFSTD.o(.text)
    .text                                    0x000089d4   Section     1344  aprfndr.o(.text)
    .text                                    0x00008f14   Section      524  APRuleBased.o(.text)
    .text                                    0x00009120   Section       60  ApLaunchChecker.o(.text)
    .text                                    0x0000915c   Section      388  ApSidChecker.o(.text)
    .text                                    0x000092e0   Section      340  apuninstallmonitor.o(.text)
    .text                                    0x00009434   Section     1064  apfmimecontentpolicy.o(.text)
    .text                                    0x0000985c   Section       24  switch8.o(.text)
    .text                                    0x00009874   Section       40  uc_dll.o(.text)
    .text                                    0x0000989c   Section        4  dllexp.o(.text)
    .text.clean                              0x000098a0   Section       68  APFREC.o(.text.clean)
    .text.clean                              0x000098e4   Section       28  aprfndr.o(.text.clean)
    .text.clean                              0x00009900   Section       38  APRuleBased.o(.text.clean)
    .text.clean                              0x00009926   Section       10  ApLaunchChecker.o(.text.clean)
    .text.clean                              0x00009930   Section       28  ApSidChecker.o(.text.clean)
    .text.clean                              0x0000994c   Section       28  apuninstallmonitor.o(.text.clean)
    .text.clean                              0x00009968   Section       30  apfmimecontentpolicy.o(.text.clean)
    i._ZN13CArrayFixFlatIN26CApaScanningFileRecognizer11TRecognizerEED0Ev 0x00009986   Section       16  APFREC.o(i._ZN13CArrayFixFlatIN26CApaScanningFileRecognizer11TRecognizerEED0Ev)
    i._ZN13CArrayFixFlatIN26CApaScanningFileRecognizer11TRecognizerEED1Ev 0x00009996   Section        8  APFREC.o(i._ZN13CArrayFixFlatIN26CApaScanningFileRecognizer11TRecognizerEED1Ev)
    i._ZN7TPtrC163SetERK7TDesC16             0x0000999e   Section       28  aprfndr.o(i._ZN7TPtrC163SetERK7TDesC16)
    i._ZN7TPtrC163SetERK7TDesC16.clean       0x000099ba   Section       12  aprfndr.o(i._ZN7TPtrC163SetERK7TDesC16.clean)
    i._ZN9CArrayFixIN26CApaScanningFileRecognizer11TRecognizerEED1Ev 0x000099c6   Section        8  APFREC.o(i._ZN9CArrayFixIN26CApaScanningFileRecognizer11TRecognizerEED1Ev)
    i._ZdlPvS_                               0x000099ce   Section        2  aprfndr.o(i._ZdlPvS_)
    i._ZnwjPv                                0x000099d0   Section        4  aprfndr.o(i._ZnwjPv)
    t._ZN12CleanupCloseI13RResourceFileE5CloseEPv 0x000099d4   Section        8  apfmimecontentpolicy.o(t._ZN12CleanupCloseI13RResourceFileE5CloseEPv)
    t._ZN12CleanupCloseI5RFileE5CloseEPv     0x000099dc   Section        8  apfmimecontentpolicy.o(t._ZN12CleanupCloseI5RFileE5CloseEPv)
    t._ZN13RPointerArrayI7HBufC16EixEi       0x000099e4   Section        8  aprfndr.o(t._ZN13RPointerArrayI7HBufC16EixEi)
    t._ZN6RArrayI14TDriveUnitInfoEixEi       0x000099ec   Section        8  aprfndr.o(t._ZN6RArrayI14TDriveUnitInfoEixEi)
    t._ZNK13RPointerArrayI16CApaRuleBasedDllE5CountEv 0x000099f4   Section        8  APRuleBased.o(t._ZNK13RPointerArrayI16CApaRuleBasedDllE5CountEv)
    .extab._ZN26CApaScanningFileRecognizer19LoadEcomRecognizerLER10TDriveUnit4TUid 0x000099fc   Data           0  APFREC.o(.ARM.extab)
    .extab._ZN26CApaScanningFileRecognizer23ScanForEcomRecognizersLEv 0x00009a24   Data           0  APFREC.o(.ARM.extab)
    .extab._ZN26CApaScanningFileRecognizer27CApaBackupOperationObserverC1ERS_ 0x00009a4c   Data           0  APFREC.o(.ARM.extab)
    .extab._ZN26CApaScanningFileRecognizerD1Ev 0x00009a7c   Data           0  APFREC.o(.ARM.extab)
    .extab._ZN26CApaScanningFileRecognizer27SetEcomRecognizersFromListLERK13CArrayFixFlatINS_11TRecognizerEE 0x00009a8c   Data           0  APFREC.o(.ARM.extab)
    .extab._ZN26CApaScanningFileRecognizer27CApaBackupOperationObserverD1Ev 0x00009ab4   Data           0  APFREC.o(.ARM.extab)
    .extab._ZN17CApaRecognizerDllD1Ev        0x00009ac4   Data           0  APFREC.o(.ARM.extab)
    .extab._ZN16CApaAppRegFinderC1ERK3RFs    0x00009ad4   Data           0  aprfndr.o(.ARM.extab)
    .extab._ZN16CApaAppRegFinderD1Ev         0x00009ae4   Data           0  aprfndr.o(.ARM.extab)
    .extab._ZN16CApaAppRegFinder7DoNextLER12TApaAppEntryRK13RPointerArrayI7HBufC16ERi 0x00009af4   Data           0  aprfndr.o(.ARM.extab)
    .extab._ZN7TPtrC163SetERK7TDesC16        0x00009b1c   Data           0  aprfndr.o(.ARM.extab)
    .extab._ZN28CApaScanningRuleBasedPlugIns24LoadEcomRuleBasedPlugInLE4TUid 0x00009b2c   Data           0  APRuleBased.o(.ARM.extab)
    .extab._ZN28CApaScanningRuleBasedPlugIns4NewLEv 0x00009b54   Data           0  APRuleBased.o(.ARM.extab)
    .extab._ZN28CApaScanningRuleBasedPlugInsD1Ev 0x00009b64   Data           0  APRuleBased.o(.ARM.extab)
    .extab._ZN16CApaRuleBasedDllD1Ev         0x00009b74   Data           0  APRuleBased.o(.ARM.extab)
    .extab._ZN17CAppLaunchCheckerD2Ev        0x00009b84   Data           0  ApLaunchChecker.o(.ARM.extab)
    .extab._ZN14CAppSidChecker17CheckerForAppTypeERK4TUid 0x00009b94   Data           0  ApSidChecker.o(.ARM.extab)
    .extab._ZN14CAppSidCheckerD2Ev           0x00009bc4   Data           0  ApSidChecker.o(.ARM.extab)
    .extab._ZN23CApaAppUnInstallMonitorC1EP17CApaAppListServer 0x00009bd4   Data           0  apuninstallmonitor.o(.ARM.extab)
    .extab._ZN23CApaAppUnInstallMonitorD1Ev  0x00009be4   Data           0  apuninstallmonitor.o(.ARM.extab)
    .extab._ZN23CApaAppUnInstallMonitor4RunLEv 0x00009bf4   Data           0  apuninstallmonitor.o(.ARM.extab)
    .extab._ZN25CApfMimeContentPolicyImplC1Ev 0x00009c24   Data           0  apfmimecontentpolicy.o(.ARM.extab)
    .extab._ZN21CApfMimeContentPolicyD1Ev    0x00009c34   Data           0  apfmimecontentpolicy.o(.ARM.extab)
    .extab._ZNK25CApfMimeContentPolicyImpl13IsClosedFileLER5RFileRK7TDesC16 0x00009c44   Data           0  apfmimecontentpolicy.o(.ARM.extab)
    .extab._ZN25CApfMimeContentPolicyImplD1Ev 0x00009c50   Data           0  apfmimecontentpolicy.o(.ARM.extab)
    .constdata$1                             0x00009c60   Data           0  APFREC.o(.constdata)
    KUidFileRecogInterfaceUid                0x00009c60   Data           4  APFREC.o(.constdata)
    .constdata                               0x00009c60   Section       12  APFREC.o(.constdata)
    KNullDesC                                0x00009c64   Data           8  APFREC.o(.constdata)
    .constdata$1                             0x00009c6c   Data           0  APFSTD.o(.constdata)
    KAppFilePanic@_Z5Panic9TApfPanic_0       0x00009c6c   Data          20  APFSTD.o(.constdata)
    .constdata                               0x00009c6c   Section       20  APFSTD.o(.constdata)
    .constdata$1                             0x00009c80   Data           0  aprfndr.o(.constdata)
    KAppRegRscSearchAnyFile                  0x00009c80   Data           8  aprfndr.o(.constdata)
    .constdata                               0x00009c80   Section      232  aprfndr.o(.constdata)
    KAppRegRscSearchPath                     0x00009c88   Data          52  aprfndr.o(.constdata)
    KAppRegRscImportSearchPath               0x00009cbc   Data          68  aprfndr.o(.constdata)
    KAppRegRscImportNonNativeSearchPath      0x00009d00   Data         104  aprfndr.o(.constdata)
    .constdata$1                             0x00009d68   Data           0  APRuleBased.o(.constdata)
    KUidRuleBasedInterfaceUid                0x00009d68   Data           4  APRuleBased.o(.constdata)
    .constdata                               0x00009d68   Section        4  APRuleBased.o(.constdata)
    .constdata$1                             0x00009d6c   Data           0  ApSidChecker.o(.constdata)
    KAppSidCheckerInterfaceUid               0x00009d6c   Data           4  ApSidChecker.o(.constdata)
    .constdata                               0x00009d6c   Section        4  ApSidChecker.o(.constdata)
    .constdata$1                             0x00009d70   Data           0  apuninstallmonitor.o(.constdata)
    KUidSystemCategory                       0x00009d70   Data           4  apuninstallmonitor.o(.constdata)
    .constdata                               0x00009d70   Section        4  apuninstallmonitor.o(.constdata)
    .constdata$1                             0x00009d74   Data           0  apfmimecontentpolicy.o(.constdata)
    KCEResourceFile                          0x00009d74   Data          88  apfmimecontentpolicy.o(.constdata)
    .constdata                               0x00009d74   Section       88  apfmimecontentpolicy.o(.constdata)
    .constdata__ZTI13CArrayFixFlatIN26CApaScanningFileRecognizer11TRecognizerEE 0x00009dcc   Section       12  APFREC.o(.constdata__ZTI13CArrayFixFlatIN26CApaScanningFileRecognizer11TRecognizerEE)
    .constdata__ZTI14CAppSidChecker          0x00009dd8   Section       12  ApSidChecker.o(.constdata__ZTI14CAppSidChecker)
    .constdata__ZTI16CApaAppRegFinder        0x00009de4   Section       12  aprfndr.o(.constdata__ZTI16CApaAppRegFinder)
    .constdata__ZTI16CApaRuleBasedDll        0x00009df0   Section       12  APRuleBased.o(.constdata__ZTI16CApaRuleBasedDll)
    .constdata__ZTI17CApaRecognizerDll       0x00009dfc   Section       12  APFREC.o(.constdata__ZTI17CApaRecognizerDll)
    .constdata__ZTI17CAppLaunchChecker       0x00009e08   Section       12  ApLaunchChecker.o(.constdata__ZTI17CAppLaunchChecker)
    .constdata__ZTI21CApfMimeContentPolicy   0x00009e14   Section       12  apfmimecontentpolicy.o(.constdata__ZTI21CApfMimeContentPolicy)
    .constdata__ZTI23CApaAppUnInstallMonitor 0x00009e20   Section       12  apuninstallmonitor.o(.constdata__ZTI23CApaAppUnInstallMonitor)
    .constdata__ZTI25CApfMimeContentPolicyImpl 0x00009e2c   Section       12  apfmimecontentpolicy.o(.constdata__ZTI25CApfMimeContentPolicyImpl)
    .constdata__ZTI26CApaScanningFileRecognizer 0x00009e38   Section       12  APFREC.o(.constdata__ZTI26CApaScanningFileRecognizer)
    .constdata__ZTI28CApaScanningRuleBasedPlugIns 0x00009e44   Section       12  APRuleBased.o(.constdata__ZTI28CApaScanningRuleBasedPlugIns)
    .constdata__ZTI9CArrayFixIN26CApaScanningFileRecognizer11TRecognizerEE 0x00009e50   Section       12  APFREC.o(.constdata__ZTI9CArrayFixIN26CApaScanningFileRecognizer11TRecognizerEE)
    .constdata__ZTIN26CApaScanningFileRecognizer27CApaBackupOperationObserverE 0x00009e5c   Section       32  APFREC.o(.constdata__ZTIN26CApaScanningFileRecognizer27CApaBackupOperationObserverE)
    .constdata__ZTS13CArrayFixFlatIN26CApaScanningFileRecognizer11TRecognizerEE 0x00009e7c   Section       61  APFREC.o(.constdata__ZTS13CArrayFixFlatIN26CApaScanningFileRecognizer11TRecognizerEE)
    .constdata__ZTS14CAppSidChecker          0x00009eb9   Section       17  ApSidChecker.o(.constdata__ZTS14CAppSidChecker)
    .constdata__ZTS16CApaAppRegFinder        0x00009eca   Section       19  aprfndr.o(.constdata__ZTS16CApaAppRegFinder)
    .constdata__ZTS16CApaRuleBasedDll        0x00009edd   Section       19  APRuleBased.o(.constdata__ZTS16CApaRuleBasedDll)
    .constdata__ZTS17CApaRecognizerDll       0x00009ef0   Section       20  APFREC.o(.constdata__ZTS17CApaRecognizerDll)
    .constdata__ZTS17CAppLaunchChecker       0x00009f04   Section       20  ApLaunchChecker.o(.constdata__ZTS17CAppLaunchChecker)
    .constdata__ZTS21CApfMimeContentPolicy   0x00009f18   Section       24  apfmimecontentpolicy.o(.constdata__ZTS21CApfMimeContentPolicy)
    .constdata__ZTS23CApaAppUnInstallMonitor 0x00009f30   Section       26  apuninstallmonitor.o(.constdata__ZTS23CApaAppUnInstallMonitor)
    .constdata__ZTS25CApfMimeContentPolicyImpl 0x00009f4a   Section       28  apfmimecontentpolicy.o(.constdata__ZTS25CApfMimeContentPolicyImpl)
    .constdata__ZTS26CApaScanningFileRecognizer 0x00009f66   Section       29  APFREC.o(.constdata__ZTS26CApaScanningFileRecognizer)
    .constdata__ZTS28CApaScanningRuleBasedPlugIns 0x00009f83   Section       31  APRuleBased.o(.constdata__ZTS28CApaScanningRuleBasedPlugIns)
    .constdata__ZTS9CArrayFixIN26CApaScanningFileRecognizer11TRecognizerEE 0x00009fa2   Section       56  APFREC.o(.constdata__ZTS9CArrayFixIN26CApaScanningFileRecognizer11TRecognizerEE)
    .constdata__ZTSN26CApaScanningFileRecognizer27CApaBackupOperationObserverE 0x00009fda   Section       60  APFREC.o(.constdata__ZTSN26CApaScanningFileRecognizer27CApaBackupOperationObserverE)
    .constdata__ZTV13CArrayFixFlatIN26CApaScanningFileRecognizer11TRecognizerEE 0x0000a018   Section       20  APFREC.o(.constdata__ZTV13CArrayFixFlatIN26CApaScanningFileRecognizer11TRecognizerEE)
    .constdata__ZTV14CAppSidChecker          0x0000a02c   Section       40  ApSidChecker.o(.constdata__ZTV14CAppSidChecker)
    .constdata__ZTV16CApaAppRegFinder        0x0000a054   Section       20  aprfndr.o(.constdata__ZTV16CApaAppRegFinder)
    .constdata__ZTV16CApaRuleBasedDll        0x0000a068   Section       20  APRuleBased.o(.constdata__ZTV16CApaRuleBasedDll)
    .constdata__ZTV17CApaRecognizerDll       0x0000a07c   Section       20  APFREC.o(.constdata__ZTV17CApaRecognizerDll)
    .constdata__ZTV17CAppLaunchChecker       0x0000a090   Section       36  ApLaunchChecker.o(.constdata__ZTV17CAppLaunchChecker)
    .constdata__ZTV21CApfMimeContentPolicy   0x0000a0b4   Section       20  apfmimecontentpolicy.o(.constdata__ZTV21CApfMimeContentPolicy)
    .constdata__ZTV23CApaAppUnInstallMonitor 0x0000a0c8   Section       32  apuninstallmonitor.o(.constdata__ZTV23CApaAppUnInstallMonitor)
    .constdata__ZTV25CApfMimeContentPolicyImpl 0x0000a0e8   Section       20  apfmimecontentpolicy.o(.constdata__ZTV25CApfMimeContentPolicyImpl)
    .constdata__ZTV26CApaScanningFileRecognizer 0x0000a0fc   Section       20  APFREC.o(.constdata__ZTV26CApaScanningFileRecognizer)
    .constdata__ZTV28CApaScanningRuleBasedPlugIns 0x0000a110   Section       20  APRuleBased.o(.constdata__ZTV28CApaScanningRuleBasedPlugIns)
    .constdata__ZTVN26CApaScanningFileRecognizer27CApaBackupOperationObserverE 0x0000a124   Section       40  APFREC.o(.constdata__ZTVN26CApaScanningFileRecognizer27CApaBackupOperationObserverE)
    .ARM.exidx                               0x0000a14c   Section        8  ucppinit_aeabi.o(.ARM.exidx)

    Global Symbols

    Symbol Name                              Value     Ov Type        Size  Object(Section)

    BuildAttributes$$THUMB_ISAv2$ARM_ISAv5$M$PE$A:L22$X:L11$S22$IEEE1$IW$USESV6$~STKCKD$USESV7$~SHL$OSPACE$ROPI$IEEEJ$EBA8$UX$FPIC$INDIRECT$REQ8$PRES8$EABIv2 0x00000000   Number         0  anon$$obj.o ABSOLUTE
    apfile{000a0000}[10003a3b].dll           0x00000000   Data           0  anon$$obj.o ABSOLUTE
    apgrfx{000a0000}[10003a3c].dll           0x00000000   Data           0  anon$$obj.o ABSOLUTE
    apmime{000a0000}[10003a1a].dll           0x00000000   Data           0  anon$$obj.o ABSOLUTE
    apparc{000a0000}[10003a3d].dll           0x00000000   Data           0  anon$$obj.o ABSOLUTE
    apserv{000a0000}[10003a3e].dll           0x00000000   Data           0  anon$$obj.o ABSOLUTE
    bafl{000a0000}[10003a0f].dll             0x00000000   Data           0  anon$$obj.o ABSOLUTE
    caf{000a0000}.dll                        0x00000000   Data           0  anon$$obj.o ABSOLUTE
    drtaeabi{000a0000}.dll                   0x00000000   Data           0  anon$$obj.o ABSOLUTE
    ecom{000a0000}[10009d8e].dll             0x00000000   Data           0  anon$$obj.o ABSOLUTE
    efsrv{000a0000}[100039e4].dll            0x00000000   Data           0  anon$$obj.o ABSOLUTE
    euser{000a0000}[100039e5].dll            0x00000000   Data           0  anon$$obj.o ABSOLUTE
    scppnwdl{000a0000}.dll                   0x00000000   Data           0  anon$$obj.o ABSOLUTE
    SHT$$INIT_ARRAY$$Base                     - Undefined Weak Reference
    SHT$$INIT_ARRAY$$Limit                    - Undefined Weak Reference
    RArrayBase::Close()                       - Undefined Reference
    _ZN10RArrayBase5CloseEv@euser{000a0000}[100039e5].dll  - Undefined Reference
    RArrayBase::Reset()                       - Undefined Reference
    _ZN10RArrayBase5ResetEv@euser{000a0000}[100039e5].dll  - Undefined Reference
    RArrayBase::Append(const void*)           - Undefined Reference
    _ZN10RArrayBase6AppendEPKv@euser{000a0000}[100039e5].dll  - Undefined Reference
    RArrayBase::RArrayBase(int)               - Undefined Reference
    _ZN10RArrayBaseC1Ei@euser{000a0000}[100039e5].dll  - Undefined Reference
    TBufBase16::TBufBase16(int)               - Undefined Reference
    _ZN10TBufBase16C1Ei@euser{000a0000}[100039e5].dll  - Undefined Reference
    TDriveUnit::TDriveUnit(int)               - Undefined Reference
    _ZN10TDriveUnitC1Ei@efsrv{000a0000}[100039e4].dll  - Undefined Reference
    TDriveUnit::operator =(int)               - Undefined Reference
    _ZN10TDriveUnitaSEi@efsrv{000a0000}[100039e4].dll  - Undefined Reference
    CApaAppList::CompareStrings(const HBufC16&, const HBufC16&)  - Undefined Reference
    _ZN11CApaAppList14CompareStringsERK7HBufC16S2_@apgrfx{000a0000}[10003a3c].dll  - Undefined Reference
    DefaultHash::Integer(const int&)          - Undefined Reference
    _ZN11DefaultHash7IntegerERKi@euser{000a0000}[100039e5].dll  - Undefined Reference
    RHandleBase::Close()                      - Undefined Reference
    _ZN11RHandleBase5CloseEv@euser{000a0000}[100039e5].dll  - Undefined Reference
    CDesC16Array::Sort(TKeyCmpText)           - Undefined Reference
    _ZN12CDesC16Array4SortE11TKeyCmpText@bafl{000a0000}[10003a0f].dll  - Undefined Reference
    CleanupStack::PopAndDestroy(int)          - Undefined Reference
    _ZN12CleanupStack13PopAndDestroyEi@euser{000a0000}[100039e5].dll  - Undefined Reference
    CleanupStack::PopAndDestroy()             - Undefined Reference
    _ZN12CleanupStack13PopAndDestroyEv@euser{000a0000}[100039e5].dll  - Undefined Reference
    CleanupStack::Pop()                       - Undefined Reference
    _ZN12CleanupStack3PopEv@euser{000a0000}[100039e5].dll  - Undefined Reference
    CleanupStack::PushL(TCleanupItem)         - Undefined Reference
    _ZN12CleanupStack5PushLE12TCleanupItem@euser{000a0000}[100039e5].dll  - Undefined Reference
    CleanupStack::PushL(CBase*)               - Undefined Reference
    _ZN12CleanupStack5PushLEP5CBase@euser{000a0000}[100039e5].dll  - Undefined Reference
    CleanupStack::PushL(void*)                - Undefined Reference
    _ZN12CleanupStack5PushLEPv@euser{000a0000}[100039e5].dll  - Undefined Reference
    REComSession::ListImplementationsL(TUid, RPointerArray<CImplementationInformation>&)  - Undefined Reference
    _ZN12REComSession20ListImplementationsLE4TUidR13RPointerArrayI26CImplementationInformationE@ecom{000a0000}[10009d8e].dll  - Undefined Reference
    REComSession::CreateImplementationL(TUid, long)  - Undefined Reference
    _ZN12REComSession21CreateImplementationLE4TUidl@ecom{000a0000}[10009d8e].dll  - Undefined Reference
    REComSession::CreateImplementationL(TUid, long, void*, const TEComResolverParams&)  - Undefined Reference
    _ZN12REComSession21CreateImplementationLE4TUidlPvRK19TEComResolverParams@ecom{000a0000}[10009d8e].dll  - Undefined Reference
    REComSession::DestroyedImplementation(TUid)  - Undefined Reference
    _ZN12REComSession23DestroyedImplementationE4TUid@ecom{000a0000}[10009d8e].dll  - Undefined Reference
    RSessionBase::DoShare(int)                - Undefined Reference
    _ZN12RSessionBase7DoShareEi@euser{000a0000}[100039e5].dll  - Undefined Reference
    CArrayFixBase::InsertL(int, const void*)  - Undefined Reference
    _ZN13CArrayFixBase7InsertLEiPKv@euser{000a0000}[100039e5].dll  - Undefined Reference
    CArrayFixBase::CArrayFixBase(CBufBase*(*)(int), int, int)  - Undefined Reference
    _ZN13CArrayFixBaseC1EPFP8CBufBaseiEii@euser{000a0000}[100039e5].dll  - Undefined Reference
    CArrayFixBase::~CArrayFixBase()           - Undefined Reference
    _ZN13CArrayFixBaseD1Ev@euser{000a0000}[100039e5].dll  - Undefined Reference
    ContentAccess::CContent::NewL(RFile&)     - Undefined Reference
    _ZN13ContentAccess8CContent4NewLER5RFile@caf{000a0000}.dll  - Undefined Reference
    ContentAccess::CContent::NewLC(RFile&)    - Undefined Reference
    _ZN13ContentAccess8CContent5NewLCER5RFile@caf{000a0000}.dll  - Undefined Reference
    ContentAccess::CContent::NewLC(const TDesC16&, ContentAccess::TContentShareMode)  - Undefined Reference
    _ZN13ContentAccess8CContent5NewLCERK7TDesC16NS_17TContentShareModeE@caf{000a0000}.dll  - Undefined Reference
    RApaLsSession::Close()                    - Undefined Reference
    _ZN13RApaLsSession5CloseEv@apgrfx{000a0000}[10003a3c].dll  - Undefined Reference
    RApaLsSession::Connect()                  - Undefined Reference
    _ZN13RApaLsSession7ConnectEv@apgrfx{000a0000}[10003a3c].dll  - Undefined Reference
    RApaLsSession::RApaLsSession()            - Undefined Reference
    _ZN13RApaLsSessionC1Ev@apgrfx{000a0000}[10003a3c].dll  - Undefined Reference
    RResourceFile::Close()                    - Undefined Reference
    _ZN13RResourceFile5CloseEv@bafl{000a0000}[10003a0f].dll  - Undefined Reference
    RResourceFile::OpenL(RFs&, const TDesC16&)  - Undefined Reference
    _ZN13RResourceFile5OpenLER3RFsRK7TDesC16@bafl{000a0000}[10003a0f].dll  - Undefined Reference
    RResourceFile::RResourceFile()            - Undefined Reference
    _ZN13RResourceFileC1Ev@bafl{000a0000}[10003a0f].dll  - Undefined Reference
    RHashTableBase::ValueInsertL(const void*, int, const void*, int, int)  - Undefined Reference
    _ZN14RHashTableBase12ValueInsertLEPKviS1_ii@euser{000a0000}[100039e5].dll  - Undefined Reference
    RHashTableBase::Close()                   - Undefined Reference
    _ZN14RHashTableBase5CloseEv@euser{000a0000}[100039e5].dll  - Undefined Reference
    RHashTableBase::RHashTableBase(unsigned long(*)(const void*), int(*)(const void*, const void*), int, int)  - Undefined Reference
    _ZN14RHashTableBaseC1EPFmPKvEPFiS1_S1_Eii@euser{000a0000}[100039e5].dll  - Undefined Reference
    DefaultIdentity::Integer(const int&, const int&)  - Undefined Reference
    _ZN15DefaultIdentity7IntegerERKiS1_@euser{000a0000}[100039e5].dll  - Undefined Reference
    TResourceReader::ReadDesC16ArrayL()       - Undefined Reference
    _ZN15TResourceReader16ReadDesC16ArrayLEv@bafl{000a0000}[10003a0f].dll  - Undefined Reference
    TResourceReader::SetBuffer(const TDesC8*)  - Undefined Reference
    _ZN15TResourceReader9SetBufferEPK6TDesC8@bafl{000a0000}[10003a0f].dll  - Undefined Reference
    CActiveScheduler::Add(CActive*)           - Undefined Reference
    _ZN16CActiveScheduler3AddEP7CActive@euser{000a0000}[100039e5].dll  - Undefined Reference
    CApaAppListServer::RescanCallBack()       - Undefined Reference
    _ZN17CApaAppListServer14RescanCallBackEv@apserv{000a0000}[10003a3e].dll  - Undefined Reference
    CApaAppListServer::HandleEndUninstallEventL()  - Undefined Reference
    _ZN17CApaAppListServer24HandleEndUninstallEventLEv@apserv{000a0000}[10003a3e].dll  - Undefined Reference
    CApaAppListServer::HandleStartUninstallEvent()  - Undefined Reference
    _ZN17CApaAppListServer25HandleStartUninstallEventEv@apserv{000a0000}[10003a3e].dll  - Undefined Reference
    CApaAppListServer::Self()                 - Undefined Reference
    _ZN17CApaAppListServer4SelfEv@apserv{000a0000}[10003a3e].dll  - Undefined Reference
    RPointerArrayBase::Close()                - Undefined Reference
    _ZN17RPointerArrayBase5CloseEv@euser{000a0000}[100039e5].dll  - Undefined Reference
    RPointerArrayBase::Reset()                - Undefined Reference
    _ZN17RPointerArrayBase5ResetEv@euser{000a0000}[100039e5].dll  - Undefined Reference
    RPointerArrayBase::Append(const void*)    - Undefined Reference
    _ZN17RPointerArrayBase6AppendEPKv@euser{000a0000}[100039e5].dll  - Undefined Reference
    RPointerArrayBase::Remove(int)            - Undefined Reference
    _ZN17RPointerArrayBase6RemoveEi@euser{000a0000}[100039e5].dll  - Undefined Reference
    RPointerArrayBase::RPointerArrayBase(int)  - Undefined Reference
    _ZN17RPointerArrayBaseC1Ei@euser{000a0000}[100039e5].dll  - Undefined Reference
    RPointerArrayBase::RPointerArrayBase()    - Undefined Reference
    _ZN17RPointerArrayBaseC1Ev@euser{000a0000}[100039e5].dll  - Undefined Reference
    CApaFileRecognizer::AddFileRecognizerType(CApaFileRecognizerType*)  - Undefined Reference
    _ZN18CApaFileRecognizer21AddFileRecognizerTypeEP22CApaFileRecognizerType@apparc{000a0000}[10003a3d].dll  - Undefined Reference
    CApaFileRecognizer::DestroyRecognizerList()  - Undefined Reference
    _ZN18CApaFileRecognizer21DestroyRecognizerListEv@apparc{000a0000}[10003a3d].dll  - Undefined Reference
    CApaFileRecognizer::RemoveFileRecognizerType(const CApaFileRecognizerType*)  - Undefined Reference
    _ZN18CApaFileRecognizer24RemoveFileRecognizerTypeEPK22CApaFileRecognizerType@apparc{000a0000}[10003a3d].dll  - Undefined Reference
    CApaFileRecognizer::CApaFileRecognizer(RFs&)  - Undefined Reference
    _ZN18CApaFileRecognizerC1ER3RFs@apparc{000a0000}[10003a3d].dll  - Undefined Reference
    CApaFileRecognizer::~CApaFileRecognizer()  - Undefined Reference
    _ZN18CApaFileRecognizerD1Ev@apparc{000a0000}[10003a3d].dll  - Undefined Reference
    THashTableIterBase::RemoveCurrent()       - Undefined Reference
    _ZN18THashTableIterBase13RemoveCurrentEv@euser{000a0000}[100039e5].dll  - Undefined Reference
    THashTableIterBase::Next(int)             - Undefined Reference
    _ZN18THashTableIterBase4NextEi@euser{000a0000}[100039e5].dll  - Undefined Reference
    THashTableIterBase::THashTableIterBase(const RHashTableBase&)  - Undefined Reference
    _ZN18THashTableIterBaseC1ERK14RHashTableBase@euser{000a0000}[100039e5].dll  - Undefined Reference
    CApaFileRecognizerType::CreateFileRecognizerL(TUid)  - Undefined Reference
    _ZN22CApaFileRecognizerType21CreateFileRecognizerLE4TUid@apparc{000a0000}[10003a3d].dll  - Undefined Reference
    CBaBackupSessionWrapper::RegisterBackupOperationObserverL(MBackupOperationObserver&)  - Undefined Reference
    _ZN23CBaBackupSessionWrapper32RegisterBackupOperationObserverLER24MBackupOperationObserver@bafl{000a0000}[10003a0f].dll  - Undefined Reference
    CBaBackupSessionWrapper::DeRegisterBackupOperationObserver(MBackupOperationObserver&)  - Undefined Reference
    _ZN23CBaBackupSessionWrapper33DeRegisterBackupOperationObserverER24MBackupOperationObserver@bafl{000a0000}[10003a0f].dll  - Undefined Reference
    CBaBackupSessionWrapper::NewL()           - Undefined Reference
    _ZN23CBaBackupSessionWrapper4NewLEv@bafl{000a0000}[10003a0f].dll  - Undefined Reference
    MBackupOperationObserver::Reserved1()     - Undefined Reference
    _ZN24MBackupOperationObserver9Reserved1Ev@bafl{000a0000}[10003a0f].dll  - Undefined Reference
    RFs::Connect(int)                         - Undefined Reference
    _ZN3RFs7ConnectEi@efsrv{000a0000}[100039e4].dll  - Undefined Reference
    User::LeaveIfError(int)                   - Undefined Reference
    _ZN4User12LeaveIfErrorEi@euser{000a0000}[100039e5].dll  - Undefined Reference
    User::MarkCleanupStack()                  - Undefined Reference
    _ZN4User16MarkCleanupStackEv@euser{000a0000}[100039e5].dll  - Undefined Reference
    User::UnMarkCleanupStack(TTrapHandler*)   - Undefined Reference
    _ZN4User18UnMarkCleanupStackEP12TTrapHandler@euser{000a0000}[100039e5].dll  - Undefined Reference
    User::Leave(int)                          - Undefined Reference
    _ZN4User5LeaveEi@euser{000a0000}[100039e5].dll  - Undefined Reference
    User::Panic(const TDesC16&, int)          - Undefined Reference
    _ZN4User5PanicERK7TDesC16i@euser{000a0000}[100039e5].dll  - Undefined Reference
    User::AllocZL(int)                        - Undefined Reference
    _ZN4User7AllocZLEi@euser{000a0000}[100039e5].dll  - Undefined Reference
    User::Invariant()                         - Undefined Reference
    _ZN4User9InvariantEv@euser{000a0000}[100039e5].dll  - Undefined Reference
    CBase::Extension_(unsigned, void*&, void*)  - Undefined Reference
    _ZN5CBase10Extension_EjRPvS0_@euser{000a0000}[100039e5].dll  - Undefined Reference
    CBase::~CBase()                           - Undefined Reference
    _ZN5CBaseD1Ev@euser{000a0000}[100039e5].dll  - Undefined Reference
    RFile::Open(RFs&, const TDesC16&, unsigned)  - Undefined Reference
    _ZN5RFile4OpenER3RFsRK7TDesC16j@efsrv{000a0000}[100039e4].dll  - Undefined Reference
    RFile::Close()                            - Undefined Reference
    _ZN5RFile5CloseEv@efsrv{000a0000}[100039e4].dll  - Undefined Reference
    TDes8::Copy(const TDesC16&)               - Undefined Reference
    _ZN5TDes84CopyERK7TDesC16@euser{000a0000}[100039e5].dll  - Undefined Reference
    TDes16::Copy(const TDesC16&)              - Undefined Reference
    _ZN6TDes164CopyERK7TDesC16@euser{000a0000}[100039e5].dll  - Undefined Reference
    TParse::Set(const TDesC16&, const TDesC16*, const TDesC16*)  - Undefined Reference
    _ZN6TParse3SetERK7TDesC16PS1_S3_@efsrv{000a0000}[100039e4].dll  - Undefined Reference
    TParse::TParse()                          - Undefined Reference
    _ZN6TParseC1Ev@efsrv{000a0000}[100039e4].dll  - Undefined Reference
    TPtrC8::TPtrC8(const unsigned char*, int)  - Undefined Reference
    _ZN6TPtrC8C1EPKhi@euser{000a0000}[100039e5].dll  - Undefined Reference
    TPtrC8::TPtrC8(const TDesC8&)             - Undefined Reference
    _ZN6TPtrC8C1ERK6TDesC8@euser{000a0000}[100039e5].dll  - Undefined Reference
    CActive::Extension_(unsigned, void*&, void*)  - Undefined Reference
    _ZN7CActive10Extension_EjRPvS0_@euser{000a0000}[100039e5].dll  - Undefined Reference
    CActive::Cancel()                         - Undefined Reference
    _ZN7CActive6CancelEv@euser{000a0000}[100039e5].dll  - Undefined Reference
    CActive::RunError(int)                    - Undefined Reference
    _ZN7CActive8RunErrorEi@euser{000a0000}[100039e5].dll  - Undefined Reference
    CActive::SetActive()                      - Undefined Reference
    _ZN7CActive9SetActiveEv@euser{000a0000}[100039e5].dll  - Undefined Reference
    CActive::CActive__sub_object(int)         - Undefined Reference
    _ZN7CActiveC2Ei@euser{000a0000}[100039e5].dll  - Undefined Reference
    CActive::~CActive__sub_object()           - Undefined Reference
    _ZN7CActiveD2Ev@euser{000a0000}[100039e5].dll  - Undefined Reference
    TPtrC16::TPtrC16(const TDesC16&)          - Undefined Reference
    _ZN7TPtrC16C1ERK7TDesC16@euser{000a0000}[100039e5].dll  - Undefined Reference
    ApaUtils::HandleAsRegistrationFile(const TUidType&)  - Undefined Reference
    _ZN8ApaUtils24HandleAsRegistrationFileERK8TUidType@apgrfx{000a0000}[10003a3c].dll  - Undefined Reference
    CBufFlat::NewL(int)                       - Undefined Reference
    _ZN8CBufFlat4NewLEi@euser{000a0000}[100039e5].dll  - Undefined Reference
    RLibrary::Close()                         - Undefined Reference
    _ZN8RLibrary5CloseEv@euser{000a0000}[100039e5].dll  - Undefined Reference
    RProperty::Get(TUid, unsigned, int&)      - Undefined Reference
    _ZN9RProperty3GetE4TUidjRi@euser{000a0000}[100039e5].dll  - Undefined Reference
    RProperty::Attach(TUid, unsigned, TOwnerType)  - Undefined Reference
    _ZN9RProperty6AttachE4TUidj10TOwnerType@euser{000a0000}[100039e5].dll  - Undefined Reference
    RProperty::Cancel()                       - Undefined Reference
    _ZN9RProperty6CancelEv@euser{000a0000}[100039e5].dll  - Undefined Reference
    RProperty::Subscribe(TRequestStatus&)     - Undefined Reference
    _ZN9RProperty9SubscribeER14TRequestStatus@euser{000a0000}[100039e5].dll  - Undefined Reference
    TBufBase8::TBufBase8(int)                 - Undefined Reference
    _ZN9TBufBase8C1Ei@euser{000a0000}[100039e5].dll  - Undefined Reference
    TDataType::TDataType()                    - Undefined Reference
    _ZN9TDataTypeC1Ev@apmime{000a0000}[10003a1a].dll  - Undefined Reference
    RArrayBase::At(int) const                 - Undefined Reference
    _ZNK10RArrayBase2AtEi@euser{000a0000}[100039e5].dll  - Undefined Reference
    RArrayBase::Count() const                 - Undefined Reference
    _ZNK10RArrayBase5CountEv@euser{000a0000}[100039e5].dll  - Undefined Reference
    TDriveUnit::Name() const                  - Undefined Reference
    _ZNK10TDriveUnit4NameEv@efsrv{000a0000}[100039e4].dll  - Undefined Reference
    TParseBase::Ext() const                   - Undefined Reference
    _ZNK10TParseBase3ExtEv@efsrv{000a0000}[100039e4].dll  - Undefined Reference
    TParseBase::FullName() const              - Undefined Reference
    _ZNK10TParseBase8FullNameEv@efsrv{000a0000}[100039e4].dll  - Undefined Reference
    CDesC16Array::FindIsq(const TDesC16&, int&, TKeyCmpText) const  - Undefined Reference
    _ZNK12CDesC16Array7FindIsqERK7TDesC16Ri11TKeyCmpText@bafl{000a0000}[10003a0f].dll  - Undefined Reference
    CArrayFixBase::At(int) const              - Undefined Reference
    _ZNK13CArrayFixBase2AtEi@euser{000a0000}[100039e5].dll  - Undefined Reference
    ContentAccess::CContent::GetAttribute(int, int&) const  - Undefined Reference
    _ZNK13ContentAccess8CContent12GetAttributeEiRi@caf{000a0000}.dll  - Undefined Reference
    RApaLsSession::AppForDocument(const RFile&, TUid&, TDataType&) const  - Undefined Reference
    _ZNK13RApaLsSession14AppForDocumentERK5RFileR4TUidR9TDataType@apgrfx{000a0000}[10003a3c].dll  - Undefined Reference
    RResourceFile::AllocReadLC(int) const     - Undefined Reference
    _ZNK13RResourceFile11AllocReadLCEi@bafl{000a0000}[10003a0f].dll  - Undefined Reference
    RHashTableBase::Find(const void*, int) const  - Undefined Reference
    _ZNK14RHashTableBase4FindEPKvi@euser{000a0000}[100039e5].dll  - Undefined Reference
    XLeaveException::GetReason() const        - Undefined Reference
    _ZNK15XLeaveException9GetReasonEv@euser{000a0000}[100039e5].dll  - Undefined Reference
    RPointerArrayBase::At(int) const          - Undefined Reference
    _ZNK17RPointerArrayBase2AtEi@euser{000a0000}[100039e5].dll  - Undefined Reference
    RPointerArrayBase::Count() const          - Undefined Reference
    _ZNK17RPointerArrayBase5CountEv@euser{000a0000}[100039e5].dll  - Undefined Reference
    RPointerArrayBase::FindIsq(const void*, int(*)(const void*, const void*)) const  - Undefined Reference
    _ZNK17RPointerArrayBase7FindIsqEPKvPFiS1_S1_E@euser{000a0000}[100039e5].dll  - Undefined Reference
    THashTableIterBase::Current(int) const    - Undefined Reference
    _ZNK18THashTableIterBase7CurrentEi@euser{000a0000}[100039e5].dll  - Undefined Reference
    RFs::Drive(TDriveInfo&, int) const        - Undefined Reference
    _ZNK3RFs5DriveER10TDriveInfoi@efsrv{000a0000}[100039e4].dll  - Undefined Reference
    RFs::GetDir(const TDesC16&, unsigned, unsigned, CDir*&) const  - Undefined Reference
    _ZNK3RFs6GetDirERK7TDesC16jjRP4CDir@efsrv{000a0000}[100039e4].dll  - Undefined Reference
    RFs::DriveList(TBuf8<(int)26>&) const     - Undefined Reference
    _ZNK3RFs9DriveListER5TBuf8ILi26EE@efsrv{000a0000}[100039e4].dll  - Undefined Reference
    CDir::Count() const                       - Undefined Reference
    _ZNK4CDir5CountEv@efsrv{000a0000}[100039e4].dll  - Undefined Reference
    CDir::operator [](int) const              - Undefined Reference
    _ZNK4CDirixEi@efsrv{000a0000}[100039e4].dll  - Undefined Reference
    TUid::Name() const                        - Undefined Reference
    _ZNK4TUid4NameEv@euser{000a0000}[100039e5].dll  - Undefined Reference
    TUid::operator ==(const TUid&) const      - Undefined Reference
    _ZNK4TUideqERKS_@euser{000a0000}[100039e5].dll  - Undefined Reference
    RFile::Name(TDes16&) const                - Undefined Reference
    _ZNK5RFile4NameER6TDes16@efsrv{000a0000}[100039e4].dll  - Undefined Reference
    TDesC8::AtC(int) const                    - Undefined Reference
    _ZNK6TDesC83AtCEi@euser{000a0000}[100039e5].dll  - Undefined Reference
    TDesC16::AtC(int) const                   - Undefined Reference
    _ZNK7TDesC163AtCEi@euser{000a0000}[100039e5].dll  - Undefined Reference
    TDesC16::AllocL() const                   - Undefined Reference
    _ZNK7TDesC166AllocLEv@euser{000a0000}[100039e5].dll  - Undefined Reference
    TDesC16::AllocLC() const                  - Undefined Reference
    _ZNK7TDesC167AllocLCEv@euser{000a0000}[100039e5].dll  - Undefined Reference
    TUidType::operator [](int) const          - Undefined Reference
    _ZNK8TUidTypeixEi@euser{000a0000}[100039e5].dll  - Undefined Reference
    TDataType::Des() const                    - Undefined Reference
    _ZNK9TDataType3DesEv@apmime{000a0000}[10003a1a].dll  - Undefined Reference
    typeinfo for CArrayFixBase                - Undefined Reference
    _ZTI13CArrayFixBase@euser{000a0000}[100039e5].dll  - Undefined Reference
    typeinfo for XLeaveException              - Undefined Reference
    _ZTI15XLeaveException@drtaeabi{000a0000}.dll  - Undefined Reference
    typeinfo for CApaFileRecognizer           - Undefined Reference
    _ZTI18CApaFileRecognizer@apparc{000a0000}[10003a3d].dll  - Undefined Reference
    typeinfo for MBackupOperationObserver     - Undefined Reference
    _ZTI24MBackupOperationObserver@bafl{000a0000}[10003a0f].dll  - Undefined Reference
    typeinfo for CBase                        - Undefined Reference
    _ZTI5CBase@euser{000a0000}[100039e5].dll  - Undefined Reference
    typeinfo for CActive                      - Undefined Reference
    _ZTI7CActive@euser{000a0000}[100039e5].dll  - Undefined Reference
    vtable for __cxxabiv1::__si_class_type_info  - Undefined Reference
    _ZTVN10__cxxabiv120__si_class_type_infoE@drtaeabi{000a0000}.dll  - Undefined Reference
    vtable for __cxxabiv1::__vmi_class_type_info  - Undefined Reference
    _ZTVN10__cxxabiv121__vmi_class_type_infoE@drtaeabi{000a0000}.dll  - Undefined Reference
    operator delete (void*)                   - Undefined Reference
    _ZdlPv@scppnwdl{000a0000}.dll             - Undefined Reference
    __aeabi_unwind_cpp_pr0                    - Undefined Reference
    __aeabi_unwind_cpp_pr0@drtaeabi{000a0000}.dll  - Undefined Reference
    __aeabi_unwind_cpp_pr1                    - Undefined Reference
    __aeabi_unwind_cpp_pr1@drtaeabi{000a0000}.dll  - Undefined Reference
    __cxa_begin_catch                         - Undefined Reference
    __cxa_begin_catch@drtaeabi{000a0000}.dll  - Undefined Reference
    __cxa_end_catch                           - Undefined Reference
    __cxa_end_catch@drtaeabi{000a0000}.dll    - Undefined Reference
    __cxa_end_cleanup                         - Undefined Reference
    __cxa_end_cleanup@drtaeabi{000a0000}.dll  - Undefined Reference
    __cxa_pure_virtual                        - Undefined Reference
    __cxa_pure_virtual@drtaeabi{000a0000}.dll  - Undefined Reference
    _fp_init                                  - Undefined Weak Reference
    run_static_dtors                          - Undefined Weak Reference
    Image$$ER_RO$$Base                       0x00008000   Number         0  anon$$obj.o(linker$$defined$$symbols)
    _E32Dll                                  0x00008000   ARM Code      40  uc_dll_.o(.emb_text)
    Symbian$$CPP$$Exception$$Descriptor      0x00008014   Data           0  uc_dll_.o(.emb_text)
    __cpp_initialize__aeabi_                 0x00008028   ARM Code      72  ucppinit_aeabi.o(.emb_text)
    std::nothrow                             0x00008070   ARM Code       0  ucppinit_aeabi.o(.emb_text)
    __PLT                                    0x00008070   ARM Code       0  anon$$obj.o(.plt)
    CleanUpEComInfoArray(void*)              0x00008451   Thumb Code    54  APFREC.o(.text)
    RecognizerNameL(TUid)                    0x00008487   Thumb Code   104  APFREC.o(.text)
    CApaScanningFileRecognizer::CApaBackupOperationObserver::UpdateCounter() const 0x000084ef   Thumb Code     4  APFREC.o(.text)
    CApaScanningFileRecognizer::CApaBackupOperationObserver::SetUpdateCounter(int) 0x000084f3   Thumb Code     4  APFREC.o(.text)
    CApaScanningFileRecognizer::RemoveRecognizer(CApaRecognizerDll&) 0x000084f7   Thumb Code    82  APFREC.o(.text)
    CApaScanningFileRecognizer::TRecognizer::TRecognizer(HBufC16*) 0x00008549   Thumb Code     4  APFREC.o(.text)
    CApaScanningFileRecognizer::TRecognizer::TRecognizer__sub_object(HBufC16*) 0x00008549   Thumb Code     0  APFREC.o(.text)
    CApaRecognizerDll::CApaRecognizerDll(HBufC16*) 0x0000854d   Thumb Code    12  APFREC.o(.text)
    CApaRecognizerDll::CApaRecognizerDll__sub_object(HBufC16*) 0x0000854d   Thumb Code     0  APFREC.o(.text)
    CApaScanningFileRecognizer::LoadEcomRecognizerL(TDriveUnit&, TUid) 0x00008559   Thumb Code   208  APFREC.o(.text)
    CApaScanningFileRecognizer::ScanForEcomRecognizersL() 0x00008629   Thumb Code   118  APFREC.o(.text)
    CApaScanningFileRecognizer::ScanForRecognizersL() 0x0000869f   Thumb Code    50  APFREC.o(.text)
    CApaScanningFileRecognizer::CApaBackupOperationObserver::RegisterObserverL() 0x000086d1   Thumb Code    18  APFREC.o(.text)
    CApaScanningFileRecognizer::CApaBackupOperationObserver::CApaBackupOperationObserver(CApaScanningFileRecognizer&) 0x000086e3   Thumb Code    60  APFREC.o(.text)
    CApaScanningFileRecognizer::CApaBackupOperationObserver::CApaBackupOperationObserver__sub_object(CApaScanningFileRecognizer&) 0x000086e3   Thumb Code     0  APFREC.o(.text)
    CApaScanningFileRecognizer::ConstructL() 0x0000871f   Thumb Code    24  APFREC.o(.text)
    CApaScanningFileRecognizer::CApaScanningFileRecognizer(RFs&, MApaAppStarter*) 0x00008737   Thumb Code    16  APFREC.o(.text)
    CApaScanningFileRecognizer::CApaScanningFileRecognizer__sub_object(RFs&, MApaAppStarter*) 0x00008737   Thumb Code     0  APFREC.o(.text)
    CApaScanningFileRecognizer::NewL(RFs&, MApaAppStarter*) 0x00008747   Thumb Code    46  APFREC.o(.text)
    CApaScanningFileRecognizer::~CApaScanningFileRecognizer() 0x00008775   Thumb Code    50  APFREC.o(.text)
    CApaScanningFileRecognizer::~CApaScanningFileRecognizer__sub_object() 0x00008775   Thumb Code     0  APFREC.o(.text)
    CApaScanningFileRecognizer::~CApaScanningFileRecognizer__deallocating() 0x000087a7   Thumb Code    16  APFREC.o(.text)
    CApaScanningFileRecognizer::RecognizerCount() 0x000087b7   Thumb Code    16  APFREC.o(.text)
    CApaScanningFileRecognizer::RecognizerListLC() const 0x000087c7   Thumb Code    56  APFREC.o(.text)
    CApaScanningFileRecognizer::operator [](int) const 0x000087ff   Thumb Code    78  APFREC.o(.text)
    CApaScanningFileRecognizer::UpdateCounter() const 0x0000884d   Thumb Code     6  APFREC.o(.text)
    CApaScanningFileRecognizer::SetEcomRecognizersFromListL(const CArrayFixFlat<CApaScanningFileRecognizer::TRecognizer>&) 0x00008853   Thumb Code   106  APFREC.o(.text)
    CApaScanningFileRecognizer::SetEcomRecognizerL(const CApaScanningFileRecognizer::TRecognizer&) 0x000088bd   Thumb Code    26  APFREC.o(.text)
    CApaScanningFileRecognizer::CApaBackupOperationObserver::~CApaBackupOperationObserver() 0x000088d7   Thumb Code    44  APFREC.o(.text)
    CApaScanningFileRecognizer::CApaBackupOperationObserver::~CApaBackupOperationObserver__sub_object() 0x000088d7   Thumb Code     0  APFREC.o(.text)
    CApaScanningFileRecognizer::CApaBackupOperationObserver::~CApaBackupOperationObserver__deallocating() 0x00008903   Thumb Code    16  APFREC.o(.text)
    CApaScanningFileRecognizer::CApaBackupOperationObserver::HandleBackupOperationEventL(const TBackupOperationAttributes&) 0x00008913   Thumb Code   104  APFREC.o(.text)
    thunk{-4} to CApaScanningFileRecognizer::CApaBackupOperationObserver::HandleBackupOperationEventL(const TBackupOperationAttributes&) 0x0000897b   Thumb Code     4  APFREC.o(.text)
    CApaRecognizerDll::~CApaRecognizerDll()  0x0000897f   Thumb Code    46  APFREC.o(.text)
    CApaRecognizerDll::~CApaRecognizerDll__sub_object() 0x0000897f   Thumb Code     0  APFREC.o(.text)
    CApaRecognizerDll::~CApaRecognizerDll__deallocating() 0x000089ad   Thumb Code    16  APFREC.o(.text)
    Panic(TApfPanic)                         0x000089c5   Thumb Code    12  APFSTD.o(.text)
    CApaAppRegFinder::GetFolderListL()       0x000089d5   Thumb Code   102  aprfndr.o(.text)
    CApaAppRegFinder::BuildDriveListL()      0x00008a3b   Thumb Code   178  aprfndr.o(.text)
    CApaAppRegFinder::ConstructL()           0x00008aed   Thumb Code    16  aprfndr.o(.text)
    CApaAppRegFinder::CApaAppRegFinder(const RFs&) 0x00008afd   Thumb Code    86  aprfndr.o(.text)
    CApaAppRegFinder::CApaAppRegFinder__sub_object(const RFs&) 0x00008afd   Thumb Code     0  aprfndr.o(.text)
    CApaAppRegFinder::NewLC(const RFs&)      0x00008b53   Thumb Code    32  aprfndr.o(.text)
    CApaAppRegFinder::NewL(const RFs&)       0x00008b73   Thumb Code    16  aprfndr.o(.text)
    CApaAppRegFinder::~CApaAppRegFinder()    0x00008b83   Thumb Code    96  aprfndr.o(.text)
    CApaAppRegFinder::~CApaAppRegFinder__sub_object() 0x00008b83   Thumb Code     0  aprfndr.o(.text)
    CApaAppRegFinder::~CApaAppRegFinder__deallocating() 0x00008be3   Thumb Code    16  aprfndr.o(.text)
    CApaAppRegFinder::CheckErrorL(int)       0x00008bf3   Thumb Code    46  aprfndr.o(.text)
    CApaAppRegFinder::GetFileListL(TDriveUnit, const TDesC16&) 0x00008c21   Thumb Code    80  aprfndr.o(.text)
    CApaAppRegFinder::GetNextDriveAndFolder() 0x00008c71   Thumb Code   132  aprfndr.o(.text)
    CApaAppRegFinder::DoNextL(TApaAppEntry&, const RPointerArray<HBufC16>&, int&) 0x00008cf5   Thumb Code   444  aprfndr.o(.text)
    CApaAppRegFinder::NextL(TApaAppEntry&, const RPointerArray<HBufC16>&) 0x00008eb1   Thumb Code    32  aprfndr.o(.text)
    CApaAppRegFinder::FindAllAppsL()         0x00008ed1   Thumb Code    50  aprfndr.o(.text)
    CApaAppRegFinder::DriveList() const      0x00008f03   Thumb Code     4  aprfndr.o(.text)
    CApaAppRegFinder::FindAllRemovableMediaAppsL() 0x00008f07   Thumb Code     8  aprfndr.o(.text)
    CApaRuleBasedDll::CApaRuleBasedDll()     0x00008f15   Thumb Code     6  APRuleBased.o(.text)
    CApaRuleBasedDll::CApaRuleBasedDll__sub_object() 0x00008f15   Thumb Code     0  APRuleBased.o(.text)
    CApaScanningRuleBasedPlugIns::LoadEcomRuleBasedPlugInL(TUid) 0x00008f1b   Thumb Code   154  APRuleBased.o(.text)
    CApaScanningRuleBasedPlugIns::ScanForRuleBasedPlugInsL() 0x00008fb5   Thumb Code   158  APRuleBased.o(.text)
    CApaScanningRuleBasedPlugIns::NewL()     0x00009053   Thumb Code    42  APRuleBased.o(.text)
    CApaScanningRuleBasedPlugIns::~CApaScanningRuleBasedPlugIns() 0x0000907d   Thumb Code    64  APRuleBased.o(.text)
    CApaScanningRuleBasedPlugIns::~CApaScanningRuleBasedPlugIns__sub_object() 0x0000907d   Thumb Code     0  APRuleBased.o(.text)
    CApaScanningRuleBasedPlugIns::~CApaScanningRuleBasedPlugIns__deallocating() 0x000090bd   Thumb Code    16  APRuleBased.o(.text)
    CApaScanningRuleBasedPlugIns::operator [](int) const 0x000090cd   Thumb Code    14  APRuleBased.o(.text)
    CApaScanningRuleBasedPlugIns::ImplementationCount() const 0x000090db   Thumb Code    10  APRuleBased.o(.text)
    CApaRuleBasedDll::~CApaRuleBasedDll()    0x000090e5   Thumb Code    28  APRuleBased.o(.text)
    CApaRuleBasedDll::~CApaRuleBasedDll__sub_object() 0x000090e5   Thumb Code     0  APRuleBased.o(.text)
    CApaRuleBasedDll::~CApaRuleBasedDll__deallocating() 0x00009101   Thumb Code    16  APRuleBased.o(.text)
    CAppLaunchChecker::NewL(TUid)            0x00009121   Thumb Code    10  ApLaunchChecker.o(.text)
    CAppLaunchChecker::~CAppLaunchChecker()  0x0000912b   Thumb Code     0  ApLaunchChecker.o(.text)
    CAppLaunchChecker::~CAppLaunchChecker__sub_object() 0x0000912b   Thumb Code    22  ApLaunchChecker.o(.text)
    CAppLaunchChecker::~CAppLaunchChecker__deallocating() 0x00009141   Thumb Code    16  ApLaunchChecker.o(.text)
    CAppLaunchChecker::Reserved_1()          0x00009151   Thumb Code     2  ApLaunchChecker.o(.text)
    CAppLaunchChecker::Reserved_2()          0x00009153   Thumb Code     2  ApLaunchChecker.o(.text)
    CAppLaunchChecker::Reserved_3()          0x00009155   Thumb Code     2  ApLaunchChecker.o(.text)
    CAppSidChecker::CheckerForAppType(const TUid&) 0x0000915d   Thumb Code   126  ApSidChecker.o(.text)
    CAppSidChecker::~CAppSidChecker()        0x000091db   Thumb Code     0  ApSidChecker.o(.text)
    CAppSidChecker::~CAppSidChecker__sub_object() 0x000091db   Thumb Code    30  ApSidChecker.o(.text)
    CAppSidChecker::~CAppSidChecker__deallocating() 0x000091f9   Thumb Code    16  ApSidChecker.o(.text)
    CAppSidChecker::SetRescanCallBackL(const TCallBack&) 0x00009209   Thumb Code     2  ApSidChecker.o(.text)
    CAppSidChecker::reserved1()              0x0000920b   Thumb Code     2  ApSidChecker.o(.text)
    CAppSidChecker::reserved2()              0x0000920d   Thumb Code     2  ApSidChecker.o(.text)
    CAppSidChecker::reserved3()              0x0000920f   Thumb Code     2  ApSidChecker.o(.text)
    RSidCheckerMap::RSidCheckerMap(TCallBack) 0x00009211   Thumb Code    28  ApSidChecker.o(.text)
    RSidCheckerMap::RSidCheckerMap__sub_object(TCallBack) 0x00009211   Thumb Code     0  ApSidChecker.o(.text)
    RSidCheckerMap::FindSidCheckerL(TUid)    0x0000922d   Thumb Code   104  ApSidChecker.o(.text)
    RSidCheckerMap::Close()                  0x00009295   Thumb Code    60  ApSidChecker.o(.text)
    CApaAppUnInstallMonitor::ConstructL()    0x000092e1   Thumb Code    22  apuninstallmonitor.o(.text)
    CApaAppUnInstallMonitor::CApaAppUnInstallMonitor(CApaAppListServer*) 0x000092f7   Thumb Code    38  apuninstallmonitor.o(.text)
    CApaAppUnInstallMonitor::CApaAppUnInstallMonitor__sub_object(CApaAppListServer*) 0x000092f7   Thumb Code     0  apuninstallmonitor.o(.text)
    CApaAppUnInstallMonitor::NewL(CApaAppListServer*) 0x0000931d   Thumb Code    36  apuninstallmonitor.o(.text)
    CApaAppUnInstallMonitor::~CApaAppUnInstallMonitor() 0x00009341   Thumb Code    30  apuninstallmonitor.o(.text)
    CApaAppUnInstallMonitor::~CApaAppUnInstallMonitor__sub_object() 0x00009341   Thumb Code     0  apuninstallmonitor.o(.text)
    CApaAppUnInstallMonitor::~CApaAppUnInstallMonitor__deallocating() 0x0000935f   Thumb Code    16  apuninstallmonitor.o(.text)
    CApaAppUnInstallMonitor::DoStart()       0x0000936f   Thumb Code    50  apuninstallmonitor.o(.text)
    CApaAppUnInstallMonitor::Start()         0x000093a1   Thumb Code     2  apuninstallmonitor.o(.text)
    CApaAppUnInstallMonitor::UnInstallInProgress() const 0x000093a3   Thumb Code    20  apuninstallmonitor.o(.text)
    CApaAppUnInstallMonitor::RunL()          0x000093b7   Thumb Code   102  apuninstallmonitor.o(.text)
    CApaAppUnInstallMonitor::DoCancel()      0x0000941d   Thumb Code    10  apuninstallmonitor.o(.text)
    CApfMimeContentPolicyImpl::ReadResourcesL(RFs&) 0x00009435   Thumb Code   122  apfmimecontentpolicy.o(.text)
    CApfMimeContentPolicyImpl::ConstructL()  0x000094af   Thumb Code    48  apfmimecontentpolicy.o(.text)
    CApfMimeContentPolicyImpl::CApfMimeContentPolicyImpl() 0x000094df   Thumb Code    24  apfmimecontentpolicy.o(.text)
    CApfMimeContentPolicyImpl::CApfMimeContentPolicyImpl__sub_object() 0x000094df   Thumb Code     0  apfmimecontentpolicy.o(.text)
    CApfMimeContentPolicyImpl::NewL()        0x000094f7   Thumb Code    32  apfmimecontentpolicy.o(.text)
    CApfMimeContentPolicy::ConstructL()      0x00009517   Thumb Code    12  apfmimecontentpolicy.o(.text)
    CApfMimeContentPolicy::CApfMimeContentPolicy() 0x00009523   Thumb Code     6  apfmimecontentpolicy.o(.text)
    CApfMimeContentPolicy::CApfMimeContentPolicy__sub_object() 0x00009523   Thumb Code     0  apfmimecontentpolicy.o(.text)
    CApfMimeContentPolicy::NewLC()           0x00009529   Thumb Code    28  apfmimecontentpolicy.o(.text)
    CApfMimeContentPolicy::NewL()            0x00009545   Thumb Code    16  apfmimecontentpolicy.o(.text)
    CApfMimeContentPolicyImpl::ConstructL(RFs&) 0x00009555   Thumb Code    14  apfmimecontentpolicy.o(.text)
    CApfMimeContentPolicyImpl::NewL(RFs&)    0x00009563   Thumb Code    36  apfmimecontentpolicy.o(.text)
    CApfMimeContentPolicy::ConstructL(RFs&)  0x00009587   Thumb Code    14  apfmimecontentpolicy.o(.text)
    CApfMimeContentPolicy::NewLC(RFs&)       0x00009595   Thumb Code    32  apfmimecontentpolicy.o(.text)
    CApfMimeContentPolicy::NewL(RFs&)        0x000095b5   Thumb Code    16  apfmimecontentpolicy.o(.text)
    CApfMimeContentPolicy::~CApfMimeContentPolicy() 0x000095c5   Thumb Code    28  apfmimecontentpolicy.o(.text)
    CApfMimeContentPolicy::~CApfMimeContentPolicy__sub_object() 0x000095c5   Thumb Code     0  apfmimecontentpolicy.o(.text)
    CApfMimeContentPolicy::~CApfMimeContentPolicy__deallocating() 0x000095e1   Thumb Code    16  apfmimecontentpolicy.o(.text)
    CApfMimeContentPolicyImpl::IsClosedType(const TDesC16&) const 0x000095f1   Thumb Code    28  apfmimecontentpolicy.o(.text)
    CApfMimeContentPolicy::IsClosedType(const TDesC16&) 0x0000960d   Thumb Code     4  apfmimecontentpolicy.o(.text)
    CApfMimeContentPolicyImpl::IsClosedExtension(const TDesC16&) const 0x00009611   Thumb Code    28  apfmimecontentpolicy.o(.text)
    CApfMimeContentPolicy::IsClosedExtension(const TDesC16&) 0x0000962d   Thumb Code     4  apfmimecontentpolicy.o(.text)
    CApfMimeContentPolicyImpl::IsClosedFileL(RFile&, const TDesC16&) const 0x00009631   Thumb Code   206  apfmimecontentpolicy.o(.text)
    CApfMimeContentPolicyImpl::IsClosedFileL(const TDesC16&) const 0x000096ff   Thumb Code    78  apfmimecontentpolicy.o(.text)
    CApfMimeContentPolicy::IsClosedFileL(const TDesC16&) 0x0000974d   Thumb Code     4  apfmimecontentpolicy.o(.text)
    CApfMimeContentPolicyImpl::IsDRMEnvelopeL(const TDesC16&) const 0x00009751   Thumb Code    40  apfmimecontentpolicy.o(.text)
    CApfMimeContentPolicy::IsDRMEnvelopeL(const TDesC16&) 0x00009779   Thumb Code     4  apfmimecontentpolicy.o(.text)
    CApfMimeContentPolicyImpl::IsClosedFileL(RFile&) const 0x0000977d   Thumb Code    62  apfmimecontentpolicy.o(.text)
    CApfMimeContentPolicy::IsClosedFileL(RFile&) 0x000097bb   Thumb Code     4  apfmimecontentpolicy.o(.text)
    CApfMimeContentPolicyImpl::IsDRMEnvelopeL(RFile&) const 0x000097bf   Thumb Code    70  apfmimecontentpolicy.o(.text)
    CApfMimeContentPolicy::IsDRMEnvelopeL(RFile&) 0x00009805   Thumb Code     4  apfmimecontentpolicy.o(.text)
    CApfMimeContentPolicyImpl::~CApfMimeContentPolicyImpl() 0x00009809   Thumb Code    62  apfmimecontentpolicy.o(.text)
    CApfMimeContentPolicyImpl::~CApfMimeContentPolicyImpl__sub_object() 0x00009809   Thumb Code     0  apfmimecontentpolicy.o(.text)
    CApfMimeContentPolicyImpl::~CApfMimeContentPolicyImpl__deallocating() 0x00009847   Thumb Code    16  apfmimecontentpolicy.o(.text)
    __ARM_switch8                            0x0000985c   ARM Code      24  switch8.o(.text)
    __rt_switch8                             0x0000985c   ARM Code       0  switch8.o(.text)
    _E32Dll_Body                             0x00009875   Thumb Code    34  uc_dll.o(.text)
    __DLL_Export_Table__                     0x0000989c   ARM Code       4  dllexp.o(.text)
    CArrayFixFlat<CApaScanningFileRecognizer::TRecognizer>::~CArrayFixFlat__deallocating() 0x00009987   Thumb Code    16  APFREC.o(i._ZN13CArrayFixFlatIN26CApaScanningFileRecognizer11TRecognizerEED0Ev)
    CArrayFixFlat<CApaScanningFileRecognizer::TRecognizer>::~CArrayFixFlat() 0x00009997   Thumb Code     8  APFREC.o(i._ZN13CArrayFixFlatIN26CApaScanningFileRecognizer11TRecognizerEED1Ev)
    CArrayFixFlat<CApaScanningFileRecognizer::TRecognizer>::~CArrayFixFlat__sub_object() 0x00009997   Thumb Code     0  APFREC.o(i._ZN13CArrayFixFlatIN26CApaScanningFileRecognizer11TRecognizerEED1Ev)
    TPtrC16::Set(const TDesC16&)             0x0000999f   Thumb Code    28  aprfndr.o(i._ZN7TPtrC163SetERK7TDesC16)
    CArrayFix<CApaScanningFileRecognizer::TRecognizer>::~CArrayFix() 0x000099c7   Thumb Code     8  APFREC.o(i._ZN9CArrayFixIN26CApaScanningFileRecognizer11TRecognizerEED1Ev)
    CArrayFix<CApaScanningFileRecognizer::TRecognizer>::~CArrayFix__sub_object() 0x000099c7   Thumb Code     0  APFREC.o(i._ZN9CArrayFixIN26CApaScanningFileRecognizer11TRecognizerEED1Ev)
    operator delete (void*, void*)           0x000099cf   Thumb Code     2  aprfndr.o(i._ZdlPvS_)
    operator new(unsigned, void*)            0x000099d1   Thumb Code     4  aprfndr.o(i._ZnwjPv)
    CleanupClose<RResourceFile>::Close(void*) 0x000099d5   Thumb Code     8  apfmimecontentpolicy.o(t._ZN12CleanupCloseI13RResourceFileE5CloseEPv)
    CleanupClose<RFile>::Close(void*)        0x000099dd   Thumb Code     8  apfmimecontentpolicy.o(t._ZN12CleanupCloseI5RFileE5CloseEPv)
    RPointerArray<HBufC16>::operator [](int) 0x000099e5   Thumb Code     8  aprfndr.o(t._ZN13RPointerArrayI7HBufC16EixEi)
    RArray<TDriveUnitInfo>::operator [](int) 0x000099ed   Thumb Code     8  aprfndr.o(t._ZN6RArrayI14TDriveUnitInfoEixEi)
    RPointerArray<CApaRuleBasedDll>::Count() const 0x000099f5   Thumb Code     8  APRuleBased.o(t._ZNK13RPointerArrayI16CApaRuleBasedDllE5CountEv)
    typeinfo for CArrayFixFlat<CApaScanningFileRecognizer::TRecognizer> 0x00009dcc   Data          12  APFREC.o(.constdata__ZTI13CArrayFixFlatIN26CApaScanningFileRecognizer11TRecognizerEE)
    typeinfo for CAppSidChecker              0x00009dd8   Data          12  ApSidChecker.o(.constdata__ZTI14CAppSidChecker)
    typeinfo for CApaAppRegFinder            0x00009de4   Data          12  aprfndr.o(.constdata__ZTI16CApaAppRegFinder)
    typeinfo for CApaRuleBasedDll            0x00009df0   Data          12  APRuleBased.o(.constdata__ZTI16CApaRuleBasedDll)
    typeinfo for CApaRecognizerDll           0x00009dfc   Data          12  APFREC.o(.constdata__ZTI17CApaRecognizerDll)
    typeinfo for CAppLaunchChecker           0x00009e08   Data          12  ApLaunchChecker.o(.constdata__ZTI17CAppLaunchChecker)
    typeinfo for CApfMimeContentPolicy       0x00009e14   Data          12  apfmimecontentpolicy.o(.constdata__ZTI21CApfMimeContentPolicy)
    typeinfo for CApaAppUnInstallMonitor     0x00009e20   Data          12  apuninstallmonitor.o(.constdata__ZTI23CApaAppUnInstallMonitor)
    typeinfo for CApfMimeContentPolicyImpl   0x00009e2c   Data          12  apfmimecontentpolicy.o(.constdata__ZTI25CApfMimeContentPolicyImpl)
    typeinfo for CApaScanningFileRecognizer  0x00009e38   Data          12  APFREC.o(.constdata__ZTI26CApaScanningFileRecognizer)
    typeinfo for CApaScanningRuleBasedPlugIns 0x00009e44   Data          12  APRuleBased.o(.constdata__ZTI28CApaScanningRuleBasedPlugIns)
    typeinfo for CArrayFix<CApaScanningFileRecognizer::TRecognizer> 0x00009e50   Data          12  APFREC.o(.constdata__ZTI9CArrayFixIN26CApaScanningFileRecognizer11TRecognizerEE)
    typeinfo for CApaScanningFileRecognizer::CApaBackupOperationObserver 0x00009e5c   Data          32  APFREC.o(.constdata__ZTIN26CApaScanningFileRecognizer27CApaBackupOperationObserverE)
    typeinfo name for CArrayFixFlat<CApaScanningFileRecognizer::TRecognizer> 0x00009e7c   Data          61  APFREC.o(.constdata__ZTS13CArrayFixFlatIN26CApaScanningFileRecognizer11TRecognizerEE)
    typeinfo name for CAppSidChecker         0x00009eb9   Data          17  ApSidChecker.o(.constdata__ZTS14CAppSidChecker)
    typeinfo name for CApaAppRegFinder       0x00009eca   Data          19  aprfndr.o(.constdata__ZTS16CApaAppRegFinder)
    typeinfo name for CApaRuleBasedDll       0x00009edd   Data          19  APRuleBased.o(.constdata__ZTS16CApaRuleBasedDll)
    typeinfo name for CApaRecognizerDll      0x00009ef0   Data          20  APFREC.o(.constdata__ZTS17CApaRecognizerDll)
    typeinfo name for CAppLaunchChecker      0x00009f04   Data          20  ApLaunchChecker.o(.constdata__ZTS17CAppLaunchChecker)
    typeinfo name for CApfMimeContentPolicy  0x00009f18   Data          24  apfmimecontentpolicy.o(.constdata__ZTS21CApfMimeContentPolicy)
    typeinfo name for CApaAppUnInstallMonitor 0x00009f30   Data          26  apuninstallmonitor.o(.constdata__ZTS23CApaAppUnInstallMonitor)
    typeinfo name for CApfMimeContentPolicyImpl 0x00009f4a   Data          28  apfmimecontentpolicy.o(.constdata__ZTS25CApfMimeContentPolicyImpl)
    typeinfo name for CApaScanningFileRecognizer 0x00009f66   Data          29  APFREC.o(.constdata__ZTS26CApaScanningFileRecognizer)
    typeinfo name for CApaScanningRuleBasedPlugIns 0x00009f83   Data          31  APRuleBased.o(.constdata__ZTS28CApaScanningRuleBasedPlugIns)
    typeinfo name for CArrayFix<CApaScanningFileRecognizer::TRecognizer> 0x00009fa2   Data          56  APFREC.o(.constdata__ZTS9CArrayFixIN26CApaScanningFileRecognizer11TRecognizerEE)
    typeinfo name for CApaScanningFileRecognizer::CApaBackupOperationObserver 0x00009fda   Data          60  APFREC.o(.constdata__ZTSN26CApaScanningFileRecognizer27CApaBackupOperationObserverE)
    vtable for CArrayFixFlat<CApaScanningFileRecognizer::TRecognizer> 0x0000a018   Data          20  APFREC.o(.constdata__ZTV13CArrayFixFlatIN26CApaScanningFileRecognizer11TRecognizerEE)
    vtable for CAppSidChecker                0x0000a02c   Data          40  ApSidChecker.o(.constdata__ZTV14CAppSidChecker)
    vtable for CApaAppRegFinder              0x0000a054   Data          20  aprfndr.o(.constdata__ZTV16CApaAppRegFinder)
    vtable for CApaRuleBasedDll              0x0000a068   Data          20  APRuleBased.o(.constdata__ZTV16CApaRuleBasedDll)
    vtable for CApaRecognizerDll             0x0000a07c   Data          20  APFREC.o(.constdata__ZTV17CApaRecognizerDll)
    vtable for CAppLaunchChecker             0x0000a090   Data          36  ApLaunchChecker.o(.constdata__ZTV17CAppLaunchChecker)
    vtable for CApfMimeContentPolicy         0x0000a0b4   Data          20  apfmimecontentpolicy.o(.constdata__ZTV21CApfMimeContentPolicy)
    vtable for CApaAppUnInstallMonitor       0x0000a0c8   Data          32  apuninstallmonitor.o(.constdata__ZTV23CApaAppUnInstallMonitor)
    vtable for CApfMimeContentPolicyImpl     0x0000a0e8   Data          20  apfmimecontentpolicy.o(.constdata__ZTV25CApfMimeContentPolicyImpl)
    vtable for CApaScanningFileRecognizer    0x0000a0fc   Data          20  APFREC.o(.constdata__ZTV26CApaScanningFileRecognizer)
    vtable for CApaScanningRuleBasedPlugIns  0x0000a110   Data          20  APRuleBased.o(.constdata__ZTV28CApaScanningRuleBasedPlugIns)
    vtable for CApaScanningFileRecognizer::CApaBackupOperationObserver 0x0000a124   Data          40  APFREC.o(.constdata__ZTVN26CApaScanningFileRecognizer27CApaBackupOperationObserverE)
    .ARM.exidx$$Base                         0x0000a14c   Number         0  ucppinit_aeabi.o(.ARM.exidx)
    .ARM.exidx$$Limit                        0x0000a3d4   Number         0  apfmimecontentpolicy.o(.ARM.exidx)
    Image$$ER_RO$$Limit                      0x0000a3d4   Number         0  anon$$obj.o(linker$$defined$$symbols)

