ARM Linker, RVCT2.2 [Build 616]

================================================================================

Image Symbol Table

    Local Symbols

    Symbol Name                              Value     Ov Type        Size  Object(Section)

    ../../unhosted.s                         0x00000000   Number         0  switch8.o ABSOLUTE
    \EPOC32\BUILD\src\cedar\generic\base\e32\euser\EDLL\ARMV5\urel\uc_dll_.cpp 0x00000000   Number         0  uc_dll_.o ABSOLUTE
    \\EPOC32\\BUILD\\src\\cedar\\generic\\base\\e32\\euser\\EDLL\\ARMV5\\urel\\uc_dll_.cpp 0x00000000   Number         0  uc_dll_.o ABSOLUTE
    \\src\\cedar\\generic\\base\\e32\\compsupp\\RVCT2_2\\ucppinit_aeabi.cpp 0x00000000   Number         0  ucppinit_aeabi.o ABSOLUTE
    \src\cedar\generic\base\e32\compsupp\RVCT2_2\dllexp.cpp 0x00000000   Number         0  dllexp.o ABSOLUTE
    \src\cedar\generic\base\e32\compsupp\RVCT2_2\ucppinit_aeabi.cpp 0x00000000   Number         0  ucppinit_aeabi.o ABSOLUTE
    \src\cedar\generic\base\e32\euser\epoc\arm\uc_dll.cpp 0x00000000   Number         0  uc_dll.o ABSOLUTE
    \src\common\generic\app-framework\emime\apmime\apmfndr.cpp 0x00000000   Number         0  APMFNDR.o ABSOLUTE
    \src\common\generic\app-framework\emime\apmime\apmrec.cpp 0x00000000   Number         0  APMREC.o ABSOLUTE
    \src\common\generic\app-framework\emime\apmime\apmstd.cpp 0x00000000   Number         0  APMSTD.o ABSOLUTE
    \src\common\generic\app-framework\emime\apmime\datastor.cpp 0x00000000   Number         0  DATASTOR.o ABSOLUTE
    .emb_text                                0x00008000   Section       40  uc_dll_.o(.emb_text)
    .emb_text                                0x00008028   Section       72  ucppinit_aeabi.o(.emb_text)
    skip                                     0x0000803c   ARM Code       0  ucppinit_aeabi.o(.emb_text)
    loop                                     0x0000804c   ARM Code       0  ucppinit_aeabi.o(.emb_text)
    fpinit                                   0x00008064   Data           0  ucppinit_aeabi.o(.emb_text)
    base                                     0x00008068   Data           0  ucppinit_aeabi.o(.emb_text)
    limit                                    0x0000806c   Data           0  ucppinit_aeabi.o(.emb_text)
    .text                                    0x000083a0   Section     1672  APMFNDR.o(.text)
    .text                                    0x00008a28   Section     2040  APMREC.o(.text)
    .text                                    0x00009220   Section      532  APMSTD.o(.text)
    .text                                    0x00009434   Section     1572  DATASTOR.o(.text)
    .text                                    0x00009a58   Section       24  switch8.o(.text)
    .text                                    0x00009a70   Section       40  uc_dll.o(.text)
    .text                                    0x00009a98   Section        4  dllexp.o(.text)
    .text.clean                              0x00009a9c   Section       78  APMFNDR.o(.text.clean)
    .text.clean                              0x00009aea   Section       64  APMREC.o(.text.clean)
    .text.clean                              0x00009b2a   Section       72  DATASTOR.o(.text.clean)
    i._ZN13CArrayFixFlatI21TMappingDataTypeToAppED0Ev 0x00009b72   Section       16  DATASTOR.o(i._ZN13CArrayFixFlatI21TMappingDataTypeToAppED0Ev)
    i._ZN13CArrayFixFlatI21TMappingDataTypeToAppED1Ev 0x00009b82   Section        8  DATASTOR.o(i._ZN13CArrayFixFlatI21TMappingDataTypeToAppED1Ev)
    i._ZN13CArrayFixFlatIN26CApaScanningDataRecognizer11TRecognizerEED0Ev 0x00009b8a   Section       16  APMFNDR.o(i._ZN13CArrayFixFlatIN26CApaScanningDataRecognizer11TRecognizerEED0Ev)
    i._ZN13CArrayFixFlatIN26CApaScanningDataRecognizer11TRecognizerEED1Ev 0x00009b9a   Section        8  APMFNDR.o(i._ZN13CArrayFixFlatIN26CApaScanningDataRecognizer11TRecognizerEED1Ev)
    i._ZN22TDataRecognitionResultaSERKS_     0x00009ba2   Section       26  APMREC.o(i._ZN22TDataRecognitionResultaSERKS_)
    i._ZN24CDataRecognizerExtensionD0Ev      0x00009bbc   Section       16  APMREC.o(i._ZN24CDataRecognizerExtensionD0Ev)
    i._ZN24CDataRecognizerExtensionD1Ev      0x00009bcc   Section        8  APMREC.o(i._ZN24CDataRecognizerExtensionD1Ev)
    i._ZN26CApaScanningDataRecognizer31CApaScanningDataRecognizerExtraD0Ev 0x00009bd4   Section       16  APMFNDR.o(i._ZN26CApaScanningDataRecognizer31CApaScanningDataRecognizerExtraD0Ev)
    i._ZN26CApaScanningDataRecognizer31CApaScanningDataRecognizerExtraD1Ev 0x00009be4   Section        8  APMFNDR.o(i._ZN26CApaScanningDataRecognizer31CApaScanningDataRecognizerExtraD1Ev)
    i._ZN9CArrayFixI21TMappingDataTypeToAppED1Ev 0x00009bec   Section        8  DATASTOR.o(i._ZN9CArrayFixI21TMappingDataTypeToAppED1Ev)
    i._ZN9CArrayFixIN26CApaScanningDataRecognizer11TRecognizerEED1Ev 0x00009bf4   Section        8  APMFNDR.o(i._ZN9CArrayFixIN26CApaScanningDataRecognizer11TRecognizerEED1Ev)
    i._ZN9TDataTypeaSERKS_                   0x00009bfc   Section       26  APMREC.o(i._ZN9TDataTypeaSERKS_)
    i._ZdlPvS_                               0x00009c16   Section        2  DATASTOR.o(i._ZdlPvS_)
    i._ZnwjPv                                0x00009c18   Section        4  DATASTOR.o(i._ZnwjPv)
    t._ZN13RPointerArrayI17CApaRecognizerDllEixEi 0x00009c1c   Section        8  APMFNDR.o(t._ZN13RPointerArrayI17CApaRecognizerDllEixEi)
    t._ZN13RPointerArrayI22CApaDataRecognizerTypeE15ResetAndDestroyEv 0x00009c24   Section       48  APMREC.o(t._ZN13RPointerArrayI22CApaDataRecognizerTypeE15ResetAndDestroyEv)
    t._ZN13RPointerArrayI22CApaDataRecognizerTypeEixEi 0x00009c54   Section        8  APMREC.o(t._ZN13RPointerArrayI22CApaDataRecognizerTypeEixEi)
    t._ZN13TExternalizerI21TMappingDataTypeToAppE14ExternalizeAsLEPKvR12RWriteStream 0x00009c5c   Section       12  DATASTOR.o(t._ZN13TExternalizerI21TMappingDataTypeToAppE14ExternalizeAsLEPKvR12RWriteStream)
    t._ZN13TInternalizerI21TMappingDataTypeToAppE14InternalizeAsLEPvR11RReadStream 0x00009c68   Section       12  DATASTOR.o(t._ZN13TInternalizerI21TMappingDataTypeToAppE14InternalizeAsLEPvR11RReadStream)
    t._ZN5TBuf8ILi256EEC1Ev                  0x00009c74   Section       12  APMSTD.o(t._ZN5TBuf8ILi256EEC1Ev)
    t._ZN9CArrayFixI21TMappingDataTypeToAppEixEi 0x00009c80   Section        8  DATASTOR.o(t._ZN9CArrayFixI21TMappingDataTypeToAppEixEi)
    t._ZNK13RPointerArrayI17CApaRecognizerDllE5CountEv 0x00009c88   Section        8  APMFNDR.o(t._ZNK13RPointerArrayI17CApaRecognizerDllE5CountEv)
    t._ZNK13RPointerArrayI22CApaDataRecognizerTypeE5CountEv 0x00009c90   Section        8  APMREC.o(t._ZNK13RPointerArrayI22CApaDataRecognizerTypeE5CountEv)
    t._ZNK9CArrayFixI21TMappingDataTypeToAppEixEi 0x00009c98   Section        8  DATASTOR.o(t._ZNK9CArrayFixI21TMappingDataTypeToAppEixEi)
    .extab._ZN26CApaScanningDataRecognizer19LoadEcomRecognizerLER10TDriveUnit4TUid 0x00009ca0   Data           0  APMFNDR.o(.ARM.extab)
    .extab._ZN26CApaScanningDataRecognizer23ScanForEcomRecognizersLEv 0x00009cc8   Data           0  APMFNDR.o(.ARM.extab)
    .extab._ZN26CApaScanningDataRecognizer27CApaBackupOperationObserverC1ERS_ 0x00009cf0   Data           0  APMFNDR.o(.ARM.extab)
    .extab._ZN26CApaScanningDataRecognizerC1ER3RFs 0x00009d20   Data           0  APMFNDR.o(.ARM.extab)
    .extab._ZN26CApaScanningDataRecognizerD1Ev 0x00009d30   Data           0  APMFNDR.o(.ARM.extab)
    .extab._ZN26CApaScanningDataRecognizer27SetEcomRecognizersFromListLERK13CArrayFixFlatINS_11TRecognizerEE 0x00009d40   Data           0  APMFNDR.o(.ARM.extab)
    .extab._ZN26CApaScanningDataRecognizer27CApaBackupOperationObserverD1Ev 0x00009d68   Data           0  APMFNDR.o(.ARM.extab)
    .extab._ZN17CApaRecognizerDllD1Ev        0x00009d78   Data           0  APMFNDR.o(.ARM.extab)
    .extab._ZN18CApaDataRecognizer11DoRecognizeEP22CApaDataRecognizerTypeR16TDataToRecognizeRK9TDataTypeRi 0x00009d88   Data           0  APMREC.o(.ARM.extab)
    .extab._ZN18CApaDataRecognizer10RecognizeLER16TDataToRecognizeRK9TDataType 0x00009db0   Data           0  APMREC.o(.ARM.extab)
    .extab._ZN18CApaDataRecognizerD1Ev       0x00009dd8   Data           0  APMREC.o(.ARM.extab)
    .extab._ZN18CApaDataRecognizer16UpdateDataTypesLEv 0x00009de8   Data           0  APMREC.o(.ARM.extab)
    .extab._ZN18CApaDataRecognizerC1ER3RFs   0x00009e30   Data           0  APMREC.o(.ARM.extab)
    .extab._ZN22CApaDataRecognizerTypeD2Ev   0x00009e40   Data           0  APMREC.o(.ARM.extab)
    .extab._ZN22CApaDataRecognizerTypeC2E4TUidi 0x00009e50   Data           0  APMREC.o(.ARM.extab)
    .extab._ZNK9TDataType3DesEv              0x00009e60   Data           0  APMSTD.o(.ARM.extab)
    .extab._ZN17CTypeStoreManager12InternalizeLER11RReadStream 0x00009e6c   Data           0  DATASTOR.o(.ARM.extab)
    .extab._ZN17CTypeStoreManagerC1ER3RFs    0x00009e84   Data           0  DATASTOR.o(.ARM.extab)
    .extab._ZN17CTypeStoreManagerD1Ev        0x00009e9c   Data           0  DATASTOR.o(.ARM.extab)
    .extab._ZNK17CTypeStoreManager13OpenIniFileLCEv 0x00009eb4   Data           0  DATASTOR.o(.ARM.extab)
    .extab._ZN17CTypeStoreManager26InsertAndStoreDataMappingLERK9TDataTypel4TUidS3_ 0x00009edc   Data           0  DATASTOR.o(.ARM.extab)
    .extab._ZN17CTypeStoreManager26DeleteAndStoreDataMappingLERK9TDataType4TUid 0x00009f04   Data           0  DATASTOR.o(.ARM.extab)
    .constdata$1                             0x00009f2c   Data           0  APMFNDR.o(.constdata)
    KUidDataRecogInterFaceUid                0x00009f2c   Data           4  APMFNDR.o(.constdata)
    .constdata                               0x00009f2c   Section       12  APMFNDR.o(.constdata)
    KNullDesC                                0x00009f30   Data           8  APMFNDR.o(.constdata)
    .constdata$1                             0x00009f38   Data           0  APMREC.o(.constdata)
    KLitIllegalifier@_ZN16TDataToRecognize25PrepareForRecognizeLoopLCEv_0 0x00009f38   Data          12  APMREC.o(.constdata)
    .constdata                               0x00009f38   Section       12  APMREC.o(.constdata)
    .constdata$1                             0x00009f44   Data           0  APMSTD.o(.constdata)
    KApMimePanicCat@_Z5Panic9TApmPanic_0     0x00009f44   Data          20  APMSTD.o(.constdata)
    .constdata                               0x00009f44   Section       20  APMSTD.o(.constdata)
    .constdata$1                             0x00009f58   Data           0  DATASTOR.o(.constdata)
    KUidDatastor                             0x00009f58   Data           4  DATASTOR.o(.constdata)
    .constdata                               0x00009f58   Section       76  DATASTOR.o(.constdata)
    KUidDatastorSettings                     0x00009f5c   Data           4  DATASTOR.o(.constdata)
    KOpenServiceUid                          0x00009f60   Data           4  DATASTOR.o(.constdata)
    KIniFileName                             0x00009f64   Data          64  DATASTOR.o(.constdata)
    .constdata__ZTI13CArrayFixFlatI21TMappingDataTypeToAppE 0x00009fa4   Section       12  DATASTOR.o(.constdata__ZTI13CArrayFixFlatI21TMappingDataTypeToAppE)
    .constdata__ZTI13CArrayFixFlatIN26CApaScanningDataRecognizer11TRecognizerEE 0x00009fb0   Section       12  APMFNDR.o(.constdata__ZTI13CArrayFixFlatIN26CApaScanningDataRecognizer11TRecognizerEE)
    .constdata__ZTI17CApaRecognizerDll       0x00009fbc   Section       12  APMFNDR.o(.constdata__ZTI17CApaRecognizerDll)
    .constdata__ZTI17CTypeStoreManager       0x00009fc8   Section       12  DATASTOR.o(.constdata__ZTI17CTypeStoreManager)
    .constdata__ZTI18CApaDataRecognizer      0x00009fd4   Section       12  APMREC.o(.constdata__ZTI18CApaDataRecognizer)
    .constdata__ZTI22CApaDataRecognizerType  0x00009fe0   Section       12  APMREC.o(.constdata__ZTI22CApaDataRecognizerType)
    .constdata__ZTI24CDataRecognizerExtension 0x00009fec   Section       12  APMREC.o(.constdata__ZTI24CDataRecognizerExtension)
    .constdata__ZTI26CApaScanningDataRecognizer 0x00009ff8   Section       12  APMFNDR.o(.constdata__ZTI26CApaScanningDataRecognizer)
    .constdata__ZTI9CArrayFixI21TMappingDataTypeToAppE 0x0000a004   Section       12  DATASTOR.o(.constdata__ZTI9CArrayFixI21TMappingDataTypeToAppE)
    .constdata__ZTI9CArrayFixIN26CApaScanningDataRecognizer11TRecognizerEE 0x0000a010   Section       12  APMFNDR.o(.constdata__ZTI9CArrayFixIN26CApaScanningDataRecognizer11TRecognizerEE)
    .constdata__ZTIN26CApaScanningDataRecognizer27CApaBackupOperationObserverE 0x0000a01c   Section       32  APMFNDR.o(.constdata__ZTIN26CApaScanningDataRecognizer27CApaBackupOperationObserverE)
    .constdata__ZTIN26CApaScanningDataRecognizer31CApaScanningDataRecognizerExtraE 0x0000a03c   Section       12  APMFNDR.o(.constdata__ZTIN26CApaScanningDataRecognizer31CApaScanningDataRecognizerExtraE)
    .constdata__ZTS13CArrayFixFlatI21TMappingDataTypeToAppE 0x0000a048   Section       41  DATASTOR.o(.constdata__ZTS13CArrayFixFlatI21TMappingDataTypeToAppE)
    .constdata__ZTS13CArrayFixFlatIN26CApaScanningDataRecognizer11TRecognizerEE 0x0000a071   Section       61  APMFNDR.o(.constdata__ZTS13CArrayFixFlatIN26CApaScanningDataRecognizer11TRecognizerEE)
    .constdata__ZTS17CApaRecognizerDll       0x0000a0ae   Section       20  APMFNDR.o(.constdata__ZTS17CApaRecognizerDll)
    .constdata__ZTS17CTypeStoreManager       0x0000a0c2   Section       20  DATASTOR.o(.constdata__ZTS17CTypeStoreManager)
    .constdata__ZTS18CApaDataRecognizer      0x0000a0d6   Section       21  APMREC.o(.constdata__ZTS18CApaDataRecognizer)
    .constdata__ZTS22CApaDataRecognizerType  0x0000a0eb   Section       25  APMREC.o(.constdata__ZTS22CApaDataRecognizerType)
    .constdata__ZTS24CDataRecognizerExtension 0x0000a104   Section       27  APMREC.o(.constdata__ZTS24CDataRecognizerExtension)
    .constdata__ZTS26CApaScanningDataRecognizer 0x0000a11f   Section       29  APMFNDR.o(.constdata__ZTS26CApaScanningDataRecognizer)
    .constdata__ZTS9CArrayFixI21TMappingDataTypeToAppE 0x0000a13c   Section       36  DATASTOR.o(.constdata__ZTS9CArrayFixI21TMappingDataTypeToAppE)
    .constdata__ZTS9CArrayFixIN26CApaScanningDataRecognizer11TRecognizerEE 0x0000a160   Section       56  APMFNDR.o(.constdata__ZTS9CArrayFixIN26CApaScanningDataRecognizer11TRecognizerEE)
    .constdata__ZTSN26CApaScanningDataRecognizer27CApaBackupOperationObserverE 0x0000a198   Section       60  APMFNDR.o(.constdata__ZTSN26CApaScanningDataRecognizer27CApaBackupOperationObserverE)
    .constdata__ZTSN26CApaScanningDataRecognizer31CApaScanningDataRecognizerExtraE 0x0000a1d4   Section       64  APMFNDR.o(.constdata__ZTSN26CApaScanningDataRecognizer31CApaScanningDataRecognizerExtraE)
    .constdata__ZTV13CArrayFixFlatI21TMappingDataTypeToAppE 0x0000a214   Section       20  DATASTOR.o(.constdata__ZTV13CArrayFixFlatI21TMappingDataTypeToAppE)
    .constdata__ZTV13CArrayFixFlatIN26CApaScanningDataRecognizer11TRecognizerEE 0x0000a228   Section       20  APMFNDR.o(.constdata__ZTV13CArrayFixFlatIN26CApaScanningDataRecognizer11TRecognizerEE)
    .constdata__ZTV17CApaRecognizerDll       0x0000a23c   Section       20  APMFNDR.o(.constdata__ZTV17CApaRecognizerDll)
    .constdata__ZTV17CTypeStoreManager       0x0000a250   Section       20  DATASTOR.o(.constdata__ZTV17CTypeStoreManager)
    .constdata__ZTV18CApaDataRecognizer      0x0000a264   Section       24  APMREC.o(.constdata__ZTV18CApaDataRecognizer)
    .constdata__ZTV22CApaDataRecognizerType  0x0000a27c   Section       36  APMREC.o(.constdata__ZTV22CApaDataRecognizerType)
    .constdata__ZTV24CDataRecognizerExtension 0x0000a2a0   Section       20  APMREC.o(.constdata__ZTV24CDataRecognizerExtension)
    .constdata__ZTV26CApaScanningDataRecognizer 0x0000a2b4   Section       24  APMFNDR.o(.constdata__ZTV26CApaScanningDataRecognizer)
    .constdata__ZTVN26CApaScanningDataRecognizer27CApaBackupOperationObserverE 0x0000a2cc   Section       40  APMFNDR.o(.constdata__ZTVN26CApaScanningDataRecognizer27CApaBackupOperationObserverE)
    .constdata__ZTVN26CApaScanningDataRecognizer31CApaScanningDataRecognizerExtraE 0x0000a2f4   Section       20  APMFNDR.o(.constdata__ZTVN26CApaScanningDataRecognizer31CApaScanningDataRecognizerExtraE)
    .ARM.exidx                               0x0000a308   Section        8  ucppinit_aeabi.o(.ARM.exidx)

    Global Symbols

    Symbol Name                              Value     Ov Type        Size  Object(Section)

    BuildAttributes$$THUMB_ISAv2$ARM_ISAv5$M$PE$A:L22$X:L11$S22$IEEE1$IW$USESV6$~STKCKD$USESV7$~SHL$OSPACE$ROPI$IEEEJ$EBA8$UX$FPIC$INDIRECT$REQ8$PRES8$EABIv2 0x00000000   Number         0  anon$$obj.o ABSOLUTE
    apmime{000a0000}[10003a1a].dll           0x00000000   Data           0  anon$$obj.o ABSOLUTE
    bafl{000a0000}[10003a0f].dll             0x00000000   Data           0  anon$$obj.o ABSOLUTE
    drtaeabi{000a0000}.dll                   0x00000000   Data           0  anon$$obj.o ABSOLUTE
    ecom{000a0000}[10009d8e].dll             0x00000000   Data           0  anon$$obj.o ABSOLUTE
    efsrv{000a0000}[100039e4].dll            0x00000000   Data           0  anon$$obj.o ABSOLUTE
    estor{000a0000}[10003b0d].dll            0x00000000   Data           0  anon$$obj.o ABSOLUTE
    euser{000a0000}[100039e5].dll            0x00000000   Data           0  anon$$obj.o ABSOLUTE
    scppnwdl{000a0000}.dll                   0x00000000   Data           0  anon$$obj.o ABSOLUTE
    SHT$$INIT_ARRAY$$Base                     - Undefined Weak Reference
    SHT$$INIT_ARRAY$$Limit                    - Undefined Weak Reference
    ExternalizeL(const TDesC8&, RWriteStream&)  - Undefined Reference
    _Z12ExternalizeLRK6TDesC8R12RWriteStream@estor{000a0000}[10003b0d].dll  - Undefined Reference
    InternalizeL(TDes8&, RReadStream&)        - Undefined Reference
    _Z12InternalizeLR5TDes8R11RReadStream@estor{000a0000}[10003b0d].dll  - Undefined Reference
    DoExternalizeAllL(const CArrayFixBase&, RWriteStream&, TExternalizer<void>)  - Undefined Reference
    _Z17DoExternalizeAllLRK13CArrayFixBaseR12RWriteStream13TExternalizerIvE@estor{000a0000}[10003b0d].dll  - Undefined Reference
    DoInternalizeAllL(CArrayFixBase&, RReadStream&, TInternalizer<void>)  - Undefined Reference
    _Z17DoInternalizeAllLR13CArrayFixBaseR11RReadStream13TInternalizerIvE@estor{000a0000}[10003b0d].dll  - Undefined Reference
    ArrayExternalizeCountL(int, RWriteStream&)  - Undefined Reference
    _Z22ArrayExternalizeCountLiR12RWriteStream@estor{000a0000}[10003b0d].dll  - Undefined Reference
    ArrayInternalizeCountL(RReadStream&)      - Undefined Reference
    _Z22ArrayInternalizeCountLR11RReadStream@estor{000a0000}[10003b0d].dll  - Undefined Reference
    RArrayBase::Reset()                       - Undefined Reference
    _ZN10RArrayBase5ResetEv@euser{000a0000}[100039e5].dll  - Undefined Reference
    RArrayBase::Append(const void*)           - Undefined Reference
    _ZN10RArrayBase6AppendEPKv@euser{000a0000}[100039e5].dll  - Undefined Reference
    RArrayBase::RArrayBase(int, int)          - Undefined Reference
    _ZN10RArrayBaseC1Eii@euser{000a0000}[100039e5].dll  - Undefined Reference
    TBufBase16::TBufBase16(const TDesC16&, int)  - Undefined Reference
    _ZN10TBufBase16C1ERK7TDesC16i@euser{000a0000}[100039e5].dll  - Undefined Reference
    TBufBase16::TBufBase16(int)               - Undefined Reference
    _ZN10TBufBase16C1Ei@euser{000a0000}[100039e5].dll  - Undefined Reference
    TDriveUnit::TDriveUnit(int)               - Undefined Reference
    _ZN10TDriveUnitC1Ei@efsrv{000a0000}[100039e4].dll  - Undefined Reference
    RReadStream::ReadInt32L()                 - Undefined Reference
    _ZN11RReadStream10ReadInt32LEv@estor{000a0000}[10003b0d].dll  - Undefined Reference
    CleanupStack::PopAndDestroy(int)          - Undefined Reference
    _ZN12CleanupStack13PopAndDestroyEi@euser{000a0000}[100039e5].dll  - Undefined Reference
    CleanupStack::PopAndDestroy()             - Undefined Reference
    _ZN12CleanupStack13PopAndDestroyEv@euser{000a0000}[100039e5].dll  - Undefined Reference
    CleanupStack::Pop()                       - Undefined Reference
    _ZN12CleanupStack3PopEv@euser{000a0000}[100039e5].dll  - Undefined Reference
    CleanupStack::PushL(TCleanupItem)         - Undefined Reference
    _ZN12CleanupStack5PushLE12TCleanupItem@euser{000a0000}[100039e5].dll  - Undefined Reference
    CleanupStack::PushL(CBase*)               - Undefined Reference
    _ZN12CleanupStack5PushLEP5CBase@euser{000a0000}[100039e5].dll  - Undefined Reference
    CleanupStack::PushL(void*)                - Undefined Reference
    _ZN12CleanupStack5PushLEPv@euser{000a0000}[100039e5].dll  - Undefined Reference
    REComSession::ListImplementationsL(TUid, RPointerArray<CImplementationInformation>&)  - Undefined Reference
    _ZN12REComSession20ListImplementationsLE4TUidR13RPointerArrayI26CImplementationInformationE@ecom{000a0000}[10009d8e].dll  - Undefined Reference
    REComSession::CreateImplementationL(TUid, TUid&)  - Undefined Reference
    _ZN12REComSession21CreateImplementationLE4TUidRS0_@ecom{000a0000}[10009d8e].dll  - Undefined Reference
    REComSession::DestroyedImplementation(TUid)  - Undefined Reference
    _ZN12REComSession23DestroyedImplementationE4TUid@ecom{000a0000}[10009d8e].dll  - Undefined Reference
    RWriteStream::WriteInt32L(long)           - Undefined Reference
    _ZN12RWriteStream11WriteInt32LEl@estor{000a0000}[10003b0d].dll  - Undefined Reference
    RWriteStream::CommitL()                   - Undefined Reference
    _ZN12RWriteStream7CommitLEv@estor{000a0000}[10003b0d].dll  - Undefined Reference
    CArrayFixBase::Delete(int)                - Undefined Reference
    _ZN13CArrayFixBase6DeleteEi@euser{000a0000}[100039e5].dll  - Undefined Reference
    CArrayFixBase::InsertL(int, const void*)  - Undefined Reference
    _ZN13CArrayFixBase7InsertLEiPKv@euser{000a0000}[100039e5].dll  - Undefined Reference
    CArrayFixBase::ResizeL(int, const void*)  - Undefined Reference
    _ZN13CArrayFixBase7ResizeLEiPKv@euser{000a0000}[100039e5].dll  - Undefined Reference
    CArrayFixBase::CArrayFixBase(CBufBase*(*)(int), int, int)  - Undefined Reference
    _ZN13CArrayFixBaseC1EPFP8CBufBaseiEii@euser{000a0000}[100039e5].dll  - Undefined Reference
    CArrayFixBase::~CArrayFixBase()           - Undefined Reference
    _ZN13CArrayFixBaseD1Ev@euser{000a0000}[100039e5].dll  - Undefined Reference
    CDictionaryStore::CommitL()               - Undefined Reference
    _ZN16CDictionaryStore7CommitLEv@estor{000a0000}[10003b0d].dll  - Undefined Reference
    CDictionaryStore::RemoveL(TUid)           - Undefined Reference
    _ZN16CDictionaryStore7RemoveLE4TUid@estor{000a0000}[10003b0d].dll  - Undefined Reference
    RPointerArrayBase::Close()                - Undefined Reference
    _ZN17RPointerArrayBase5CloseEv@euser{000a0000}[100039e5].dll  - Undefined Reference
    RPointerArrayBase::Reset()                - Undefined Reference
    _ZN17RPointerArrayBase5ResetEv@euser{000a0000}[100039e5].dll  - Undefined Reference
    RPointerArrayBase::Append(const void*)    - Undefined Reference
    _ZN17RPointerArrayBase6AppendEPKv@euser{000a0000}[100039e5].dll  - Undefined Reference
    RPointerArrayBase::Insert(const void*, int)  - Undefined Reference
    _ZN17RPointerArrayBase6InsertEPKvi@euser{000a0000}[100039e5].dll  - Undefined Reference
    RPointerArrayBase::Remove(int)            - Undefined Reference
    _ZN17RPointerArrayBase6RemoveEi@euser{000a0000}[100039e5].dll  - Undefined Reference
    RPointerArrayBase::Compress()             - Undefined Reference
    _ZN17RPointerArrayBase8CompressEv@euser{000a0000}[100039e5].dll  - Undefined Reference
    RPointerArrayBase::RPointerArrayBase(int)  - Undefined Reference
    _ZN17RPointerArrayBaseC1Ei@euser{000a0000}[100039e5].dll  - Undefined Reference
    RPointerArrayBase::RPointerArrayBase()    - Undefined Reference
    _ZN17RPointerArrayBaseC1Ev@euser{000a0000}[100039e5].dll  - Undefined Reference
    CDictionaryFileStore::OpenL(RFs&, const TDesC16&, TUid)  - Undefined Reference
    _ZN20CDictionaryFileStore5OpenLER3RFsRK7TDesC164TUid@estor{000a0000}[10003b0d].dll  - Undefined Reference
    CDictionaryFileStore::OpenLC(RFs&, const TDesC16&, TUid)  - Undefined Reference
    _ZN20CDictionaryFileStore6OpenLCER3RFsRK7TDesC164TUid@estor{000a0000}[10003b0d].dll  - Undefined Reference
    RDictionaryReadStream::OpenLC(const CDictionaryStore&, TUid)  - Undefined Reference
    _ZN21RDictionaryReadStream6OpenLCERK16CDictionaryStore4TUid@estor{000a0000}[10003b0d].dll  - Undefined Reference
    RDictionaryWriteStream::AssignLC(CDictionaryStore&, TUid)  - Undefined Reference
    _ZN22RDictionaryWriteStream8AssignLCER16CDictionaryStore4TUid@estor{000a0000}[10003b0d].dll  - Undefined Reference
    CBaBackupSessionWrapper::RegisterBackupOperationObserverL(MBackupOperationObserver&)  - Undefined Reference
    _ZN23CBaBackupSessionWrapper32RegisterBackupOperationObserverLER24MBackupOperationObserver@bafl{000a0000}[10003a0f].dll  - Undefined Reference
    CBaBackupSessionWrapper::DeRegisterBackupOperationObserver(MBackupOperationObserver&)  - Undefined Reference
    _ZN23CBaBackupSessionWrapper33DeRegisterBackupOperationObserverER24MBackupOperationObserver@bafl{000a0000}[10003a0f].dll  - Undefined Reference
    CBaBackupSessionWrapper::NewL()           - Undefined Reference
    _ZN23CBaBackupSessionWrapper4NewLEv@bafl{000a0000}[10003a0f].dll  - Undefined Reference
    MBackupOperationObserver::Reserved1()     - Undefined Reference
    _ZN24MBackupOperationObserver9Reserved1Ev@bafl{000a0000}[10003a0f].dll  - Undefined Reference
    RFs::GetSystemDriveChar()                 - Undefined Reference
    _ZN3RFs18GetSystemDriveCharEv@efsrv{000a0000}[100039e4].dll  - Undefined Reference
    RFs::Delete(const TDesC16&)               - Undefined Reference
    _ZN3RFs6DeleteERK7TDesC16@efsrv{000a0000}[100039e4].dll  - Undefined Reference
    RFs::MkDirAll(const TDesC16&)             - Undefined Reference
    _ZN3RFs8MkDirAllERK7TDesC16@efsrv{000a0000}[100039e4].dll  - Undefined Reference
    User::LeaveIfError(int)                   - Undefined Reference
    _ZN4User12LeaveIfErrorEi@euser{000a0000}[100039e5].dll  - Undefined Reference
    User::MarkCleanupStack()                  - Undefined Reference
    _ZN4User16MarkCleanupStackEv@euser{000a0000}[100039e5].dll  - Undefined Reference
    User::UnMarkCleanupStack(TTrapHandler*)   - Undefined Reference
    _ZN4User18UnMarkCleanupStackEP12TTrapHandler@euser{000a0000}[100039e5].dll  - Undefined Reference
    User::Leave(int)                          - Undefined Reference
    _ZN4User5LeaveEi@euser{000a0000}[100039e5].dll  - Undefined Reference
    User::Panic(const TDesC16&, int)          - Undefined Reference
    _ZN4User5PanicERK7TDesC16i@euser{000a0000}[100039e5].dll  - Undefined Reference
    User::AllocL(int)                         - Undefined Reference
    _ZN4User6AllocLEi@euser{000a0000}[100039e5].dll  - Undefined Reference
    User::AllocZL(int)                        - Undefined Reference
    _ZN4User7AllocZLEi@euser{000a0000}[100039e5].dll  - Undefined Reference
    User::Invariant()                         - Undefined Reference
    _ZN4User9InvariantEv@euser{000a0000}[100039e5].dll  - Undefined Reference
    CBase::Extension_(unsigned, void*&, void*)  - Undefined Reference
    _ZN5CBase10Extension_EjRPvS0_@euser{000a0000}[100039e5].dll  - Undefined Reference
    CBase::~CBase()                           - Undefined Reference
    _ZN5CBaseD1Ev@euser{000a0000}[100039e5].dll  - Undefined Reference
    TDes8::Copy(const TDesC8&)                - Undefined Reference
    _ZN5TDes84CopyERK6TDesC8@euser{000a0000}[100039e5].dll  - Undefined Reference
    TDes8::AppendNum(long long)               - Undefined Reference
    _ZN5TDes89AppendNumEx@euser{000a0000}[100039e5].dll  - Undefined Reference
    TLex8::SkipAndMark(int, TLexMark8&)       - Undefined Reference
    _ZN5TLex811SkipAndMarkEiR9TLexMark8@euser{000a0000}[100039e5].dll  - Undefined Reference
    TLex8::Val(long&)                         - Undefined Reference
    _ZN5TLex83ValERl@euser{000a0000}[100039e5].dll  - Undefined Reference
    TLex8::Assign(const TDesC8&)              - Undefined Reference
    _ZN5TLex86AssignERK6TDesC8@euser{000a0000}[100039e5].dll  - Undefined Reference
    HBufC8::Des()                             - Undefined Reference
    _ZN6HBufC83DesEv@euser{000a0000}[100039e5].dll  - Undefined Reference
    HBufC8::NewL(int)                         - Undefined Reference
    _ZN6HBufC84NewLEi@euser{000a0000}[100039e5].dll  - Undefined Reference
    RBuf16::Close()                           - Undefined Reference
    _ZN6RBuf165CloseEv@euser{000a0000}[100039e5].dll  - Undefined Reference
    RBuf16::CreateL(int)                      - Undefined Reference
    _ZN6RBuf167CreateLEi@euser{000a0000}[100039e5].dll  - Undefined Reference
    RBuf16::RBuf16()                          - Undefined Reference
    _ZN6RBuf16C1Ev@euser{000a0000}[100039e5].dll  - Undefined Reference
    TDes16::Copy(const TDesC8&)               - Undefined Reference
    _ZN6TDes164CopyERK6TDesC8@euser{000a0000}[100039e5].dll  - Undefined Reference
    TDes16::Append(TChar)                     - Undefined Reference
    _ZN6TDes166AppendE5TChar@euser{000a0000}[100039e5].dll  - Undefined Reference
    TDes16::Append(const TDesC16&)            - Undefined Reference
    _ZN6TDes166AppendERK7TDesC16@euser{000a0000}[100039e5].dll  - Undefined Reference
    TDes16::Insert(int, const TDesC16&)       - Undefined Reference
    _ZN6TDes166InsertEiRK7TDesC16@euser{000a0000}[100039e5].dll  - Undefined Reference
    TPtrC8::TPtrC8(const unsigned char*)      - Undefined Reference
    _ZN6TPtrC8C1EPKh@euser{000a0000}[100039e5].dll  - Undefined Reference
    TPtrC8::TPtrC8(const TDesC8&)             - Undefined Reference
    _ZN6TPtrC8C1ERK6TDesC8@euser{000a0000}[100039e5].dll  - Undefined Reference
    TPtrC16::TPtrC16(const TDesC16&)          - Undefined Reference
    _ZN7TPtrC16C1ERK7TDesC16@euser{000a0000}[100039e5].dll  - Undefined Reference
    CBufFlat::NewL(int)                       - Undefined Reference
    _ZN8CBufFlat4NewLEi@euser{000a0000}[100039e5].dll  - Undefined Reference
    RLibrary::Close()                         - Undefined Reference
    _ZN8RLibrary5CloseEv@euser{000a0000}[100039e5].dll  - Undefined Reference
    TBufBase8::TBufBase8(const TDesC8&, int)  - Undefined Reference
    _ZN9TBufBase8C1ERK6TDesC8i@euser{000a0000}[100039e5].dll  - Undefined Reference
    TBufBase8::TBufBase8(int)                 - Undefined Reference
    _ZN9TBufBase8C1Ei@euser{000a0000}[100039e5].dll  - Undefined Reference
    RArrayBase::At(int) const                 - Undefined Reference
    _ZNK10RArrayBase2AtEi@euser{000a0000}[100039e5].dll  - Undefined Reference
    RArrayBase::Count() const                 - Undefined Reference
    _ZNK10RArrayBase5CountEv@euser{000a0000}[100039e5].dll  - Undefined Reference
    TDriveUnit::Name() const                  - Undefined Reference
    _ZNK10TDriveUnit4NameEv@efsrv{000a0000}[100039e4].dll  - Undefined Reference
    CArrayFixBase::At(int) const              - Undefined Reference
    _ZNK13CArrayFixBase2AtEi@euser{000a0000}[100039e5].dll  - Undefined Reference
    XLeaveException::GetReason() const        - Undefined Reference
    _ZNK15XLeaveException9GetReasonEv@euser{000a0000}[100039e5].dll  - Undefined Reference
    RPointerArrayBase::At(int) const          - Undefined Reference
    _ZNK17RPointerArrayBase2AtEi@euser{000a0000}[100039e5].dll  - Undefined Reference
    RPointerArrayBase::Count() const          - Undefined Reference
    _ZNK17RPointerArrayBase5CountEv@euser{000a0000}[100039e5].dll  - Undefined Reference
    TUid::operator ==(const TUid&) const      - Undefined Reference
    _ZNK4TUideqERKS_@euser{000a0000}[100039e5].dll  - Undefined Reference
    TUid::operator !=(const TUid&) const      - Undefined Reference
    _ZNK4TUidneERKS_@euser{000a0000}[100039e5].dll  - Undefined Reference
    RFile::Name(TDes16&) const                - Undefined Reference
    _ZNK5RFile4NameER6TDes16@efsrv{000a0000}[100039e4].dll  - Undefined Reference
    RFile::Read(TDes8&) const                 - Undefined Reference
    _ZNK5RFile4ReadER5TDes8@efsrv{000a0000}[100039e4].dll  - Undefined Reference
    RFile::Seek(TSeek, int&) const            - Undefined Reference
    _ZNK5RFile4SeekE5TSeekRi@efsrv{000a0000}[100039e4].dll  - Undefined Reference
    TDesC8::Left(int) const                   - Undefined Reference
    _ZNK6TDesC84LeftEi@euser{000a0000}[100039e5].dll  - Undefined Reference
    TDesC8::Match(const TDesC8&) const        - Undefined Reference
    _ZNK6TDesC85MatchERKS_@euser{000a0000}[100039e5].dll  - Undefined Reference
    TDesC8::CompareF(const TDesC8&) const     - Undefined Reference
    _ZNK6TDesC88CompareFERKS_@euser{000a0000}[100039e5].dll  - Undefined Reference
    TDesC16::AtC(int) const                   - Undefined Reference
    _ZNK7TDesC163AtCEi@euser{000a0000}[100039e5].dll  - Undefined Reference
    TDesC16::AllocL() const                   - Undefined Reference
    _ZNK7TDesC166AllocLEv@euser{000a0000}[100039e5].dll  - Undefined Reference
    RProcess::SecureId() const                - Undefined Reference
    _ZNK8RProcess8SecureIdEv@euser{000a0000}[100039e5].dll  - Undefined Reference
    typeinfo for CArrayFixBase                - Undefined Reference
    _ZTI13CArrayFixBase@euser{000a0000}[100039e5].dll  - Undefined Reference
    typeinfo for XLeaveException              - Undefined Reference
    _ZTI15XLeaveException@drtaeabi{000a0000}.dll  - Undefined Reference
    typeinfo for MBackupOperationObserver     - Undefined Reference
    _ZTI24MBackupOperationObserver@bafl{000a0000}[10003a0f].dll  - Undefined Reference
    typeinfo for CBase                        - Undefined Reference
    _ZTI5CBase@euser{000a0000}[100039e5].dll  - Undefined Reference
    vtable for __cxxabiv1::__si_class_type_info  - Undefined Reference
    _ZTVN10__cxxabiv120__si_class_type_infoE@drtaeabi{000a0000}.dll  - Undefined Reference
    vtable for __cxxabiv1::__vmi_class_type_info  - Undefined Reference
    _ZTVN10__cxxabiv121__vmi_class_type_infoE@drtaeabi{000a0000}.dll  - Undefined Reference
    operator delete (void*)                   - Undefined Reference
    _ZdlPv@scppnwdl{000a0000}.dll             - Undefined Reference
    __aeabi_memcpy                            - Undefined Reference
    __aeabi_memcpy4                           - Undefined Reference
    __aeabi_memcpy4@drtaeabi{000a0000}.dll    - Undefined Reference
    __aeabi_memcpy@drtaeabi{000a0000}.dll     - Undefined Reference
    __aeabi_unwind_cpp_pr0                    - Undefined Reference
    __aeabi_unwind_cpp_pr0@drtaeabi{000a0000}.dll  - Undefined Reference
    __aeabi_unwind_cpp_pr1                    - Undefined Reference
    __aeabi_unwind_cpp_pr1@drtaeabi{000a0000}.dll  - Undefined Reference
    __cxa_begin_catch                         - Undefined Reference
    __cxa_begin_catch@drtaeabi{000a0000}.dll  - Undefined Reference
    __cxa_end_catch                           - Undefined Reference
    __cxa_end_catch@drtaeabi{000a0000}.dll    - Undefined Reference
    __cxa_end_cleanup                         - Undefined Reference
    __cxa_end_cleanup@drtaeabi{000a0000}.dll  - Undefined Reference
    __cxa_pure_virtual                        - Undefined Reference
    __cxa_pure_virtual@drtaeabi{000a0000}.dll  - Undefined Reference
    _fp_init                                  - Undefined Weak Reference
    run_static_dtors                          - Undefined Weak Reference
    Image$$ER_RO$$Base                       0x00008000   Number         0  anon$$obj.o(linker$$defined$$symbols)
    _E32Dll                                  0x00008000   ARM Code      40  uc_dll_.o(.emb_text)
    Symbian$$CPP$$Exception$$Descriptor      0x00008014   Data           0  uc_dll_.o(.emb_text)
    __cpp_initialize__aeabi_                 0x00008028   ARM Code      72  ucppinit_aeabi.o(.emb_text)
    std::nothrow                             0x00008070   ARM Code       0  ucppinit_aeabi.o(.emb_text)
    __PLT                                    0x00008070   ARM Code       0  anon$$obj.o(.plt)
    CleanUpEComInfoArray(void*)              0x000083a1   Thumb Code    54  APMFNDR.o(.text)
    RecognizerNameL(TUid)                    0x000083d7   Thumb Code   104  APMFNDR.o(.text)
    CApaScanningDataRecognizer::CApaBackupOperationObserver::UpdateCounter() const 0x0000843f   Thumb Code     4  APMFNDR.o(.text)
    CApaScanningDataRecognizer::CApaBackupOperationObserver::SetUpdateCounter(int) 0x00008443   Thumb Code     4  APMFNDR.o(.text)
    CApaScanningDataRecognizer::RemoveRecognizer(CApaRecognizerDll*) 0x00008447   Thumb Code   122  APMFNDR.o(.text)
    CApaScanningDataRecognizer::TRecognizer::TRecognizer(HBufC16*) 0x000084c1   Thumb Code     4  APMFNDR.o(.text)
    CApaScanningDataRecognizer::TRecognizer::TRecognizer__sub_object(HBufC16*) 0x000084c1   Thumb Code     0  APMFNDR.o(.text)
    CApaRecognizerDll::CApaRecognizerDll(HBufC16*) 0x000084c5   Thumb Code    12  APMFNDR.o(.text)
    CApaRecognizerDll::CApaRecognizerDll__sub_object(HBufC16*) 0x000084c5   Thumb Code     0  APMFNDR.o(.text)
    CApaScanningDataRecognizer::LoadEcomRecognizerL(TDriveUnit&, TUid) 0x000084d1   Thumb Code   218  APMFNDR.o(.text)
    CApaScanningDataRecognizer::ScanForEcomRecognizersL() 0x000085ab   Thumb Code   118  APMFNDR.o(.text)
    CApaScanningDataRecognizer::ScanForRecognizersL() 0x00008621   Thumb Code    92  APMFNDR.o(.text)
    CApaScanningDataRecognizer::LoadRecognizersL() 0x0000867d   Thumb Code    28  APMFNDR.o(.text)
    CApaScanningDataRecognizer::CApaBackupOperationObserver::RegisterObserverL() 0x00008699   Thumb Code    18  APMFNDR.o(.text)
    CApaScanningDataRecognizer::CApaBackupOperationObserver::CApaBackupOperationObserver(CApaScanningDataRecognizer&) 0x000086ab   Thumb Code    60  APMFNDR.o(.text)
    CApaScanningDataRecognizer::CApaBackupOperationObserver::CApaBackupOperationObserver__sub_object(CApaScanningDataRecognizer&) 0x000086ab   Thumb Code     0  APMFNDR.o(.text)
    CApaScanningDataRecognizer::ConstructL(int) 0x000086e7   Thumb Code    66  APMFNDR.o(.text)
    CApaScanningDataRecognizer::CApaScanningDataRecognizer(RFs&) 0x00008729   Thumb Code    30  APMFNDR.o(.text)
    CApaScanningDataRecognizer::CApaScanningDataRecognizer__sub_object(RFs&) 0x00008729   Thumb Code     0  APMFNDR.o(.text)
    CApaScanningDataRecognizer::NewL(RFs&, int) 0x00008747   Thumb Code    42  APMFNDR.o(.text)
    CApaScanningDataRecognizer::NewL(RFs&)   0x00008771   Thumb Code     4  APMFNDR.o(.text)
    CApaScanningDataRecognizer::UnloadRecognizers() 0x00008775   Thumb Code    92  APMFNDR.o(.text)
    CApaScanningDataRecognizer::~CApaScanningDataRecognizer() 0x000087d1   Thumb Code    54  APMFNDR.o(.text)
    CApaScanningDataRecognizer::~CApaScanningDataRecognizer__sub_object() 0x000087d1   Thumb Code     0  APMFNDR.o(.text)
    CApaScanningDataRecognizer::~CApaScanningDataRecognizer__deallocating() 0x00008807   Thumb Code    16  APMFNDR.o(.text)
    CApaScanningDataRecognizer::RecognizerCount() 0x00008817   Thumb Code    12  APMFNDR.o(.text)
    CApaScanningDataRecognizer::RecognizerListLC() const 0x00008823   Thumb Code    80  APMFNDR.o(.text)
    CApaScanningDataRecognizer::operator [](int) const 0x00008873   Thumb Code    16  APMFNDR.o(.text)
    CApaScanningDataRecognizer::UpdateCounter() const 0x00008883   Thumb Code    12  APMFNDR.o(.text)
    CApaScanningDataRecognizer::ConstructL() 0x0000888f   Thumb Code     4  APMFNDR.o(.text)
    CApaScanningDataRecognizer::SetEcomRecognizersFromListL(const CArrayFixFlat<CApaScanningDataRecognizer::TRecognizer>&) 0x00008893   Thumb Code   106  APMFNDR.o(.text)
    CApaScanningDataRecognizer::SetEcomRecognizerL(const CApaScanningDataRecognizer::TRecognizer&) 0x000088fd   Thumb Code    26  APMFNDR.o(.text)
    CApaScanningDataRecognizer::CApaBackupOperationObserver::~CApaBackupOperationObserver() 0x00008917   Thumb Code    44  APMFNDR.o(.text)
    CApaScanningDataRecognizer::CApaBackupOperationObserver::~CApaBackupOperationObserver__sub_object() 0x00008917   Thumb Code     0  APMFNDR.o(.text)
    CApaScanningDataRecognizer::CApaBackupOperationObserver::~CApaBackupOperationObserver__deallocating() 0x00008943   Thumb Code    16  APMFNDR.o(.text)
    CApaScanningDataRecognizer::CApaBackupOperationObserver::HandleBackupOperationEventL(const TBackupOperationAttributes&) 0x00008953   Thumb Code   132  APMFNDR.o(.text)
    thunk{-4} to CApaScanningDataRecognizer::CApaBackupOperationObserver::HandleBackupOperationEventL(const TBackupOperationAttributes&) 0x000089d7   Thumb Code     4  APMFNDR.o(.text)
    CApaRecognizerDll::~CApaRecognizerDll()  0x000089db   Thumb Code    40  APMFNDR.o(.text)
    CApaRecognizerDll::~CApaRecognizerDll__sub_object() 0x000089db   Thumb Code     0  APMFNDR.o(.text)
    CApaRecognizerDll::~CApaRecognizerDll__deallocating() 0x00008a03   Thumb Code    16  APMFNDR.o(.text)
    TDataRecognitionResult::Reset()          0x00008a29   Thumb Code    34  APMREC.o(.text)
    TDataToRecognize::PopOffCleanupStackAndResetAfterRecognizeLoopL() 0x00008a4b   Thumb Code    16  APMREC.o(.text)
    TDataToRecognize::RecognizeL(CApaDataRecognizerType&) 0x00008a5b   Thumb Code    14  APMREC.o(.text)
    CApaDataRecognizerType::RecognizeL(TDataToRecognize&) 0x00008a69   Thumb Code    68  APMREC.o(.text)
    CApaDataRecognizer::DoRecognize(CApaDataRecognizerType*, TDataToRecognize&, const TDataType&, int&) 0x00008aad   Thumb Code   160  APMREC.o(.text)
    TDataToRecognize::ResetAfterRecognizeLoopL() 0x00008b4d   Thumb Code    76  APMREC.o(.text)
    TDataToRecognize::ResetAfterRecognizeLoopL(void*) 0x00008b99   Thumb Code     2  APMREC.o(.text)
    TDataToRecognize::PrepareForRecognizeLoopLC() 0x00008b9b   Thumb Code   158  APMREC.o(.text)
    CApaDataRecognizer::RecognizeL(TDataToRecognize&) 0x00008c39   Thumb Code   136  APMREC.o(.text)
    TDataToRecognize::TDataToRecognize(const TDesC16&, const TDesC8&) 0x00008cc1   Thumb Code    18  APMREC.o(.text)
    TDataToRecognize::TDataToRecognize__sub_object(const TDesC16&, const TDesC8&) 0x00008cc1   Thumb Code     0  APMREC.o(.text)
    CApaDataRecognizer::RecognizeL(const TDesC16&, const TDesC8&) 0x00008cd3   Thumb Code    30  APMREC.o(.text)
    TDataToRecognize::TDataToRecognize(CApaDataRecognizer&, RFile&, int) 0x00008cf1   Thumb Code    20  APMREC.o(.text)
    TDataToRecognize::TDataToRecognize__sub_object(CApaDataRecognizer&, RFile&, int) 0x00008cf1   Thumb Code     0  APMREC.o(.text)
    CApaDataRecognizer::RecognizeL(RFile&, int) 0x00008d05   Thumb Code    26  APMREC.o(.text)
    CApaDataRecognizer::RecognizeL(TDataToRecognize&, const TDataType&) 0x00008d1f   Thumb Code   238  APMREC.o(.text)
    CApaDataRecognizer::RecognizeL(const TDesC16&, const TDesC8&, const TDataType&) 0x00008e0d   Thumb Code    26  APMREC.o(.text)
    CApaDataRecognizer::RecognizeL(RFile&, int, const TDataType&) 0x00008e27   Thumb Code    32  APMREC.o(.text)
    CApaDataRecognizer::~CApaDataRecognizer() 0x00008e47   Thumb Code    32  APMREC.o(.text)
    CApaDataRecognizer::~CApaDataRecognizer__sub_object() 0x00008e47   Thumb Code     0  APMREC.o(.text)
    CApaDataRecognizer::~CApaDataRecognizer__deallocating() 0x00008e67   Thumb Code    16  APMREC.o(.text)
    CApaDataRecognizer::PreferredBufSize() const 0x00008e77   Thumb Code    62  APMREC.o(.text)
    CApaDataRecognizer::DataTypeL(CArrayFixFlat<TDataType>&) 0x00008eb5   Thumb Code    46  APMREC.o(.text)
    CApaDataRecognizer::AddDataTypeL(const TDataType&) 0x00008ee3   Thumb Code    58  APMREC.o(.text)
    CApaDataRecognizerType::UpdateDataTypesL() 0x00008f1d   Thumb Code     2  APMREC.o(.text)
    CApaDataRecognizer::UpdateDataTypesL()   0x00008f1f   Thumb Code   166  APMREC.o(.text)
    CApaDataRecognizer::AcceptedConfidence() const 0x00008fc5   Thumb Code     4  APMREC.o(.text)
    CApaDataRecognizer::SetAcceptedConfidence(int) 0x00008fc9   Thumb Code     4  APMREC.o(.text)
    CApaDataRecognizer::CApaDataRecognizer(RFs&) 0x00008fcd   Thumb Code    64  APMREC.o(.text)
    CApaDataRecognizer::CApaDataRecognizer__sub_object(RFs&) 0x00008fcd   Thumb Code     0  APMREC.o(.text)
    CApaDataRecognizerType::DataRecognizerExtension() 0x0000900d   Thumb Code     8  APMREC.o(.text)
    CApaDataRecognizer::AddDataRecognizerTypeL(CApaDataRecognizerType*) 0x00009015   Thumb Code    88  APMREC.o(.text)
    CApaDataRecognizer::RemoveDataRecognizerType(const CApaDataRecognizerType*) 0x0000906d   Thumb Code   120  APMREC.o(.text)
    CApaDataRecognizer::DestroyRecognizerList() 0x000090e5   Thumb Code    20  APMREC.o(.text)
    CApaDataRecognizer::CApaDataRecognizer_Reserved_1() 0x000090f9   Thumb Code     2  APMREC.o(.text)
    CApaDataRecognizerType::RecognizeL(const TDesC16&, const TDesC8&) 0x000090fb   Thumb Code    30  APMREC.o(.text)
    CApaDataRecognizerType::MimeType()       0x00009119   Thumb Code    10  APMREC.o(.text)
    CApaDataRecognizerType::Lock()           0x00009123   Thumb Code    12  APMREC.o(.text)
    CApaDataRecognizerType::Unlock()         0x0000912f   Thumb Code    16  APMREC.o(.text)
    CApaDataRecognizerType::~CApaDataRecognizerType() 0x0000913f   Thumb Code     0  APMREC.o(.text)
    CApaDataRecognizerType::~CApaDataRecognizerType__sub_object() 0x0000913f   Thumb Code    44  APMREC.o(.text)
    CApaDataRecognizerType::~CApaDataRecognizerType__deallocating() 0x0000916b   Thumb Code    16  APMREC.o(.text)
    CApaDataRecognizerType::PreferredBufSize() 0x0000917b   Thumb Code     4  APMREC.o(.text)
    CApaDataRecognizerType::CApaDataRecognizerType__sub_object(TUid, int) 0x0000917f   Thumb Code    30  APMREC.o(.text)
    CApaDataRecognizerType::FilePassedByHandleL() 0x0000919d   Thumb Code    42  APMREC.o(.text)
    CApaDataRecognizerType::DoRecognizeL(const TDesC16&, const TDesC8&) 0x000091c7   Thumb Code    24  APMREC.o(.text)
    CApaDataRecognizerType::Reserved_1()     0x000091df   Thumb Code     2  APMREC.o(.text)
    CApaDataRecognizerType::CreateDataRecognizerL(TUid) 0x000091e1   Thumb Code    46  APMREC.o(.text)
    TDataType::ParseDes()                    0x00009221   Thumb Code   116  APMSTD.o(.text)
    TDataType::InternalizeL(RReadStream&)    0x00009295   Thumb Code    22  APMSTD.o(.text)
    TDataType::ExternalizeL(RWriteStream&) const 0x000092ab   Thumb Code    12  APMSTD.o(.text)
    Panic(TApmPanic)                         0x000092b7   Thumb Code    12  APMSTD.o(.text)
    TDataType::TDataType()                   0x000092c3   Thumb Code    16  APMSTD.o(.text)
    TDataType::TDataType__sub_object()       0x000092c3   Thumb Code     0  APMSTD.o(.text)
    TDataType::TDataType(const TDataType&)   0x000092d3   Thumb Code    44  APMSTD.o(.text)
    TDataType::TDataType__sub_object(const TDataType&) 0x000092d3   Thumb Code     0  APMSTD.o(.text)
    TDataType::TDataType(const TDesC8&)      0x000092ff   Thumb Code    30  APMSTD.o(.text)
    TDataType::TDataType__sub_object(const TDesC8&) 0x000092ff   Thumb Code     0  APMSTD.o(.text)
    TDataType::TDataType(TUid)               0x0000931d   Thumb Code    46  APMSTD.o(.text)
    TDataType::TDataType__sub_object(TUid)   0x0000931d   Thumb Code     0  APMSTD.o(.text)
    TDataType::operator ==(const TDataType&) const 0x0000934b   Thumb Code    18  APMSTD.o(.text)
    TDataType::operator !=(const TDataType&) const 0x0000935d   Thumb Code     8  APMSTD.o(.text)
    TDataType::IsNative() const              0x00009365   Thumb Code    18  APMSTD.o(.text)
    TDataType::Des() const                   0x00009377   Thumb Code    66  APMSTD.o(.text)
    TDataType::Des8() const                  0x000093b9   Thumb Code    18  APMSTD.o(.text)
    TDataType::Uid() const                   0x000093cb   Thumb Code     8  APMSTD.o(.text)
    TDataTypeWithPriority::TDataTypeWithPriority() 0x000093d3   Thumb Code     2  APMSTD.o(.text)
    TDataTypeWithPriority::TDataTypeWithPriority__sub_object() 0x000093d3   Thumb Code     0  APMSTD.o(.text)
    TDataTypeWithPriority::TDataTypeWithPriority(const TDataType&, long) 0x000093d5   Thumb Code    16  APMSTD.o(.text)
    TDataTypeWithPriority::TDataTypeWithPriority__sub_object(const TDataType&, long) 0x000093d5   Thumb Code     0  APMSTD.o(.text)
    TDataTypeWithPriority::InternalizeL(RReadStream&) 0x000093e5   Thumb Code    30  APMSTD.o(.text)
    TDataTypeWithPriority::ExternalizeL(RWriteStream&) const 0x00009403   Thumb Code    30  APMSTD.o(.text)
    TMappingDataTypeToApp::InternalizeL(RReadStream&) 0x00009435   Thumb Code    44  DATASTOR.o(.text)
    TMappingDataTypeToApp::TMappingDataTypeToApp() 0x00009461   Thumb Code    48  DATASTOR.o(.text)
    TMappingDataTypeToApp::TMappingDataTypeToApp__sub_object() 0x00009461   Thumb Code     0  DATASTOR.o(.text)
    TMappingDataTypeToApp::ExternalizeL(RWriteStream&) const 0x00009491   Thumb Code    44  DATASTOR.o(.text)
    CTypeStoreManager::ExternalizeL(RWriteStream&) const 0x000094bd   Thumb Code    28  DATASTOR.o(.text)
    CTypeStoreManager::InternalizeL(RReadStream&) 0x000094d9   Thumb Code    66  DATASTOR.o(.text)
    TMappingDataTypeToApp::TMappingDataTypeToApp(const TDataType&, long, TUid) 0x0000951b   Thumb Code    26  DATASTOR.o(.text)
    TMappingDataTypeToApp::TMappingDataTypeToApp__sub_object(const TDataType&, long, TUid) 0x0000951b   Thumb Code     0  DATASTOR.o(.text)
    TMappingDataTypeToApp::TMappingDataTypeToApp(const TDataType&, long, TUid, TUid) 0x00009535   Thumb Code    22  DATASTOR.o(.text)
    TMappingDataTypeToApp::TMappingDataTypeToApp__sub_object(const TDataType&, long, TUid, TUid) 0x00009535   Thumb Code     0  DATASTOR.o(.text)
    CTypeStoreManager::ConstructL()          0x0000954b   Thumb Code    48  DATASTOR.o(.text)
    CTypeStoreManager::CTypeStoreManager(RFs&) 0x0000957b   Thumb Code    70  DATASTOR.o(.text)
    CTypeStoreManager::CTypeStoreManager__sub_object(RFs&) 0x0000957b   Thumb Code     0  DATASTOR.o(.text)
    CTypeStoreManager::NewL(RFs&)            0x000095c1   Thumb Code    36  DATASTOR.o(.text)
    CTypeStoreManager::~CTypeStoreManager()  0x000095e5   Thumb Code    30  DATASTOR.o(.text)
    CTypeStoreManager::~CTypeStoreManager__sub_object() 0x000095e5   Thumb Code     0  DATASTOR.o(.text)
    CTypeStoreManager::~CTypeStoreManager__deallocating() 0x00009603   Thumb Code    16  DATASTOR.o(.text)
    CTypeStoreManager::OpenIniFileLC() const 0x00009613   Thumb Code   170  DATASTOR.o(.text)
    CTypeStoreManager::StoreL()              0x000096bd   Thumb Code    70  DATASTOR.o(.text)
    CTypeStoreManager::RestoreL()            0x00009703   Thumb Code    42  DATASTOR.o(.text)
    CTypeStoreManager::FindDataMapping(const TDataType&, const TUid&) const 0x0000972d   Thumb Code    88  DATASTOR.o(.text)
    CTypeStoreManager::GetAppByDataType(const TDataType&, TUid, TUid&) const 0x00009785   Thumb Code    38  DATASTOR.o(.text)
    CTypeStoreManager::GetAppByDataType(const TDataType&, TUid&) const 0x000097ab   Thumb Code     8  DATASTOR.o(.text)
    CTypeStoreManager::GetDataTypesByAppL(TUid, CArrayFix<TDataType>*) const 0x000097b3   Thumb Code   134  DATASTOR.o(.text)
    CTypeStoreManager::MappingArray() const  0x00009839   Thumb Code     4  DATASTOR.o(.text)
    CTypeStoreManager::InsertDataMappingL(const TDataType&, long, TUid, TUid) 0x0000983d   Thumb Code    92  DATASTOR.o(.text)
    CTypeStoreManager::InsertDataMappingL(const TDataType&, long, TUid) 0x00009899   Thumb Code    14  DATASTOR.o(.text)
    CTypeStoreManager::InsertIfHigherL(const TDataType&, long, TUid, TUid) 0x000098a7   Thumb Code    62  DATASTOR.o(.text)
    CTypeStoreManager::InsertIfHigherL(const TDataType&, long, TUid) 0x000098e5   Thumb Code    14  DATASTOR.o(.text)
    CTypeStoreManager::DeleteDataMapping(const TDataType&, TUid) 0x000098f3   Thumb Code    20  DATASTOR.o(.text)
    CTypeStoreManager::DeleteDataMapping(const TDataType&) 0x00009907   Thumb Code     6  DATASTOR.o(.text)
    CTypeStoreManager::InsertAndStoreDataMappingL(const TDataType&, long, TUid, TUid) 0x0000990d   Thumb Code    78  DATASTOR.o(.text)
    CTypeStoreManager::InsertAndStoreDataMappingL(const TDataType&, long, TUid) 0x0000995b   Thumb Code    14  DATASTOR.o(.text)
    CTypeStoreManager::InsertAndStoreIfHigherL(const TDataType&, long, TUid, TUid) 0x00009969   Thumb Code    62  DATASTOR.o(.text)
    CTypeStoreManager::InsertAndStoreIfHigherL(const TDataType&, long, TUid) 0x000099a7   Thumb Code    14  DATASTOR.o(.text)
    CTypeStoreManager::DeleteAndStoreDataMappingL(const TDataType&, TUid) 0x000099b5   Thumb Code   152  DATASTOR.o(.text)
    CTypeStoreManager::DeleteAndStoreDataMappingL(const TDataType&) 0x00009a4d   Thumb Code     6  DATASTOR.o(.text)
    __ARM_switch8                            0x00009a58   ARM Code      24  switch8.o(.text)
    __rt_switch8                             0x00009a58   ARM Code       0  switch8.o(.text)
    _E32Dll_Body                             0x00009a71   Thumb Code    34  uc_dll.o(.text)
    __DLL_Export_Table__                     0x00009a98   ARM Code       4  dllexp.o(.text)
    CArrayFixFlat<TMappingDataTypeToApp>::~CArrayFixFlat__deallocating() 0x00009b73   Thumb Code    16  DATASTOR.o(i._ZN13CArrayFixFlatI21TMappingDataTypeToAppED0Ev)
    CArrayFixFlat<TMappingDataTypeToApp>::~CArrayFixFlat() 0x00009b83   Thumb Code     8  DATASTOR.o(i._ZN13CArrayFixFlatI21TMappingDataTypeToAppED1Ev)
    CArrayFixFlat<TMappingDataTypeToApp>::~CArrayFixFlat__sub_object() 0x00009b83   Thumb Code     0  DATASTOR.o(i._ZN13CArrayFixFlatI21TMappingDataTypeToAppED1Ev)
    CArrayFixFlat<CApaScanningDataRecognizer::TRecognizer>::~CArrayFixFlat__deallocating() 0x00009b8b   Thumb Code    16  APMFNDR.o(i._ZN13CArrayFixFlatIN26CApaScanningDataRecognizer11TRecognizerEED0Ev)
    CArrayFixFlat<CApaScanningDataRecognizer::TRecognizer>::~CArrayFixFlat() 0x00009b9b   Thumb Code     8  APMFNDR.o(i._ZN13CArrayFixFlatIN26CApaScanningDataRecognizer11TRecognizerEED1Ev)
    CArrayFixFlat<CApaScanningDataRecognizer::TRecognizer>::~CArrayFixFlat__sub_object() 0x00009b9b   Thumb Code     0  APMFNDR.o(i._ZN13CArrayFixFlatIN26CApaScanningDataRecognizer11TRecognizerEED1Ev)
    TDataRecognitionResult::operator =(const TDataRecognitionResult&) 0x00009ba3   Thumb Code    26  APMREC.o(i._ZN22TDataRecognitionResultaSERKS_)
    CDataRecognizerExtension::~CDataRecognizerExtension__deallocating() 0x00009bbd   Thumb Code    16  APMREC.o(i._ZN24CDataRecognizerExtensionD0Ev)
    CDataRecognizerExtension::~CDataRecognizerExtension() 0x00009bcd   Thumb Code     8  APMREC.o(i._ZN24CDataRecognizerExtensionD1Ev)
    CDataRecognizerExtension::~CDataRecognizerExtension__sub_object() 0x00009bcd   Thumb Code     0  APMREC.o(i._ZN24CDataRecognizerExtensionD1Ev)
    CApaScanningDataRecognizer::CApaScanningDataRecognizerExtra::~CApaScanningDataRecognizerExtra__deallocating() 0x00009bd5   Thumb Code    16  APMFNDR.o(i._ZN26CApaScanningDataRecognizer31CApaScanningDataRecognizerExtraD0Ev)
    CApaScanningDataRecognizer::CApaScanningDataRecognizerExtra::~CApaScanningDataRecognizerExtra() 0x00009be5   Thumb Code     8  APMFNDR.o(i._ZN26CApaScanningDataRecognizer31CApaScanningDataRecognizerExtraD1Ev)
    CApaScanningDataRecognizer::CApaScanningDataRecognizerExtra::~CApaScanningDataRecognizerExtra__sub_object() 0x00009be5   Thumb Code     0  APMFNDR.o(i._ZN26CApaScanningDataRecognizer31CApaScanningDataRecognizerExtraD1Ev)
    CArrayFix<TMappingDataTypeToApp>::~CArrayFix() 0x00009bed   Thumb Code     8  DATASTOR.o(i._ZN9CArrayFixI21TMappingDataTypeToAppED1Ev)
    CArrayFix<TMappingDataTypeToApp>::~CArrayFix__sub_object() 0x00009bed   Thumb Code     0  DATASTOR.o(i._ZN9CArrayFixI21TMappingDataTypeToAppED1Ev)
    CArrayFix<CApaScanningDataRecognizer::TRecognizer>::~CArrayFix() 0x00009bf5   Thumb Code     8  APMFNDR.o(i._ZN9CArrayFixIN26CApaScanningDataRecognizer11TRecognizerEED1Ev)
    CArrayFix<CApaScanningDataRecognizer::TRecognizer>::~CArrayFix__sub_object() 0x00009bf5   Thumb Code     0  APMFNDR.o(i._ZN9CArrayFixIN26CApaScanningDataRecognizer11TRecognizerEED1Ev)
    TDataType::operator =(const TDataType&)  0x00009bfd   Thumb Code    26  APMREC.o(i._ZN9TDataTypeaSERKS_)
    operator delete (void*, void*)           0x00009c17   Thumb Code     2  DATASTOR.o(i._ZdlPvS_)
    operator new(unsigned, void*)            0x00009c19   Thumb Code     4  DATASTOR.o(i._ZnwjPv)
    RPointerArray<CApaRecognizerDll>::operator [](int) 0x00009c1d   Thumb Code     8  APMFNDR.o(t._ZN13RPointerArrayI17CApaRecognizerDllEixEi)
    RPointerArray<CApaDataRecognizerType>::ResetAndDestroy() 0x00009c25   Thumb Code    48  APMREC.o(t._ZN13RPointerArrayI22CApaDataRecognizerTypeE15ResetAndDestroyEv)
    RPointerArray<CApaDataRecognizerType>::operator [](int) 0x00009c55   Thumb Code     8  APMREC.o(t._ZN13RPointerArrayI22CApaDataRecognizerTypeEixEi)
    TExternalizer<TMappingDataTypeToApp>::ExternalizeAsL(const void*, RWriteStream&) 0x00009c5d   Thumb Code    12  DATASTOR.o(t._ZN13TExternalizerI21TMappingDataTypeToAppE14ExternalizeAsLEPKvR12RWriteStream)
    TInternalizer<TMappingDataTypeToApp>::InternalizeAsL(void*, RReadStream&) 0x00009c69   Thumb Code    12  DATASTOR.o(t._ZN13TInternalizerI21TMappingDataTypeToAppE14InternalizeAsLEPvR11RReadStream)
    TBuf8<(int)256>::TBuf8()                 0x00009c75   Thumb Code    12  APMSTD.o(t._ZN5TBuf8ILi256EEC1Ev)
    TBuf8<(int)256>::TBuf8__sub_object()     0x00009c75   Thumb Code     0  APMSTD.o(t._ZN5TBuf8ILi256EEC1Ev)
    CArrayFix<TMappingDataTypeToApp>::operator [](int) 0x00009c81   Thumb Code     8  DATASTOR.o(t._ZN9CArrayFixI21TMappingDataTypeToAppEixEi)
    RPointerArray<CApaRecognizerDll>::Count() const 0x00009c89   Thumb Code     8  APMFNDR.o(t._ZNK13RPointerArrayI17CApaRecognizerDllE5CountEv)
    RPointerArray<CApaDataRecognizerType>::Count() const 0x00009c91   Thumb Code     8  APMREC.o(t._ZNK13RPointerArrayI22CApaDataRecognizerTypeE5CountEv)
    CArrayFix<TMappingDataTypeToApp>::operator [](int) const 0x00009c99   Thumb Code     8  DATASTOR.o(t._ZNK9CArrayFixI21TMappingDataTypeToAppEixEi)
    typeinfo for CArrayFixFlat<TMappingDataTypeToApp> 0x00009fa4   Data          12  DATASTOR.o(.constdata__ZTI13CArrayFixFlatI21TMappingDataTypeToAppE)
    typeinfo for CArrayFixFlat<CApaScanningDataRecognizer::TRecognizer> 0x00009fb0   Data          12  APMFNDR.o(.constdata__ZTI13CArrayFixFlatIN26CApaScanningDataRecognizer11TRecognizerEE)
    typeinfo for CApaRecognizerDll           0x00009fbc   Data          12  APMFNDR.o(.constdata__ZTI17CApaRecognizerDll)
    typeinfo for CTypeStoreManager           0x00009fc8   Data          12  DATASTOR.o(.constdata__ZTI17CTypeStoreManager)
    typeinfo for CApaDataRecognizer          0x00009fd4   Data          12  APMREC.o(.constdata__ZTI18CApaDataRecognizer)
    typeinfo for CApaDataRecognizerType      0x00009fe0   Data          12  APMREC.o(.constdata__ZTI22CApaDataRecognizerType)
    typeinfo for CDataRecognizerExtension    0x00009fec   Data          12  APMREC.o(.constdata__ZTI24CDataRecognizerExtension)
    typeinfo for CApaScanningDataRecognizer  0x00009ff8   Data          12  APMFNDR.o(.constdata__ZTI26CApaScanningDataRecognizer)
    typeinfo for CArrayFix<TMappingDataTypeToApp> 0x0000a004   Data          12  DATASTOR.o(.constdata__ZTI9CArrayFixI21TMappingDataTypeToAppE)
    typeinfo for CArrayFix<CApaScanningDataRecognizer::TRecognizer> 0x0000a010   Data          12  APMFNDR.o(.constdata__ZTI9CArrayFixIN26CApaScanningDataRecognizer11TRecognizerEE)
    typeinfo for CApaScanningDataRecognizer::CApaBackupOperationObserver 0x0000a01c   Data          32  APMFNDR.o(.constdata__ZTIN26CApaScanningDataRecognizer27CApaBackupOperationObserverE)
    typeinfo for CApaScanningDataRecognizer::CApaScanningDataRecognizerExtra 0x0000a03c   Data          12  APMFNDR.o(.constdata__ZTIN26CApaScanningDataRecognizer31CApaScanningDataRecognizerExtraE)
    typeinfo name for CArrayFixFlat<TMappingDataTypeToApp> 0x0000a048   Data          41  DATASTOR.o(.constdata__ZTS13CArrayFixFlatI21TMappingDataTypeToAppE)
    typeinfo name for CArrayFixFlat<CApaScanningDataRecognizer::TRecognizer> 0x0000a071   Data          61  APMFNDR.o(.constdata__ZTS13CArrayFixFlatIN26CApaScanningDataRecognizer11TRecognizerEE)
    typeinfo name for CApaRecognizerDll      0x0000a0ae   Data          20  APMFNDR.o(.constdata__ZTS17CApaRecognizerDll)
    typeinfo name for CTypeStoreManager      0x0000a0c2   Data          20  DATASTOR.o(.constdata__ZTS17CTypeStoreManager)
    typeinfo name for CApaDataRecognizer     0x0000a0d6   Data          21  APMREC.o(.constdata__ZTS18CApaDataRecognizer)
    typeinfo name for CApaDataRecognizerType 0x0000a0eb   Data          25  APMREC.o(.constdata__ZTS22CApaDataRecognizerType)
    typeinfo name for CDataRecognizerExtension 0x0000a104   Data          27  APMREC.o(.constdata__ZTS24CDataRecognizerExtension)
    typeinfo name for CApaScanningDataRecognizer 0x0000a11f   Data          29  APMFNDR.o(.constdata__ZTS26CApaScanningDataRecognizer)
    typeinfo name for CArrayFix<TMappingDataTypeToApp> 0x0000a13c   Data          36  DATASTOR.o(.constdata__ZTS9CArrayFixI21TMappingDataTypeToAppE)
    typeinfo name for CArrayFix<CApaScanningDataRecognizer::TRecognizer> 0x0000a160   Data          56  APMFNDR.o(.constdata__ZTS9CArrayFixIN26CApaScanningDataRecognizer11TRecognizerEE)
    typeinfo name for CApaScanningDataRecognizer::CApaBackupOperationObserver 0x0000a198   Data          60  APMFNDR.o(.constdata__ZTSN26CApaScanningDataRecognizer27CApaBackupOperationObserverE)
    typeinfo name for CApaScanningDataRecognizer::CApaScanningDataRecognizerExtra 0x0000a1d4   Data          64  APMFNDR.o(.constdata__ZTSN26CApaScanningDataRecognizer31CApaScanningDataRecognizerExtraE)
    vtable for CArrayFixFlat<TMappingDataTypeToApp> 0x0000a214   Data          20  DATASTOR.o(.constdata__ZTV13CArrayFixFlatI21TMappingDataTypeToAppE)
    vtable for CArrayFixFlat<CApaScanningDataRecognizer::TRecognizer> 0x0000a228   Data          20  APMFNDR.o(.constdata__ZTV13CArrayFixFlatIN26CApaScanningDataRecognizer11TRecognizerEE)
    vtable for CApaRecognizerDll             0x0000a23c   Data          20  APMFNDR.o(.constdata__ZTV17CApaRecognizerDll)
    vtable for CTypeStoreManager             0x0000a250   Data          20  DATASTOR.o(.constdata__ZTV17CTypeStoreManager)
    vtable for CApaDataRecognizer            0x0000a264   Data          24  APMREC.o(.constdata__ZTV18CApaDataRecognizer)
    vtable for CApaDataRecognizerType        0x0000a27c   Data          36  APMREC.o(.constdata__ZTV22CApaDataRecognizerType)
    vtable for CDataRecognizerExtension      0x0000a2a0   Data          20  APMREC.o(.constdata__ZTV24CDataRecognizerExtension)
    vtable for CApaScanningDataRecognizer    0x0000a2b4   Data          24  APMFNDR.o(.constdata__ZTV26CApaScanningDataRecognizer)
    vtable for CApaScanningDataRecognizer::CApaBackupOperationObserver 0x0000a2cc   Data          40  APMFNDR.o(.constdata__ZTVN26CApaScanningDataRecognizer27CApaBackupOperationObserverE)
    vtable for CApaScanningDataRecognizer::CApaScanningDataRecognizerExtra 0x0000a2f4   Data          20  APMFNDR.o(.constdata__ZTVN26CApaScanningDataRecognizer31CApaScanningDataRecognizerExtraE)
    .ARM.exidx$$Base                         0x0000a308   Number         0  ucppinit_aeabi.o(.ARM.exidx)
    .ARM.exidx$$Limit                        0x0000a608   Number         0  APMSTD.o(.ARM.exidx)
    Image$$ER_RO$$Limit                      0x0000a608   Number         0  anon$$obj.o(linker$$defined$$symbols)

