ARM Linker, RVCT2.2 [Build 616]

================================================================================

Image Symbol Table

    Local Symbols

    Symbol Name                              Value     Ov Type        Size  Object(Section)

    ../../unhosted.s                         0x00000000   Number         0  switch8.o ABSOLUTE
    \EPOC32\BUILD\src\cedar\generic\base\e32\euser\EDLL\ARMV5\urel\uc_dll_.cpp 0x00000000   Number         0  uc_dll_.o ABSOLUTE
    \\EPOC32\\BUILD\\src\\cedar\\generic\\base\\e32\\euser\\EDLL\\ARMV5\\urel\\uc_dll_.cpp 0x00000000   Number         0  uc_dll_.o ABSOLUTE
    \\src\\cedar\\generic\\base\\e32\\compsupp\\RVCT2_2\\ucppinit_aeabi.cpp 0x00000000   Number         0  ucppinit_aeabi.o ABSOLUTE
    \src\cedar\generic\base\e32\compsupp\RVCT2_2\dllexp.cpp 0x00000000   Number         0  dllexp.o ABSOLUTE
    \src\cedar\generic\base\e32\compsupp\RVCT2_2\ucppinit_aeabi.cpp 0x00000000   Number         0  ucppinit_aeabi.o ABSOLUTE
    \src\cedar\generic\base\e32\euser\epoc\arm\uc_dll.cpp 0x00000000   Number         0  uc_dll.o ABSOLUTE
    \src\common\generic\app-engines\cntmodel\CNTPHONE\cntphone.cpp 0x00000000   Number         0  cntphone.o ABSOLUTE
    .emb_text                                0x00008000   Section       40  uc_dll_.o(.emb_text)
    .emb_text                                0x00008028   Section       72  ucppinit_aeabi.o(.emb_text)
    skip                                     0x0000803c   ARM Code       0  ucppinit_aeabi.o(.emb_text)
    loop                                     0x0000804c   ARM Code       0  ucppinit_aeabi.o(.emb_text)
    fpinit                                   0x00008064   Data           0  ucppinit_aeabi.o(.emb_text)
    base                                     0x00008068   Data           0  ucppinit_aeabi.o(.emb_text)
    limit                                    0x0000806c   Data           0  ucppinit_aeabi.o(.emb_text)
    .text                                    0x00008100   Section      372  cntphone.o(.text)
    .text                                    0x00008274   Section       24  switch8.o(.text)
    .text                                    0x0000828c   Section       40  uc_dll.o(.text)
    .text                                    0x000082b4   Section        4  dllexp.o(.text)
    i._ZN25CContactPhoneNumberParserD2Ev     0x000082b8   Section        8  cntphone.o(i._ZN25CContactPhoneNumberParserD2Ev)
    i._ZN29CContactEcomPhoneNumberParserD0Ev 0x000082c0   Section       16  cntphone.o(i._ZN29CContactEcomPhoneNumberParserD0Ev)
    i._ZN29CContactEcomPhoneNumberParserD2Ev 0x000082d0   Section       28  cntphone.o(i._ZN29CContactEcomPhoneNumberParserD2Ev)
    i._ZN29CContactEcomPhoneNumberParserD2Ev.clean 0x000082ec   Section       10  cntphone.o(i._ZN29CContactEcomPhoneNumberParserD2Ev.clean)
    i._ZN32CContactDefaultPhoneNumberParserD0Ev 0x000082f6   Section       16  cntphone.o(i._ZN32CContactDefaultPhoneNumberParserD0Ev)
    i._ZN32CContactDefaultPhoneNumberParserD1Ev 0x00008306   Section        8  cntphone.o(i._ZN32CContactDefaultPhoneNumberParserD1Ev)
    i._ZN7TPtrC163SetERKS_                   0x0000830e   Section       26  cntphone.o(i._ZN7TPtrC163SetERKS_)
    i._ZNK7TDesC16ixEi                       0x00008328   Section        8  cntphone.o(i._ZNK7TDesC16ixEi)
    i._ZnwjPv                                0x00008330   Section        4  cntphone.o(i._ZnwjPv)
    .extab._ZN29CContactEcomPhoneNumberParserD2Ev 0x00008334   Data           0  cntphone.o(.ARM.extab)
    .constdata$1                             0x00008344   Data           0  cntphone.o(.constdata)
    ImplementationTable                      0x00008344   Data           8  cntphone.o(.constdata)
    .constdata                               0x00008344   Section        8  cntphone.o(.constdata)
    .constdata__ZTI25CContactPhoneNumberParser 0x0000834c   Section       12  cntphone.o(.constdata__ZTI25CContactPhoneNumberParser)
    .constdata__ZTI29CContactEcomPhoneNumberParser 0x00008358   Section       12  cntphone.o(.constdata__ZTI29CContactEcomPhoneNumberParser)
    .constdata__ZTI32CContactDefaultPhoneNumberParser 0x00008364   Section       12  cntphone.o(.constdata__ZTI32CContactDefaultPhoneNumberParser)
    .constdata__ZTS25CContactPhoneNumberParser 0x00008370   Section       28  cntphone.o(.constdata__ZTS25CContactPhoneNumberParser)
    .constdata__ZTS29CContactEcomPhoneNumberParser 0x0000838c   Section       32  cntphone.o(.constdata__ZTS29CContactEcomPhoneNumberParser)
    .constdata__ZTS32CContactDefaultPhoneNumberParser 0x000083ac   Section       35  cntphone.o(.constdata__ZTS32CContactDefaultPhoneNumberParser)
    .constdata__ZTV29CContactEcomPhoneNumberParser 0x000083d0   Section       24  cntphone.o(.constdata__ZTV29CContactEcomPhoneNumberParser)
    .constdata__ZTV32CContactDefaultPhoneNumberParser 0x000083e8   Section       24  cntphone.o(.constdata__ZTV32CContactDefaultPhoneNumberParser)
    .ARM.exidx                               0x00008400   Section        8  ucppinit_aeabi.o(.ARM.exidx)

    Global Symbols

    Symbol Name                              Value     Ov Type        Size  Object(Section)

    BuildAttributes$$THUMB_ISAv2$ARM_ISAv5$M$PE$A:L22$X:L11$S22$IEEE1$IW$USESV6$~STKCKD$USESV7$~SHL$OSPACE$ROPI$IEEEJ$EBA8$UX$FPIC$INDIRECT$REQ8$PRES8$EABIv2 0x00000000   Number         0  anon$$obj.o ABSOLUTE
    cntphone{000a0000}[102035fb].dll         0x00000000   Data           0  anon$$obj.o ABSOLUTE
    drtaeabi{000a0000}.dll                   0x00000000   Data           0  anon$$obj.o ABSOLUTE
    ecom{000a0000}[10009d8e].dll             0x00000000   Data           0  anon$$obj.o ABSOLUTE
    euser{000a0000}[100039e5].dll            0x00000000   Data           0  anon$$obj.o ABSOLUTE
    scppnwdl{000a0000}.dll                   0x00000000   Data           0  anon$$obj.o ABSOLUTE
    SHT$$INIT_ARRAY$$Base                     - Undefined Weak Reference
    SHT$$INIT_ARRAY$$Limit                    - Undefined Weak Reference
    REComSession::DestroyedImplementation(TUid)  - Undefined Reference
    _ZN12REComSession23DestroyedImplementationE4TUid@ecom{000a0000}[10009d8e].dll  - Undefined Reference
    User::AllocZL(int)                        - Undefined Reference
    _ZN4User7AllocZLEi@euser{000a0000}[100039e5].dll  - Undefined Reference
    User::LowerCase(unsigned)                 - Undefined Reference
    _ZN4User9LowerCaseEj@euser{000a0000}[100039e5].dll  - Undefined Reference
    CBase::Extension_(unsigned, void*&, void*)  - Undefined Reference
    _ZN5CBase10Extension_EjRPvS0_@euser{000a0000}[100039e5].dll  - Undefined Reference
    CBase::~CBase()                           - Undefined Reference
    _ZN5CBaseD1Ev@euser{000a0000}[100039e5].dll  - Undefined Reference
    TDes16::Zero()                            - Undefined Reference
    _ZN6TDes164ZeroEv@euser{000a0000}[100039e5].dll  - Undefined Reference
    TDes16::Append(TChar)                     - Undefined Reference
    _ZN6TDes166AppendE5TChar@euser{000a0000}[100039e5].dll  - Undefined Reference
    TLex16::Inc()                             - Undefined Reference
    _ZN6TLex163IncEv@euser{000a0000}[100039e5].dll  - Undefined Reference
    TLex16::Assign(const TDesC16&)            - Undefined Reference
    _ZN6TLex166AssignERK7TDesC16@euser{000a0000}[100039e5].dll  - Undefined Reference
    TPtrC16::TPtrC16(const TDesC16&)          - Undefined Reference
    _ZN7TPtrC16C1ERK7TDesC16@euser{000a0000}[100039e5].dll  - Undefined Reference
    TChar::IsDigit() const                    - Undefined Reference
    _ZNK5TChar7IsDigitEv@euser{000a0000}[100039e5].dll  - Undefined Reference
    TChar::IsSpace() const                    - Undefined Reference
    _ZNK5TChar7IsSpaceEv@euser{000a0000}[100039e5].dll  - Undefined Reference
    TLex16::Peek() const                      - Undefined Reference
    _ZNK6TLex164PeekEv@euser{000a0000}[100039e5].dll  - Undefined Reference
    TDesC16::LocateReverse(TChar) const       - Undefined Reference
    _ZNK7TDesC1613LocateReverseE5TChar@euser{000a0000}[100039e5].dll  - Undefined Reference
    TDesC16::AtC(int) const                   - Undefined Reference
    _ZNK7TDesC163AtCEi@euser{000a0000}[100039e5].dll  - Undefined Reference
    TDesC16::Right(int) const                 - Undefined Reference
    _ZNK7TDesC165RightEi@euser{000a0000}[100039e5].dll  - Undefined Reference
    TDesC16::Locate(TChar) const              - Undefined Reference
    _ZNK7TDesC166LocateE5TChar@euser{000a0000}[100039e5].dll  - Undefined Reference
    typeinfo for CBase                        - Undefined Reference
    _ZTI5CBase@euser{000a0000}[100039e5].dll  - Undefined Reference
    vtable for __cxxabiv1::__si_class_type_info  - Undefined Reference
    _ZTVN10__cxxabiv120__si_class_type_infoE@drtaeabi{000a0000}.dll  - Undefined Reference
    operator delete (void*)                   - Undefined Reference
    _ZdlPv@scppnwdl{000a0000}.dll             - Undefined Reference
    __aeabi_unwind_cpp_pr0                    - Undefined Reference
    __aeabi_unwind_cpp_pr0@drtaeabi{000a0000}.dll  - Undefined Reference
    __cxa_end_cleanup                         - Undefined Reference
    __cxa_end_cleanup@drtaeabi{000a0000}.dll  - Undefined Reference
    __cxa_pure_virtual                        - Undefined Reference
    __cxa_pure_virtual@drtaeabi{000a0000}.dll  - Undefined Reference
    _fp_init                                  - Undefined Weak Reference
    run_static_dtors                          - Undefined Weak Reference
    Image$$ER_RO$$Base                       0x00008000   Number         0  anon$$obj.o(linker$$defined$$symbols)
    _E32Dll                                  0x00008000   ARM Code      40  uc_dll_.o(.emb_text)
    Symbian$$CPP$$Exception$$Descriptor      0x00008014   Data           0  uc_dll_.o(.emb_text)
    __cpp_initialize__aeabi_                 0x00008028   ARM Code      72  ucppinit_aeabi.o(.emb_text)
    std::nothrow                             0x00008070   ARM Code       0  ucppinit_aeabi.o(.emb_text)
    __PLT                                    0x00008070   ARM Code       0  anon$$obj.o(.plt)
    ImplementationGroupProxy(int&)           0x00008101   Thumb Code     8  cntphone.o(.text)
    CContactDefaultPhoneNumberParser::ExtractRawNumber(const TDesC16&, TDes16&) 0x00008109   Thumb Code   332  cntphone.o(.text)
    CContactDefaultPhoneNumberParser::NewL() 0x00008255   Thumb Code    22  cntphone.o(.text)
    __ARM_switch8                            0x00008274   ARM Code      24  switch8.o(.text)
    __rt_switch8                             0x00008274   ARM Code       0  switch8.o(.text)
    _E32Dll_Body                             0x0000828d   Thumb Code    34  uc_dll.o(.text)
    __DLL_Export_Table__                     0x000082b4   ARM Code       4  dllexp.o(.text)
    CContactPhoneNumberParser::~CContactPhoneNumberParser() 0x000082b9   Thumb Code     0  cntphone.o(i._ZN25CContactPhoneNumberParserD2Ev)
    CContactPhoneNumberParser::~CContactPhoneNumberParser__sub_object() 0x000082b9   Thumb Code     8  cntphone.o(i._ZN25CContactPhoneNumberParserD2Ev)
    CContactEcomPhoneNumberParser::~CContactEcomPhoneNumberParser__deallocating() 0x000082c1   Thumb Code    16  cntphone.o(i._ZN29CContactEcomPhoneNumberParserD0Ev)
    CContactEcomPhoneNumberParser::~CContactEcomPhoneNumberParser() 0x000082d1   Thumb Code     0  cntphone.o(i._ZN29CContactEcomPhoneNumberParserD2Ev)
    CContactEcomPhoneNumberParser::~CContactEcomPhoneNumberParser__sub_object() 0x000082d1   Thumb Code    22  cntphone.o(i._ZN29CContactEcomPhoneNumberParserD2Ev)
    CContactDefaultPhoneNumberParser::~CContactDefaultPhoneNumberParser__deallocating() 0x000082f7   Thumb Code    16  cntphone.o(i._ZN32CContactDefaultPhoneNumberParserD0Ev)
    CContactDefaultPhoneNumberParser::~CContactDefaultPhoneNumberParser() 0x00008307   Thumb Code     8  cntphone.o(i._ZN32CContactDefaultPhoneNumberParserD1Ev)
    CContactDefaultPhoneNumberParser::~CContactDefaultPhoneNumberParser__sub_object() 0x00008307   Thumb Code     0  cntphone.o(i._ZN32CContactDefaultPhoneNumberParserD1Ev)
    TPtrC16::Set(const TPtrC16&)             0x0000830f   Thumb Code    26  cntphone.o(i._ZN7TPtrC163SetERKS_)
    TDesC16::operator [](int) const          0x00008329   Thumb Code     8  cntphone.o(i._ZNK7TDesC16ixEi)
    operator new(unsigned, void*)            0x00008331   Thumb Code     4  cntphone.o(i._ZnwjPv)
    typeinfo for CContactPhoneNumberParser   0x0000834c   Data          12  cntphone.o(.constdata__ZTI25CContactPhoneNumberParser)
    typeinfo for CContactEcomPhoneNumberParser 0x00008358   Data          12  cntphone.o(.constdata__ZTI29CContactEcomPhoneNumberParser)
    typeinfo for CContactDefaultPhoneNumberParser 0x00008364   Data          12  cntphone.o(.constdata__ZTI32CContactDefaultPhoneNumberParser)
    typeinfo name for CContactPhoneNumberParser 0x00008370   Data          28  cntphone.o(.constdata__ZTS25CContactPhoneNumberParser)
    typeinfo name for CContactEcomPhoneNumberParser 0x0000838c   Data          32  cntphone.o(.constdata__ZTS29CContactEcomPhoneNumberParser)
    typeinfo name for CContactDefaultPhoneNumberParser 0x000083ac   Data          35  cntphone.o(.constdata__ZTS32CContactDefaultPhoneNumberParser)
    vtable for CContactEcomPhoneNumberParser 0x000083d0   Data          24  cntphone.o(.constdata__ZTV29CContactEcomPhoneNumberParser)
    vtable for CContactDefaultPhoneNumberParser 0x000083e8   Data          24  cntphone.o(.constdata__ZTV32CContactDefaultPhoneNumberParser)
    .ARM.exidx$$Base                         0x00008400   Number         0  ucppinit_aeabi.o(.ARM.exidx)
    .ARM.exidx$$Limit                        0x00008458   Number         0  cntphone.o(.ARM.exidx)
    Image$$ER_RO$$Limit                      0x00008458   Number         0  anon$$obj.o(linker$$defined$$symbols)

