ARM Linker, RVCT2.2 [Build 616]

================================================================================

Image Symbol Table

    Local Symbols

    Symbol Name                              Value     Ov Type        Size  Object(Section)

    [Anonymous Symbol]                       0x00000000   Number         0  euser{000a0000}-894.o ABSOLUTE
    [Anonymous Symbol]                       0x00000000   Number         0  euser{000a0000}-47.o ABSOLUTE
    [Anonymous Symbol]                       0x00000000   Number         0  euser{000a0000}-1842.o ABSOLUTE
    [Anonymous Symbol]                       0x00000000   Number         0  efsrv{000a0000}-294.o ABSOLUTE
    [Anonymous Symbol]                       0x00000000   Number         0  euser{000a0000}-48.o ABSOLUTE
    [Anonymous Symbol]                       0x00000000   Number         0  euser{000a0000}-1852.o ABSOLUTE
    [Anonymous Symbol]                       0x00000000   Number         0  drtaeabi{000a0000}-146.o ABSOLUTE
    [Anonymous Symbol]                       0x00000000   Number         0  euser{000a0000}-593.o ABSOLUTE
    [Anonymous Symbol]                       0x00000000   Number         0  euser{000a0000}-203.o ABSOLUTE
    [Anonymous Symbol]                       0x00000000   Number         0  drtaeabi{000a0000}-147.o ABSOLUTE
    [Anonymous Symbol]                       0x00000000   Number         0  euser{000a0000}-604.o ABSOLUTE
    [Anonymous Symbol]                       0x00000000   Number         0  euser{000a0000}-211.o ABSOLUTE
    [Anonymous Symbol]                       0x00000000   Number         0  drtaeabi{000a0000}-158.o ABSOLUTE
    [Anonymous Symbol]                       0x00000000   Number         0  euser{000a0000}-649.o ABSOLUTE
    [Anonymous Symbol]                       0x00000000   Number         0  euser{000a0000}-1467.o ABSOLUTE
    [Anonymous Symbol]                       0x00000000   Number         0  drtaeabi{000a0000}-159.o ABSOLUTE
    [Anonymous Symbol]                       0x00000000   Number         0  euser{000a0000}-744.o ABSOLUTE
    [Anonymous Symbol]                       0x00000000   Number         0  euser{000a0000}-1468.o ABSOLUTE
    [Anonymous Symbol]                       0x00000000   Number         0  drtaeabi{000a0000}-184.o ABSOLUTE
    [Anonymous Symbol]                       0x00000000   Number         0  euser{000a0000}-778.o ABSOLUTE
    [Anonymous Symbol]                       0x00000000   Number         0  euser{000a0000}-1469.o ABSOLUTE
    [Anonymous Symbol]                       0x00000000   Number         0  euser{000a0000}-1348.o ABSOLUTE
    [Anonymous Symbol]                       0x00000000   Number         0  euser{000a0000}-816.o ABSOLUTE
    [Anonymous Symbol]                       0x00000000   Number         0  euser{000a0000}-1507.o ABSOLUTE
    [Anonymous Symbol]                       0x00000000   Number         0  euser{000a0000}-1355.o ABSOLUTE
    [Anonymous Symbol]                       0x00000000   Number         0  euser{000a0000}-891.o ABSOLUTE
    [Anonymous Symbol]                       0x00000000   Number         0  euser{000a0000}-1547.o ABSOLUTE
    [Anonymous Symbol]                       0x00000000   Number         0  euser{000a0000}-1033.o ABSOLUTE
    [Anonymous Symbol]                       0x00000000   Number         0  euser{000a0000}-1326.o ABSOLUTE
    [Anonymous Symbol]                       0x00000000   Number         0  euser{000a0000}-1324.o ABSOLUTE
    [Anonymous Symbol]                       0x00000000   Number         0  euser{000a0000}-120.o ABSOLUTE
    [Anonymous Symbol]                       0x00000000   Number         0  euser{000a0000}-1320.o ABSOLUTE
    [Anonymous Symbol]                       0x00000000   Number         0  euser{000a0000}-1244.o ABSOLUTE
    [Anonymous Symbol]                       0x00000000   Number         0  euser{000a0000}-1238.o ABSOLUTE
    M:/epoc32/build/bafl/group/bafl_dll/armv5/udeb\VtblExports.s 0x00000000   Number         0  VtblExports.o ABSOLUTE
    M:/epoc32/build/flogger/group/flogger_dll/armv5/udeb\VtblExports.s 0x00000000   Number         0  VtblExports.o ABSOLUTE
    \EPOC32\BUILD\s60\app\contentcontrol\group\APPLICATIONMANAGEMENTCLIENT\ARMV5\urel\ApplicationManagement{000a0000}.s 0x00000000   Number         0  ApplicationManagement{000a0000}.exp ABSOLUTE
    \EPOC32\BUILD\src\cedar\generic\base\e32\compsupp\DRTAEABI\ARMV5\VtblExports.s 0x00000000   Number         0  VtblExports.o ABSOLUTE
    \EPOC32\BUILD\src\cedar\generic\base\e32\euser\EDLL\ARMV5\urel\uc_dll_.cpp 0x00000000   Number         0  uc_dll_.o ABSOLUTE
    \EPOC32\BUILD\src\cedar\generic\base\e32\euser\EUSER\ARMV5\VtblExports.s 0x00000000   Number         0  VtblExports.o ABSOLUTE
    \EPOC32\BUILD\src\cedar\generic\base\f32\group\EFSRV\ARMV5\VtblExports.s 0x00000000   Number         0  VtblExports.o ABSOLUTE
    \\EPOC32\\BUILD\\src\\cedar\\generic\\base\\e32\\euser\\EDLL\\ARMV5\\urel\\uc_dll_.cpp 0x00000000   Number         0  uc_dll_.o ABSOLUTE
    \\src\\cedar\\generic\\base\\e32\\compsupp\\RVCT2_2\\ucppinit_aeabi.cpp 0x00000000   Number         0  ucppinit_aeabi.o ABSOLUTE
    \s60\app\contentcontrol\applicationmanagement\tarmappmng\client\src\applicationmanagementclient.cpp 0x00000000   Number         0  ApplicationManagement.in ABSOLUTE
    \src\cedar\generic\base\e32\compsupp\RVCT2_2\ucppinit_aeabi.cpp 0x00000000   Number         0  ucppinit_aeabi.o ABSOLUTE
    \src\cedar\generic\base\e32\euser\epoc\arm\uc_dll.cpp 0x00000000   Number         0  uc_dll.o ABSOLUTE
    .emb_text                                0x00008000   Section       40  uc_dll_.o(.emb_text)
    .emb_text                                0x00008028   Section       72  ucppinit_aeabi.o(.emb_text)
    skip                                     0x0000803c   ARM Code       0  ucppinit_aeabi.o(.emb_text)
    loop                                     0x0000804c   ARM Code       0  ucppinit_aeabi.o(.emb_text)
    fpinit                                   0x00008064   Data           0  ucppinit_aeabi.o(.emb_text)
    base                                     0x00008068   Data           0  ucppinit_aeabi.o(.emb_text)
    limit                                    0x0000806c   Data           0  ucppinit_aeabi.o(.emb_text)
    StartServer()                            0x00008071   Thumb Code   112  ApplicationManagement.in(.text)
    .text                                    0x00008070   Section     2180  ApplicationManagement.in(.text)
    .text                                    0x000088f4   Section       40  uc_dll.o(.text)
    .text.clean                              0x0000891c   Section       12  ApplicationManagement.in(.text.clean)
    ExportTable                              0x00008928   Section      108  ApplicationManagement{000a0000}.exp(ExportTable)
    StubCode                                 0x00008994   Section        8  euser{000a0000}-1033.o(StubCode)
    theImportedSymbol                        0x00008998   Data           0  euser{000a0000}-1033.o(StubCode)
    StubCode                                 0x0000899c   Section        8  euser{000a0000}-120.o(StubCode)
    theImportedSymbol                        0x000089a0   Data           0  euser{000a0000}-120.o(StubCode)
    StubCode                                 0x000089a4   Section        8  euser{000a0000}-1238.o(StubCode)
    theImportedSymbol                        0x000089a8   Data           0  euser{000a0000}-1238.o(StubCode)
    StubCode                                 0x000089ac   Section        8  euser{000a0000}-1244.o(StubCode)
    theImportedSymbol                        0x000089b0   Data           0  euser{000a0000}-1244.o(StubCode)
    StubCode                                 0x000089b4   Section        8  euser{000a0000}-1320.o(StubCode)
    theImportedSymbol                        0x000089b8   Data           0  euser{000a0000}-1320.o(StubCode)
    StubCode                                 0x000089bc   Section        8  euser{000a0000}-1324.o(StubCode)
    theImportedSymbol                        0x000089c0   Data           0  euser{000a0000}-1324.o(StubCode)
    StubCode                                 0x000089c4   Section        8  euser{000a0000}-1326.o(StubCode)
    theImportedSymbol                        0x000089c8   Data           0  euser{000a0000}-1326.o(StubCode)
    StubCode                                 0x000089cc   Section        8  euser{000a0000}-1348.o(StubCode)
    theImportedSymbol                        0x000089d0   Data           0  euser{000a0000}-1348.o(StubCode)
    StubCode                                 0x000089d4   Section        8  euser{000a0000}-1355.o(StubCode)
    theImportedSymbol                        0x000089d8   Data           0  euser{000a0000}-1355.o(StubCode)
    StubCode                                 0x000089dc   Section        8  euser{000a0000}-1467.o(StubCode)
    theImportedSymbol                        0x000089e0   Data           0  euser{000a0000}-1467.o(StubCode)
    StubCode                                 0x000089e4   Section        8  euser{000a0000}-1468.o(StubCode)
    theImportedSymbol                        0x000089e8   Data           0  euser{000a0000}-1468.o(StubCode)
    StubCode                                 0x000089ec   Section        8  euser{000a0000}-1469.o(StubCode)
    theImportedSymbol                        0x000089f0   Data           0  euser{000a0000}-1469.o(StubCode)
    StubCode                                 0x000089f4   Section        8  euser{000a0000}-1507.o(StubCode)
    theImportedSymbol                        0x000089f8   Data           0  euser{000a0000}-1507.o(StubCode)
    StubCode                                 0x000089fc   Section        8  euser{000a0000}-1547.o(StubCode)
    theImportedSymbol                        0x00008a00   Data           0  euser{000a0000}-1547.o(StubCode)
    StubCode                                 0x00008a04   Section        8  euser{000a0000}-1842.o(StubCode)
    theImportedSymbol                        0x00008a08   Data           0  euser{000a0000}-1842.o(StubCode)
    StubCode                                 0x00008a0c   Section        8  euser{000a0000}-1852.o(StubCode)
    theImportedSymbol                        0x00008a10   Data           0  euser{000a0000}-1852.o(StubCode)
    StubCode                                 0x00008a14   Section        8  euser{000a0000}-203.o(StubCode)
    theImportedSymbol                        0x00008a18   Data           0  euser{000a0000}-203.o(StubCode)
    StubCode                                 0x00008a1c   Section        8  euser{000a0000}-211.o(StubCode)
    theImportedSymbol                        0x00008a20   Data           0  euser{000a0000}-211.o(StubCode)
    StubCode                                 0x00008a24   Section        8  euser{000a0000}-47.o(StubCode)
    theImportedSymbol                        0x00008a28   Data           0  euser{000a0000}-47.o(StubCode)
    StubCode                                 0x00008a2c   Section        8  euser{000a0000}-48.o(StubCode)
    theImportedSymbol                        0x00008a30   Data           0  euser{000a0000}-48.o(StubCode)
    StubCode                                 0x00008a34   Section        8  euser{000a0000}-593.o(StubCode)
    theImportedSymbol                        0x00008a38   Data           0  euser{000a0000}-593.o(StubCode)
    StubCode                                 0x00008a3c   Section        8  euser{000a0000}-604.o(StubCode)
    theImportedSymbol                        0x00008a40   Data           0  euser{000a0000}-604.o(StubCode)
    StubCode                                 0x00008a44   Section        8  euser{000a0000}-649.o(StubCode)
    theImportedSymbol                        0x00008a48   Data           0  euser{000a0000}-649.o(StubCode)
    StubCode                                 0x00008a4c   Section        8  euser{000a0000}-744.o(StubCode)
    theImportedSymbol                        0x00008a50   Data           0  euser{000a0000}-744.o(StubCode)
    StubCode                                 0x00008a54   Section        8  euser{000a0000}-778.o(StubCode)
    theImportedSymbol                        0x00008a58   Data           0  euser{000a0000}-778.o(StubCode)
    StubCode                                 0x00008a5c   Section        8  euser{000a0000}-816.o(StubCode)
    theImportedSymbol                        0x00008a60   Data           0  euser{000a0000}-816.o(StubCode)
    StubCode                                 0x00008a64   Section        8  euser{000a0000}-891.o(StubCode)
    theImportedSymbol                        0x00008a68   Data           0  euser{000a0000}-891.o(StubCode)
    StubCode                                 0x00008a6c   Section        8  euser{000a0000}-894.o(StubCode)
    theImportedSymbol                        0x00008a70   Data           0  euser{000a0000}-894.o(StubCode)
    StubCode                                 0x00008a74   Section        8  efsrv{000a0000}-294.o(StubCode)
    theImportedSymbol                        0x00008a78   Data           0  efsrv{000a0000}-294.o(StubCode)
    StubCode                                 0x00008a7c   Section        8  drtaeabi{000a0000}-146.o(StubCode)
    theImportedSymbol                        0x00008a80   Data           0  drtaeabi{000a0000}-146.o(StubCode)
    StubCode                                 0x00008a84   Section        8  drtaeabi{000a0000}-147.o(StubCode)
    theImportedSymbol                        0x00008a88   Data           0  drtaeabi{000a0000}-147.o(StubCode)
    StubCode                                 0x00008a8c   Section        8  drtaeabi{000a0000}-158.o(StubCode)
    theImportedSymbol                        0x00008a90   Data           0  drtaeabi{000a0000}-158.o(StubCode)
    StubCode                                 0x00008a94   Section        8  drtaeabi{000a0000}-159.o(StubCode)
    theImportedSymbol                        0x00008a98   Data           0  drtaeabi{000a0000}-159.o(StubCode)
    StubCode                                 0x00008a9c   Section        8  drtaeabi{000a0000}-184.o(StubCode)
    theImportedSymbol                        0x00008aa0   Data           0  drtaeabi{000a0000}-184.o(StubCode)
    i._ZN22NApplicationManagement16TDeplCompDataIPCC1Ev 0x00008aa4   Section       16  ApplicationManagement.in(i._ZN22NApplicationManagement16TDeplCompDataIPCC1Ev)
    i._ZNK12RSessionBase11SendReceiveEiRK8TIpcArgs 0x00008ab4   Section        8  ApplicationManagement.in(i._ZNK12RSessionBase11SendReceiveEiRK8TIpcArgs)
    i._ZdlPvS_                               0x00008abc   Section        2  ApplicationManagement.in(i._ZdlPvS_)
    i._ZnwjPv                                0x00008abe   Section        4  ApplicationManagement.in(i._ZnwjPv)
    t._ZN5TBuf8ILi128EEC1ERK6TDesC8          0x00008ac2   Section       10  ApplicationManagement.in(t._ZN5TBuf8ILi128EEC1ERK6TDesC8)
    t._ZN5TBuf8ILi32EEC1ERK6TDesC8           0x00008acc   Section       10  ApplicationManagement.in(t._ZN5TBuf8ILi32EEC1ERK6TDesC8)
    t._ZN5TPckgIN22NApplicationManagement16TDeplCompDataIPCEEC1ERKS1_ 0x00008ad6   Section       14  ApplicationManagement.in(t._ZN5TPckgIN22NApplicationManagement16TDeplCompDataIPCEEC1ERKS1_)
    t._ZN5TPckgIN22NApplicationManagement17TDeplCompAttrTypeEEC1ERKS1_ 0x00008ae4   Section       12  ApplicationManagement.in(t._ZN5TPckgIN22NApplicationManagement17TDeplCompAttrTypeEEC1ERKS1_)
    t._ZN5TPckgIN22NApplicationManagement25TDeploymentComponentStateEEC1ERKS1_ 0x00008af0   Section       12  ApplicationManagement.in(t._ZN5TPckgIN22NApplicationManagement25TDeploymentComponentStateEEC1ERKS1_)
    t._ZN5TPckgIiEC1ERKi                     0x00008afc   Section       12  ApplicationManagement.in(t._ZN5TPckgIiEC1ERKi)
    t._ZN5TPckgImEC1ERKm                     0x00008b08   Section       12  ApplicationManagement.in(t._ZN5TPckgImEC1ERKm)
    t._ZN6RArrayImE7AppendLERKm              0x00008b14   Section       12  ApplicationManagement.in(t._ZN6RArrayImE7AppendLERKm)
    t._ZN8TIpcArgsC1IP5TPckgImEPS1_IN22NApplicationManagement17TDeplCompAttrTypeEEP8TPckgBufIiEEET_T0_T1_ 0x00008b20   Section       12  ApplicationManagement.in(t._ZN8TIpcArgsC1IP5TPckgImEPS1_IN22NApplicationManagement17TDeplCompAttrTypeEEP8TPckgBufIiEEET_T0_T1_)
    t._ZN8TIpcArgsC1IP5TPckgImEPS1_IN22NApplicationManagement17TDeplCompAttrTypeEEPS1_IiEEET_T0_T1_ 0x00008b2c   Section       12  ApplicationManagement.in(t._ZN8TIpcArgsC1IP5TPckgImEPS1_IN22NApplicationManagement17TDeplCompAttrTypeEEPS1_IiEEET_T0_T1_)
    t._ZN8TPckgBufIiEC1Ev                    0x00008b38   Section       26  ApplicationManagement.in(t._ZN8TPckgBufIiEC1Ev)
    .extab._ZNK22NApplicationManagement22RApplicationManagement8DeliverLERK5TBuf8ILi256EE 0x00008b54   Data           0  ApplicationManagement.in(.ARM.extab)
    .extab._ZNK22NApplicationManagement22RApplicationManagement28DeploymentComponentDataSizeLEmRKNS_17TDeplCompAttrTypeE 0x00008b60   Data           0  ApplicationManagement.in(.ARM.extab)
    .constdata$1                             0x00008b70   Data           0  ApplicationManagement.in(.constdata)
    KApplicationManagementServerUid          0x00008b70   Data           4  ApplicationManagement.in(.constdata)
    .constdata                               0x00008b70   Section      116  ApplicationManagement.in(.constdata)
    KNullDesC                                0x00008b74   Data           8  ApplicationManagement.in(.constdata)
    KNullDesC8                               0x00008b7c   Data           8  ApplicationManagement.in(.constdata)
    KApplicationManagementServerName         0x00008b84   Data          48  ApplicationManagement.in(.constdata)
    KApplicationManagementServerImg          0x00008bb4   Data          48  ApplicationManagement.in(.constdata)
    .ARM.exidx                               0x00008be4   Section        8  ucppinit_aeabi.o(.ARM.exidx)

    Global Symbols

    Symbol Name                              Value     Ov Type        Size  Object(Section)

    BuildAttributes$$THUMB_ISAv2$ARM_ISAv5$M$PE$A:L22$X:L11$S22$IEEE1$IW$USESV6$~STKCKD$USESV7$~SHL$OSPACE$IEEEJ$EBA8$UX$REQ8$PRES8$EABIv2 0x00000000   Number         0  anon$$obj.o ABSOLUTE
    #<DLL>drtaeabi{000a0000}.dll#<\DLL>92     - Undefined Reference
    #<DLL>drtaeabi{000a0000}.dll#<\DLL>93     - Undefined Reference
    #<DLL>drtaeabi{000a0000}.dll#<\DLL>9e     - Undefined Reference
    #<DLL>drtaeabi{000a0000}.dll#<\DLL>9f     - Undefined Reference
    #<DLL>drtaeabi{000a0000}.dll#<\DLL>b8     - Undefined Reference
    #<DLL>efsrv{000a0000}[100039e4].dll#<\DLL>126  - Undefined Reference
    #<DLL>euser{000a0000}[100039e5].dll#<\DLL>251  - Undefined Reference
    #<DLL>euser{000a0000}[100039e5].dll#<\DLL>25c  - Undefined Reference
    #<DLL>euser{000a0000}[100039e5].dll#<\DLL>289  - Undefined Reference
    #<DLL>euser{000a0000}[100039e5].dll#<\DLL>2e8  - Undefined Reference
    #<DLL>euser{000a0000}[100039e5].dll#<\DLL>2f  - Undefined Reference
    #<DLL>euser{000a0000}[100039e5].dll#<\DLL>30  - Undefined Reference
    #<DLL>euser{000a0000}[100039e5].dll#<\DLL>30a  - Undefined Reference
    #<DLL>euser{000a0000}[100039e5].dll#<\DLL>330  - Undefined Reference
    #<DLL>euser{000a0000}[100039e5].dll#<\DLL>37b  - Undefined Reference
    #<DLL>euser{000a0000}[100039e5].dll#<\DLL>37e  - Undefined Reference
    #<DLL>euser{000a0000}[100039e5].dll#<\DLL>409  - Undefined Reference
    #<DLL>euser{000a0000}[100039e5].dll#<\DLL>4d6  - Undefined Reference
    #<DLL>euser{000a0000}[100039e5].dll#<\DLL>4dc  - Undefined Reference
    #<DLL>euser{000a0000}[100039e5].dll#<\DLL>528  - Undefined Reference
    #<DLL>euser{000a0000}[100039e5].dll#<\DLL>52c  - Undefined Reference
    #<DLL>euser{000a0000}[100039e5].dll#<\DLL>52e  - Undefined Reference
    #<DLL>euser{000a0000}[100039e5].dll#<\DLL>544  - Undefined Reference
    #<DLL>euser{000a0000}[100039e5].dll#<\DLL>54b  - Undefined Reference
    #<DLL>euser{000a0000}[100039e5].dll#<\DLL>5bb  - Undefined Reference
    #<DLL>euser{000a0000}[100039e5].dll#<\DLL>5bc  - Undefined Reference
    #<DLL>euser{000a0000}[100039e5].dll#<\DLL>5bd  - Undefined Reference
    #<DLL>euser{000a0000}[100039e5].dll#<\DLL>5e3  - Undefined Reference
    #<DLL>euser{000a0000}[100039e5].dll#<\DLL>60b  - Undefined Reference
    #<DLL>euser{000a0000}[100039e5].dll#<\DLL>732  - Undefined Reference
    #<DLL>euser{000a0000}[100039e5].dll#<\DLL>73c  - Undefined Reference
    #<DLL>euser{000a0000}[100039e5].dll#<\DLL>78  - Undefined Reference
    #<DLL>euser{000a0000}[100039e5].dll#<\DLL>cb  - Undefined Reference
    #<DLL>euser{000a0000}[100039e5].dll#<\DLL>d3  - Undefined Reference
    SHT$$INIT_ARRAY$$Base                     - Undefined Weak Reference
    SHT$$INIT_ARRAY$$Limit                    - Undefined Weak Reference
    _fp_init                                  - Undefined Weak Reference
    run_static_dtors                          - Undefined Weak Reference
    Image$$ER_RO$$Base                       0x00008000   Number         0  anon$$obj.o(linker$$defined$$symbols)
    _E32Dll                                  0x00008000   ARM Code      40  uc_dll_.o(.emb_text)
    Symbian$$CPP$$Exception$$Descriptor      0x00008014   Data           0  uc_dll_.o(.emb_text)
    __cpp_initialize__aeabi_                 0x00008028   ARM Code      72  ucppinit_aeabi.o(.emb_text)
    std::nothrow                             0x00008071   Thumb Code     0  ucppinit_aeabi.o(.emb_text)
    RAppMgmtRfs::Connect()                   0x000080e1   Thumb Code    64  ApplicationManagement.in(.text)
    RAppMgmtRfs::Close()                     0x00008121   Thumb Code     8  ApplicationManagement.in(.text)
    RAppMgmtRfs::PerformRfsL() const         0x00008129   Thumb Code    24  ApplicationManagement.in(.text)
    NApplicationManagement::RApplicationManagement::Connect() 0x00008141   Thumb Code    64  ApplicationManagement.in(.text)
    NApplicationManagement::RApplicationManagement::Connect(const TCertInfo&) 0x00008181   Thumb Code    58  ApplicationManagement.in(.text)
    NApplicationManagement::RApplicationManagement::Close() 0x000081bb   Thumb Code     8  ApplicationManagement.in(.text)
    NApplicationManagement::RApplicationManagement::DownloadL(const TBuf8<(int)256>&) const 0x000081c3   Thumb Code    50  ApplicationManagement.in(.text)
    NApplicationManagement::RApplicationManagement::DeliverL(const TBuf8<(int)256>&) const 0x000081f5   Thumb Code   244  ApplicationManagement.in(.text)
    NApplicationManagement::RApplicationManagement::DeploymentComponent(unsigned long, NApplicationManagement::TDeploymentComponent&) const 0x000082e9   Thumb Code    54  ApplicationManagement.in(.text)
    NApplicationManagement::RApplicationManagement::DeploymentComponentUserIdL(unsigned long, TBuf8<(int)256>&) const 0x0000831f   Thumb Code    46  ApplicationManagement.in(.text)
    NApplicationManagement::RApplicationManagement::DeploymentComponentDataL(unsigned long, NApplicationManagement::TDeplCompAttrType, CBufBase&) const 0x0000834d   Thumb Code   318  ApplicationManagement.in(.text)
    NApplicationManagement::RApplicationManagement::UpdateDeploymentComponentL(unsigned long, NApplicationManagement::TDeplCompAttrType, const TDesC8&) const 0x0000848b   Thumb Code    58  ApplicationManagement.in(.text)
    NApplicationManagement::RApplicationManagement::UpdateDeploymentComponentDataL(unsigned long, NApplicationManagement::TDeplCompAttrType, const TDesC8&, const TDesC8&) const 0x000084c5   Thumb Code    66  ApplicationManagement.in(.text)
    NApplicationManagement::RApplicationManagement::UpdateDeploymentComponentStreamedDataL(unsigned long, NApplicationManagement::TDeplCompAttrType, const TDesC8&) const 0x00008507   Thumb Code    64  ApplicationManagement.in(.text)
    NApplicationManagement::RApplicationManagement::DeploymentComponentIdsL(RArray<unsigned long>&, NApplicationManagement::TDeploymentComponentState) const 0x00008547   Thumb Code   128  ApplicationManagement.in(.text)
    NApplicationManagement::RApplicationManagement::InstallL(unsigned long, NApplicationManagement::TDeploymentComponentState) const 0x000085c7   Thumb Code    80  ApplicationManagement.in(.text)
    NApplicationManagement::RApplicationManagement::RemoveL(unsigned long) const 0x00008617   Thumb Code    48  ApplicationManagement.in(.text)
    NApplicationManagement::RApplicationManagement::UpdateL(unsigned long, unsigned long) const 0x00008647   Thumb Code    50  ApplicationManagement.in(.text)
    NApplicationManagement::RApplicationManagement::StartDownloadL(unsigned long, NApplicationManagement::TDownloadTarget) const 0x00008679   Thumb Code    54  ApplicationManagement.in(.text)
    NApplicationManagement::RApplicationManagement::StateChangingDCIdsL(RArray<unsigned long>&) const 0x000086af   Thumb Code   118  ApplicationManagement.in(.text)
    NApplicationManagement::RApplicationManagement::StateChangeComplete(unsigned long) const 0x00008725   Thumb Code    44  ApplicationManagement.in(.text)
    NApplicationManagement::RApplicationManagement::ActivateL(unsigned long) const 0x00008751   Thumb Code    38  ApplicationManagement.in(.text)
    NApplicationManagement::RApplicationManagement::DeactivateL(unsigned long) const 0x00008777   Thumb Code    38  ApplicationManagement.in(.text)
    NApplicationManagement::RApplicationManagement::DeploymentComponentDataSizeL(unsigned long, const NApplicationManagement::TDeplCompAttrType&) const 0x0000879d   Thumb Code   268  ApplicationManagement.in(.text)
    NApplicationManagement::RApplicationManagement::DeploymentComponentTempInstFileL(unsigned long, RFile&, const NApplicationManagement::TDeplCompAttrType&) const 0x000088a9   Thumb Code    72  ApplicationManagement.in(.text)
    _E32Dll_Body                             0x000088f5   Thumb Code    34  uc_dll.o(.text)
    __DLL_Export_Table__                     0x00008928   ARM Code       0  ApplicationManagement{000a0000}.exp(ExportTable)
    DLL##ExportTableSize                     0x0000892c   Data           0  ApplicationManagement{000a0000}.exp(ExportTable)
    DLL##ExportTable                         0x00008930   Data           0  ApplicationManagement{000a0000}.exp(ExportTable)
    TPtrC8::TPtrC8(const unsigned char*, int) 0x00008994   ARM Code       0  euser{000a0000}-1033.o(StubCode)
    RHandleBase::Close()                     0x0000899c   ARM Code       0  euser{000a0000}-120.o(StubCode)
    CBufBase::Reset()                        0x000089a4   ARM Code       0  euser{000a0000}-1238.o(StubCode)
    CBufBase::InsertL(int, const TDesC8&)    0x000089ac   ARM Code       0  euser{000a0000}-1244.o(StubCode)
    RProcess::Kill(int)                      0x000089b4   ARM Code       0  euser{000a0000}-1320.o(StubCode)
    RProcess::Create(const TDesC16&, const TDesC16&, TOwnerType) 0x000089bc   ARM Code       0  euser{000a0000}-1324.o(StubCode)
    RProcess::Resume()                       0x000089c4   ARM Code       0  euser{000a0000}-1326.o(StubCode)
    TUidType::TUidType(TUid, TUid, TUid)     0x000089cc   ARM Code       0  euser{000a0000}-1348.o(StubCode)
    TVersion::TVersion(int, int, int)        0x000089d4   ARM Code       0  euser{000a0000}-1355.o(StubCode)
    TBufBase8::TBufBase8(const TDesC8&, int) 0x000089dc   ARM Code       0  euser{000a0000}-1467.o(StubCode)
    TBufBase8::TBufBase8(int)                0x000089e4   ARM Code       0  euser{000a0000}-1468.o(StubCode)
    TBufBase8::TBufBase8(int, int)           0x000089ec   ARM Code       0  euser{000a0000}-1469.o(StubCode)
    RArrayBase::At(int) const                0x000089f4   ARM Code       0  euser{000a0000}-1507.o(StubCode)
    RSessionBase::DoSendReceive(int, const TIpcArgs*) const 0x000089fc   ARM Code       0  euser{000a0000}-1547.o(StubCode)
    RProcess::Rendezvous(TRequestStatus&) const 0x00008a04   ARM Code       0  euser{000a0000}-1842.o(StubCode)
    RProcess::ExitType() const               0x00008a0c   ARM Code       0  euser{000a0000}-1852.o(StubCode)
    CleanupStack::PopAndDestroy()            0x00008a14   ARM Code       0  euser{000a0000}-203.o(StubCode)
    RSessionBase::CreateSession(const TDesC16&, const TVersion&, int) 0x00008a1c   ARM Code       0  euser{000a0000}-211.o(StubCode)
    RArrayBase::Reset()                      0x00008a24   ARM Code       0  euser{000a0000}-47.o(StubCode)
    RArrayBase::Append(const void*)          0x00008a2c   ARM Code       0  euser{000a0000}-48.o(StubCode)
    User::LeaveIfError(int)                  0x00008a34   ARM Code       0  euser{000a0000}-593.o(StubCode)
    User::WaitForRequest(TRequestStatus&)    0x00008a3c   ARM Code       0  euser{000a0000}-604.o(StubCode)
    User::Leave(int)                         0x00008a44   ARM Code       0  euser{000a0000}-649.o(StubCode)
    TDes8::Copy(const TDesC8&)               0x00008a4c   ARM Code       0  euser{000a0000}-744.o(StubCode)
    TDes8::AppendNum(long long)              0x00008a54   ARM Code       0  euser{000a0000}-778.o(StubCode)
    TPtr8::TPtr8(unsigned char*, int, int)   0x00008a5c   ARM Code       0  euser{000a0000}-816.o(StubCode)
    HBufC8::Des()                            0x00008a64   ARM Code       0  euser{000a0000}-891.o(StubCode)
    HBufC8::NewLC(int)                       0x00008a6c   ARM Code       0  euser{000a0000}-894.o(StubCode)
    RFile::AdoptFromServer(int, int)         0x00008a74   ARM Code       0  efsrv{000a0000}-294.o(StubCode)
    __aeabi_memcpy                           0x00008a7c   ARM Code       0  drtaeabi{000a0000}-146.o(StubCode)
    __aeabi_memcpy4                          0x00008a84   ARM Code       0  drtaeabi{000a0000}-147.o(StubCode)
    __aeabi_unwind_cpp_pr0                   0x00008a8c   ARM Code       0  drtaeabi{000a0000}-158.o(StubCode)
    __aeabi_unwind_cpp_pr1                   0x00008a94   ARM Code       0  drtaeabi{000a0000}-159.o(StubCode)
    __cxa_end_cleanup                        0x00008a9c   ARM Code       0  drtaeabi{000a0000}-184.o(StubCode)
    NApplicationManagement::TDeplCompDataIPC::TDeplCompDataIPC() 0x00008aa5   Thumb Code    16  ApplicationManagement.in(i._ZN22NApplicationManagement16TDeplCompDataIPCC1Ev)
    NApplicationManagement::TDeplCompDataIPC::TDeplCompDataIPC__sub_object() 0x00008aa5   Thumb Code     0  ApplicationManagement.in(i._ZN22NApplicationManagement16TDeplCompDataIPCC1Ev)
    RSessionBase::SendReceive(int, const TIpcArgs&) const 0x00008ab5   Thumb Code     8  ApplicationManagement.in(i._ZNK12RSessionBase11SendReceiveEiRK8TIpcArgs)
    operator delete (void*, void*)           0x00008abd   Thumb Code     2  ApplicationManagement.in(i._ZdlPvS_)
    operator new(unsigned, void*)            0x00008abf   Thumb Code     4  ApplicationManagement.in(i._ZnwjPv)
    TBuf8<(int)128>::TBuf8(const TDesC8&)    0x00008ac3   Thumb Code    10  ApplicationManagement.in(t._ZN5TBuf8ILi128EEC1ERK6TDesC8)
    TBuf8<(int)128>::TBuf8__sub_object(const TDesC8&) 0x00008ac3   Thumb Code     0  ApplicationManagement.in(t._ZN5TBuf8ILi128EEC1ERK6TDesC8)
    TBuf8<(int)32>::TBuf8(const TDesC8&)     0x00008acd   Thumb Code    10  ApplicationManagement.in(t._ZN5TBuf8ILi32EEC1ERK6TDesC8)
    TBuf8<(int)32>::TBuf8__sub_object(const TDesC8&) 0x00008acd   Thumb Code     0  ApplicationManagement.in(t._ZN5TBuf8ILi32EEC1ERK6TDesC8)
    TPckg<NApplicationManagement::TDeplCompDataIPC>::TPckg(const NApplicationManagement::TDeplCompDataIPC&) 0x00008ad7   Thumb Code    14  ApplicationManagement.in(t._ZN5TPckgIN22NApplicationManagement16TDeplCompDataIPCEEC1ERKS1_)
    TPckg<NApplicationManagement::TDeplCompDataIPC>::TPckg__sub_object(const NApplicationManagement::TDeplCompDataIPC&) 0x00008ad7   Thumb Code     0  ApplicationManagement.in(t._ZN5TPckgIN22NApplicationManagement16TDeplCompDataIPCEEC1ERKS1_)
    TPckg<NApplicationManagement::TDeplCompAttrType>::TPckg(const NApplicationManagement::TDeplCompAttrType&) 0x00008ae5   Thumb Code    12  ApplicationManagement.in(t._ZN5TPckgIN22NApplicationManagement17TDeplCompAttrTypeEEC1ERKS1_)
    TPckg<NApplicationManagement::TDeplCompAttrType>::TPckg__sub_object(const NApplicationManagement::TDeplCompAttrType&) 0x00008ae5   Thumb Code     0  ApplicationManagement.in(t._ZN5TPckgIN22NApplicationManagement17TDeplCompAttrTypeEEC1ERKS1_)
    TPckg<NApplicationManagement::TDeploymentComponentState>::TPckg(const NApplicationManagement::TDeploymentComponentState&) 0x00008af1   Thumb Code    12  ApplicationManagement.in(t._ZN5TPckgIN22NApplicationManagement25TDeploymentComponentStateEEC1ERKS1_)
    TPckg<NApplicationManagement::TDeploymentComponentState>::TPckg__sub_object(const NApplicationManagement::TDeploymentComponentState&) 0x00008af1   Thumb Code     0  ApplicationManagement.in(t._ZN5TPckgIN22NApplicationManagement25TDeploymentComponentStateEEC1ERKS1_)
    TPckg<int>::TPckg(const int&)            0x00008afd   Thumb Code    12  ApplicationManagement.in(t._ZN5TPckgIiEC1ERKi)
    TPckg<int>::TPckg__sub_object(const int&) 0x00008afd   Thumb Code     0  ApplicationManagement.in(t._ZN5TPckgIiEC1ERKi)
    TPckg<unsigned long>::TPckg(const unsigned long&) 0x00008b09   Thumb Code    12  ApplicationManagement.in(t._ZN5TPckgImEC1ERKm)
    TPckg<unsigned long>::TPckg__sub_object(const unsigned long&) 0x00008b09   Thumb Code     0  ApplicationManagement.in(t._ZN5TPckgImEC1ERKm)
    RArray<unsigned long>::AppendL(const unsigned long&) 0x00008b15   Thumb Code    12  ApplicationManagement.in(t._ZN6RArrayImE7AppendLERKm)
    TIpcArgs::TIpcArgs<TPckg<unsigned long>*, TPckg<NApplicationManagement::TDeplCompAttrType>*, TPckgBuf<int>*>(T1, T2, T3) 0x00008b21   Thumb Code    12  ApplicationManagement.in(t._ZN8TIpcArgsC1IP5TPckgImEPS1_IN22NApplicationManagement17TDeplCompAttrTypeEEP8TPckgBufIiEEET_T0_T1_)
    TIpcArgs::TIpcArgs__sub_object<TPckg<unsigned long>*, TPckg<NApplicationManagement::TDeplCompAttrType>*, TPckgBuf<int>*>(T1, T2, T3) 0x00008b21   Thumb Code     0  ApplicationManagement.in(t._ZN8TIpcArgsC1IP5TPckgImEPS1_IN22NApplicationManagement17TDeplCompAttrTypeEEP8TPckgBufIiEEET_T0_T1_)
    TIpcArgs::TIpcArgs<TPckg<unsigned long>*, TPckg<NApplicationManagement::TDeplCompAttrType>*, TPckg<int>*>(T1, T2, T3) 0x00008b2d   Thumb Code    12  ApplicationManagement.in(t._ZN8TIpcArgsC1IP5TPckgImEPS1_IN22NApplicationManagement17TDeplCompAttrTypeEEPS1_IiEEET_T0_T1_)
    TIpcArgs::TIpcArgs__sub_object<TPckg<unsigned long>*, TPckg<NApplicationManagement::TDeplCompAttrType>*, TPckg<int>*>(T1, T2, T3) 0x00008b2d   Thumb Code     0  ApplicationManagement.in(t._ZN8TIpcArgsC1IP5TPckgImEPS1_IN22NApplicationManagement17TDeplCompAttrTypeEEPS1_IiEEET_T0_T1_)
    TPckgBuf<int>::TPckgBuf()                0x00008b39   Thumb Code    26  ApplicationManagement.in(t._ZN8TPckgBufIiEC1Ev)
    TPckgBuf<int>::TPckgBuf__sub_object()    0x00008b39   Thumb Code     0  ApplicationManagement.in(t._ZN8TPckgBufIiEC1Ev)
    .ARM.exidx$$Base                         0x00008be4   Number         0  ucppinit_aeabi.o(.ARM.exidx)
    .ARM.exidx$$Limit                        0x00008cd4   Number         0  ApplicationManagement.in(.ARM.exidx)
    Image$$ER_RO$$Limit                      0x00008cd4   Number         0  anon$$obj.o(linker$$defined$$symbols)

